Archive member included to satisfy reference by file (symbol)

C:/Users/pete/.pico-sdk/toolchain/13_3_Rel1/bin/../lib/gcc/arm-none-eabi/13.3.1/thumb/v6-m/nofp\libgcc.a(_dvmd_tls.o)
                              CMakeFiles/blink.dir/C_/Users/pete/.pico-sdk/sdk/2.1.0/src/rp2_common/pico_divider/divider_hardware.S.obj (__aeabi_idiv0)
C:/Users/pete/.pico-sdk/toolchain/13_3_Rel1/bin/../lib/gcc/arm-none-eabi/13.3.1/thumb/v6-m/nofp\libg.a(libc_a-calloc.o)
                              CMakeFiles/blink.dir/C_/Users/pete/.pico-sdk/sdk/2.1.0/src/rp2_common/pico_malloc/malloc.c.obj (calloc)
C:/Users/pete/.pico-sdk/toolchain/13_3_Rel1/bin/../lib/gcc/arm-none-eabi/13.3.1/thumb/v6-m/nofp\libg.a(libc_a-callocr.o)
                              C:/Users/pete/.pico-sdk/toolchain/13_3_Rel1/bin/../lib/gcc/arm-none-eabi/13.3.1/thumb/v6-m/nofp\libg.a(libc_a-calloc.o) (_calloc_r)
C:/Users/pete/.pico-sdk/toolchain/13_3_Rel1/bin/../lib/gcc/arm-none-eabi/13.3.1/thumb/v6-m/nofp\libg.a(libc_a-malloc.o)
                              CMakeFiles/blink.dir/C_/Users/pete/.pico-sdk/sdk/2.1.0/src/rp2_common/pico_malloc/malloc.c.obj (malloc)
C:/Users/pete/.pico-sdk/toolchain/13_3_Rel1/bin/../lib/gcc/arm-none-eabi/13.3.1/thumb/v6-m/nofp\libg.a(libc_a-mallocr.o)
                              C:/Users/pete/.pico-sdk/toolchain/13_3_Rel1/bin/../lib/gcc/arm-none-eabi/13.3.1/thumb/v6-m/nofp\libg.a(libc_a-callocr.o) (_malloc_r)
C:/Users/pete/.pico-sdk/toolchain/13_3_Rel1/bin/../lib/gcc/arm-none-eabi/13.3.1/thumb/v6-m/nofp\libg.a(libc_a-mlock.o)
                              C:/Users/pete/.pico-sdk/toolchain/13_3_Rel1/bin/../lib/gcc/arm-none-eabi/13.3.1/thumb/v6-m/nofp\libg.a(libc_a-mallocr.o) (__malloc_lock)
C:/Users/pete/.pico-sdk/toolchain/13_3_Rel1/bin/../lib/gcc/arm-none-eabi/13.3.1/thumb/v6-m/nofp\libg.a(libc_a-realloc.o)
                              CMakeFiles/blink.dir/C_/Users/pete/.pico-sdk/sdk/2.1.0/src/rp2_common/pico_malloc/malloc.c.obj (realloc)
C:/Users/pete/.pico-sdk/toolchain/13_3_Rel1/bin/../lib/gcc/arm-none-eabi/13.3.1/thumb/v6-m/nofp\libg.a(libc_a-reallocr.o)
                              C:/Users/pete/.pico-sdk/toolchain/13_3_Rel1/bin/../lib/gcc/arm-none-eabi/13.3.1/thumb/v6-m/nofp\libg.a(libc_a-realloc.o) (_realloc_r)
C:/Users/pete/.pico-sdk/toolchain/13_3_Rel1/bin/../lib/gcc/arm-none-eabi/13.3.1/thumb/v6-m/nofp\libg.a(libc_a-scanf.o)
                              CMakeFiles/blink.dir/blink.c.obj (scanf)
C:/Users/pete/.pico-sdk/toolchain/13_3_Rel1/bin/../lib/gcc/arm-none-eabi/13.3.1/thumb/v6-m/nofp\libg.a(libc_a-memcmp.o)
                              CMakeFiles/blink.dir/C_/Users/pete/.pico-sdk/sdk/2.1.0/src/rp2_common/pico_atomic/atomic.c.obj (memcmp)
C:/Users/pete/.pico-sdk/toolchain/13_3_Rel1/bin/../lib/gcc/arm-none-eabi/13.3.1/thumb/v6-m/nofp\libg.a(libc_a-memmove.o)
                              C:/Users/pete/.pico-sdk/toolchain/13_3_Rel1/bin/../lib/gcc/arm-none-eabi/13.3.1/thumb/v6-m/nofp\libg.a(libc_a-reallocr.o) (memmove)
C:/Users/pete/.pico-sdk/toolchain/13_3_Rel1/bin/../lib/gcc/arm-none-eabi/13.3.1/thumb/v6-m/nofp\libg.a(libc_a-stpcpy.o)
                              CMakeFiles/blink.dir/blink.c.obj (stpcpy)
C:/Users/pete/.pico-sdk/toolchain/13_3_Rel1/bin/../lib/gcc/arm-none-eabi/13.3.1/thumb/v6-m/nofp\libg.a(libc_a-lcltime_r.o)
                              CMakeFiles/blink.dir/C_/Users/pete/.pico-sdk/sdk/2.1.0/src/common/pico_util/datetime.c.obj (localtime_r)
C:/Users/pete/.pico-sdk/toolchain/13_3_Rel1/bin/../lib/gcc/arm-none-eabi/13.3.1/thumb/v6-m/nofp\libg.a(libc_a-mktime.o)
                              CMakeFiles/blink.dir/C_/Users/pete/.pico-sdk/sdk/2.1.0/src/common/pico_util/datetime.c.obj (mktime)
C:/Users/pete/.pico-sdk/toolchain/13_3_Rel1/bin/../lib/gcc/arm-none-eabi/13.3.1/thumb/v6-m/nofp\libg.a(libc_a-month_lengths.o)
                              C:/Users/pete/.pico-sdk/toolchain/13_3_Rel1/bin/../lib/gcc/arm-none-eabi/13.3.1/thumb/v6-m/nofp\libg.a(libc_a-lcltime_r.o) (__month_lengths)
C:/Users/pete/.pico-sdk/toolchain/13_3_Rel1/bin/../lib/gcc/arm-none-eabi/13.3.1/thumb/v6-m/nofp\libg.a(libc_a-tzcalc_limits.o)
                              C:/Users/pete/.pico-sdk/toolchain/13_3_Rel1/bin/../lib/gcc/arm-none-eabi/13.3.1/thumb/v6-m/nofp\libg.a(libc_a-lcltime_r.o) (__tzcalc_limits)
C:/Users/pete/.pico-sdk/toolchain/13_3_Rel1/bin/../lib/gcc/arm-none-eabi/13.3.1/thumb/v6-m/nofp\libg.a(libc_a-tzlock.o)
                              C:/Users/pete/.pico-sdk/toolchain/13_3_Rel1/bin/../lib/gcc/arm-none-eabi/13.3.1/thumb/v6-m/nofp\libg.a(libc_a-lcltime_r.o) (__tz_lock)
C:/Users/pete/.pico-sdk/toolchain/13_3_Rel1/bin/../lib/gcc/arm-none-eabi/13.3.1/thumb/v6-m/nofp\libg.a(libc_a-tzset.o)
                              C:/Users/pete/.pico-sdk/toolchain/13_3_Rel1/bin/../lib/gcc/arm-none-eabi/13.3.1/thumb/v6-m/nofp\libg.a(libc_a-lcltime_r.o) (_tzset_unlocked)
C:/Users/pete/.pico-sdk/toolchain/13_3_Rel1/bin/../lib/gcc/arm-none-eabi/13.3.1/thumb/v6-m/nofp\libg.a(libc_a-tzset_r.o)
[...]
Memory Configuration

Name             Origin             Length             Attributes
FLASH            0x10000000         0x00200000         xr
RAM              0x20000000         0x00040000         xrw
SCRATCH_X        0x20040000         0x00001000         xrw
SCRATCH_Y        0x20041000         0x00001000         xrw
*default*        0x00000000         0xffffffff

Linker script and memory map

LOAD C:/Users/pete/.pico-sdk/toolchain/13_3_Rel1/bin/../lib/gcc/arm-none-eabi/13.3.1/thumb/v6-m/nofp/crti.o
LOAD C:/Users/pete/.pico-sdk/toolchain/13_3_Rel1/bin/../lib/gcc/arm-none-eabi/13.3.1/thumb/v6-m/nofp/crtbegin.o
LOAD C:/Users/pete/.pico-sdk/toolchain/13_3_Rel1/bin/../lib/gcc/arm-none-eabi/13.3.1/thumb/v6-m/nofp/crt0.o

.flash_begin    0x10000000        0x0
                0x10000000                        __flash_binary_start = .

.boot2          0x10000000      0x100
                0x10000000                        __boot2_start__ = .
 *(.boot2)
 .boot2         0x10000000      0x100 pico-sdk/src/rp2040/boot_stage2/CMakeFiles/bs2_default_library.dir/./bs2_default_padded_checksummed.S.obj
                0x10000100                        __boot2_end__ = .
                0x00000001                        ASSERT (((__boot2_end__ - __boot2_start__) == 0x100), ERROR: Pico second stage bootloader must be 256 bytes in size)

.text           0x10000100     0xd1ec
                0x10000100                        __logical_binary_start = .
 *(.vectors)
 .vectors       0x10000100       0xd4 CMakeFiles/blink.dir/C_/Users/pete/.pico-sdk/sdk/2.1.0/src/rp2_common/pico_crt0/crt0.S.obj
                0x10000100                __VECTOR_TABLE
                0x10000100                __vectors
                0x100001c0                isr_invalid
                0x100001c0                __default_isrs_start
                0x100001c2                isr_nmi
                0x100001c4                isr_hardfault
                0x100001c6                isr_svcall
                0x100001c8                isr_pendsv
                0x100001ca                isr_systick
                0x100001cc                isr_irq23
                0x100001cc                isr_irq18
                0x100001cc                isr_irq11
                0x100001cc                isr_irq28
                0x100001cc                isr_irq19
                0x100001cc                isr_irq0
                0x100001cc                isr_irq6
                0x100001cc                isr_irq5
                0x100001cc                isr_irq12
                0x100001cc                isr_irq22
                0x100001cc                isr_irq31
                0x100001cc                isr_irq17
                0x100001cc                isr_irq27
                0x100001cc                isr_irq30
                0x100001cc                isr_irq2
                0x100001cc                isr_irq10
                0x100001cc                isr_irq8
                0x100001cc                isr_irq24
                0x100001cc                isr_irq1
                0x100001cc                isr_irq7
                0x100001cc                isr_irq21
                0x100001cc                isr_irq20
                0x100001cc                isr_irq15
                0x100001cc                isr_irq25
                0x100001cc                isr_irq13
                0x100001cc                __unhandled_user_irq
                0x100001cc                isr_irq4
                0x100001cc                isr_irq16
                0x100001cc                isr_irq29
                0x100001cc                isr_irq26
                0x100001cc                __default_isrs_end
                0x100001cc                isr_irq3
                0x100001cc                isr_irq14
                0x100001cc                isr_irq9
                0x100001d2                unhandled_user_irq_num_in_r0
 *(.binary_info_header)
 .binary_info_header
                0x100001d4       0x14 CMakeFiles/blink.dir/C_/Users/pete/.pico-sdk/sdk/2.1.0/src/rp2_common/pico_crt0/crt0.S.obj
                0x100001e8                        __binary_info_header_end = .
 *(.embedded_block)
                0x100001e8                        __embedded_block_end = .
 *(.reset)
 .reset         0x100001e8       0x9c CMakeFiles/blink.dir/C_/Users/pete/.pico-sdk/sdk/2.1.0/src/rp2_common/pico_crt0/crt0.S.obj
                0x100001e8                _entry_point
 *(.init)
 .init          0x10000284        0x4 C:/Users/pete/.pico-sdk/toolchain/13_3_Rel1/bin/../lib/gcc/arm-none-eabi/13.3.1/thumb/v6-m/nofp/crti.o
                0x10000284                _init
 *(EXCLUDE_FILE(*libm.a: *libc.a:*lib_a-mem*.o *libgcc.a:) .text*)
 .text.register_tm_clones
                0x10000288       0x28 C:/Users/pete/.pico-sdk/toolchain/13_3_Rel1/bin/../lib/gcc/arm-none-eabi/13.3.1/thumb/v6-m/nofp/crtbegin.o
 .text.frame_dummy
                0x100002b0       0x24 C:/Users/pete/.pico-sdk/toolchain/13_3_Rel1/bin/../lib/gcc/arm-none-eabi/13.3.1/thumb/v6-m/nofp/crtbegin.o
 .text.pico_I2C_init
                0x100002d4       0x3c CMakeFiles/blink.dir/blink.c.obj
                0x100002d4                pico_I2C_init
 .text.startup.main
                0x10000310      0x8a8 CMakeFiles/blink.dir/blink.c.obj
                0x10000310                main
 .text.rfm96_set_mode
                0x10000bb8       0xb8 CMakeFiles/blink.dir/src/rfm96.c.obj
                0x10000bb8                rfm96_set_mode
 .text.rfm96_set_bandwidth
                0x10000c70      0x244 CMakeFiles/blink.dir/src/rfm96.c.obj
                0x10000c70                rfm96_set_bandwidth
 .text.rfm96_set_tx_power
                0x10000eb4      0x208 CMakeFiles/blink.dir/src/rfm96.c.obj
                0x10000eb4                rfm96_set_tx_power
 .text.rfm96_init
                0x100010bc      0xd7c CMakeFiles/blink.dir/src/rfm96.c.obj
                0x100010bc                rfm96_init
 .text.rfm96_tx_done
                0x10001e38        0xc CMakeFiles/blink.dir/src/rfm96.c.obj
                0x10001e38                rfm96_tx_done
 .text.rfm96_rx_done
                0x10001e44        0xc CMakeFiles/blink.dir/src/rfm96.c.obj
                0x10001e44                rfm96_rx_done
 .text.rfm96_packet_to_fifo
                0x10001e50      0x278 CMakeFiles/blink.dir/src/rfm96.c.obj
                0x10001e50                rfm96_packet_to_fifo
 .text.rfm96_packet_from_fifo
                0x100020c8      0x37c CMakeFiles/blink.dir/src/rfm96.c.obj
                0x100020c8                rfm96_packet_from_fifo
 .text.red      0x10002444       0x38 CMakeFiles/blink.dir/src/ws2812.c.obj
                0x10002444                red
 .text.green    0x1000247c       0x38 CMakeFiles/blink.dir/src/ws2812.c.obj
                0x1000247c                green
 .text.white    0x100024b4       0x38 CMakeFiles/blink.dir/src/ws2812.c.obj
                0x100024b4                white
 .text.ws2812_init
                0x100024ec      0x10c CMakeFiles/blink.dir/src/ws2812.c.obj
                0x100024ec                ws2812_init
 .text.gpio_set_function
                0x100025f8       0x34 CMakeFiles/blink.dir/C_/Users/pete/.pico-sdk/sdk/2.1.0/src/rp2_common/hardware_gpio/gpio.c.obj
                0x100025f8                gpio_set_function
 .text.gpio_set_pulls
                0x1000262c       0x28 CMakeFiles/blink.dir/C_/Users/pete/.pico-sdk/sdk/2.1.0/src/rp2_common/hardware_gpio/gpio.c.obj
                0x1000262c                gpio_set_pulls
 .text.gpio_init
                0x10002654       0x40 CMakeFiles/blink.dir/C_/Users/pete/.pico-sdk/sdk/2.1.0/src/rp2_common/hardware_gpio/gpio.c.obj
                0x10002654                gpio_init
 .text.panic    0x10002694       0x30 CMakeFiles/blink.dir/C_/Users/pete/.pico-sdk/sdk/2.1.0/src/rp2_common/pico_platform_panic/panic.c.obj
                0x10002694                panic
 .text.hw_claim_lock
                0x100026c4       0x18 CMakeFiles/blink.dir/C_/Users/pete/.pico-sdk/sdk/2.1.0/src/common/hardware_claim/claim.c.obj
                0x100026c4                hw_claim_lock
 .text.hw_claim_unlock
                0x100026dc       0x14 CMakeFiles/blink.dir/C_/Users/pete/.pico-sdk/sdk/2.1.0/src/common/hardware_claim/claim.c.obj
                0x100026dc                hw_claim_unlock
 .text.hw_claim_or_assert
                0x100026f0       0x44 CMakeFiles/blink.dir/C_/Users/pete/.pico-sdk/sdk/2.1.0/src/common/hardware_claim/claim.c.obj
                0x100026f0                hw_claim_or_assert
 .text.hw_claim_unused_from_range
                0x10002734       0x9c CMakeFiles/blink.dir/C_/Users/pete/.pico-sdk/sdk/2.1.0/src/common/hardware_claim/claim.c.obj
                0x10002734                hw_claim_unused_from_range
 .text.hw_claim_clear
                0x100027d0       0x38 CMakeFiles/blink.dir/C_/Users/pete/.pico-sdk/sdk/2.1.0/src/common/hardware_claim/claim.c.obj
                0x100027d0                hw_claim_clear
 .text.next_striped_spin_lock_num
                0x10002808       0x18 CMakeFiles/blink.dir/C_/Users/pete/.pico-sdk/sdk/2.1.0/src/rp2_common/hardware_sync/sync.c.obj
                0x10002808                next_striped_spin_lock_num
 .text.spin_locks_reset
                0x10002820       0x1c CMakeFiles/blink.dir/C_/Users/pete/.pico-sdk/sdk/2.1.0/src/rp2_common/hardware_sync_spin_lock/sync_spin_lock.c.obj
                0x10002820                spin_locks_reset
 .text.runtime_init_per_core_irq_priorities
                0x1000283c       0x24 CMakeFiles/blink.dir/C_/Users/pete/.pico-sdk/sdk/2.1.0/src/rp2_common/hardware_irq/irq.c.obj
                0x1000283c                runtime_init_per_core_irq_priorities
 .text.irq_set_enabled
                0x10002860       0x24 CMakeFiles/blink.dir/C_/Users/pete/.pico-sdk/sdk/2.1.0/src/rp2_common/hardware_irq/irq.c.obj
                0x10002860                irq_set_enabled
 .text.irq_set_exclusive_handler
                0x10002884       0x54 CMakeFiles/blink.dir/C_/Users/pete/.pico-sdk/sdk/2.1.0/src/rp2_common/hardware_irq/irq.c.obj
                0x10002884                irq_set_exclusive_handler
 .text.irq_remove_handler
                0x100028d8      0x1d4 CMakeFiles/blink.dir/C_/Users/pete/.pico-sdk/sdk/2.1.0/src/rp2_common/hardware_irq/irq.c.obj
                0x100028d8                irq_remove_handler
 .text.irq_add_tail_to_free_list
                0x10002aac       0xb4 CMakeFiles/blink.dir/C_/Users/pete/.pico-sdk/sdk/2.1.0/src/rp2_common/hardware_irq/irq.c.obj
                0x10002aac                irq_add_tail_to_free_list
 .text.lock_init
                0x10002b60       0x10 CMakeFiles/blink.dir/C_/Users/pete/.pico-sdk/sdk/2.1.0/src/common/pico_sync/lock_core.c.obj
                0x10002b60                lock_init
 .text.runtime_init_mutex
                0x10002b70       0x50 CMakeFiles/blink.dir/C_/Users/pete/.pico-sdk/sdk/2.1.0/src/common/pico_sync/mutex.c.obj
                0x10002b70                runtime_init_mutex
 .text.sleep_until_callback
                0x10002bc0       0x30 CMakeFiles/blink.dir/C_/Users/pete/.pico-sdk/sdk/2.1.0/src/common/pico_time/time.c.obj
 .text.alarm_pool_irq_handler
                0x10002bf0      0x2fc CMakeFiles/blink.dir/C_/Users/pete/.pico-sdk/sdk/2.1.0/src/common/pico_time/time.c.obj
 .text.runtime_init_default_alarm_pool
                0x10002eec       0xdc CMakeFiles/blink.dir/C_/Users/pete/.pico-sdk/sdk/2.1.0/src/common/pico_time/time.c.obj
                0x10002eec                runtime_init_default_alarm_pool
 .text.alarm_pool_add_alarm_at_force_in_context
                0x10002fc8       0xb0 CMakeFiles/blink.dir/C_/Users/pete/.pico-sdk/sdk/2.1.0/src/common/pico_time/time.c.obj
                0x10002fc8                alarm_pool_add_alarm_at_force_in_context
 .text.alarm_pool_cancel_alarm
                0x10003078       0x74 CMakeFiles/blink.dir/C_/Users/pete/.pico-sdk/sdk/2.1.0/src/common/pico_time/time.c.obj
                0x10003078                alarm_pool_cancel_alarm
 .text.sleep_until
                0x100030ec       0xd8 CMakeFiles/blink.dir/C_/Users/pete/.pico-sdk/sdk/2.1.0/src/common/pico_time/time.c.obj
                0x100030ec                sleep_until
 .text.sleep_us
                0x100031c4       0x28 CMakeFiles/blink.dir/C_/Users/pete/.pico-sdk/sdk/2.1.0/src/common/pico_time/time.c.obj
                0x100031c4                sleep_us
 .text.sleep_ms
                0x100031ec       0x38 CMakeFiles/blink.dir/C_/Users/pete/.pico-sdk/sdk/2.1.0/src/common/pico_time/time.c.obj
                0x100031ec                sleep_ms
 .text.best_effort_wfe_or_timeout
                0x10003224       0xe0 CMakeFiles/blink.dir/C_/Users/pete/.pico-sdk/sdk/2.1.0/src/common/pico_time/time.c.obj
                0x10003224                best_effort_wfe_or_timeout
 .text.check_single_timeout_us
                0x10003304       0x28 CMakeFiles/blink.dir/C_/Users/pete/.pico-sdk/sdk/2.1.0/src/common/pico_time/timeout_helper.c.obj
 .text.init_single_timeout_until
                0x1000332c        0xc CMakeFiles/blink.dir/C_/Users/pete/.pico-sdk/sdk/2.1.0/src/common/pico_time/timeout_helper.c.obj
                0x1000332c                init_single_timeout_until
 .text.timer_hardware_alarm_claim
                0x10003338       0x14 CMakeFiles/blink.dir/C_/Users/pete/.pico-sdk/sdk/2.1.0/src/rp2_common/hardware_timer/timer.c.obj
                0x10003338                timer_hardware_alarm_claim
 .text.timer_time_us_64
                0x1000334c       0x10 CMakeFiles/blink.dir/C_/Users/pete/.pico-sdk/sdk/2.1.0/src/rp2_common/hardware_timer/timer.c.obj
                0x1000334c                timer_time_us_64
 .text.time_us_64
                0x1000335c       0x14 CMakeFiles/blink.dir/C_/Users/pete/.pico-sdk/sdk/2.1.0/src/rp2_common/hardware_timer/timer.c.obj
                0x1000335c                time_us_64
 .text.busy_wait_us
                0x10003370       0x68 CMakeFiles/blink.dir/C_/Users/pete/.pico-sdk/sdk/2.1.0/src/rp2_common/hardware_timer/timer.c.obj
                0x10003370                busy_wait_us
 .text.busy_wait_ms
                0x100033d8       0x9c CMakeFiles/blink.dir/C_/Users/pete/.pico-sdk/sdk/2.1.0/src/rp2_common/hardware_timer/timer.c.obj
                0x100033d8                busy_wait_ms
 .text.busy_wait_until
                0x10003474       0x20 CMakeFiles/blink.dir/C_/Users/pete/.pico-sdk/sdk/2.1.0/src/rp2_common/hardware_timer/timer.c.obj
                0x10003474                busy_wait_until
 .text.uart_init
                0x10003494      0x120 CMakeFiles/blink.dir/C_/Users/pete/.pico-sdk/sdk/2.1.0/src/rp2_common/hardware_uart/uart.c.obj
                0x10003494                uart_init
 .text.clock_configure_int_divider
                0x100035b4       0xf4 CMakeFiles/blink.dir/C_/Users/pete/.pico-sdk/sdk/2.1.0/src/rp2_common/hardware_clocks/clocks.c.obj
                0x100035b4                clock_configure_int_divider
 .text.clock_configure_undivided
                0x100036a8       0xe8 CMakeFiles/blink.dir/C_/Users/pete/.pico-sdk/sdk/2.1.0/src/rp2_common/hardware_clocks/clocks.c.obj
                0x100036a8                clock_configure_undivided
 .text.clock_get_hz
                0x10003790        0xc CMakeFiles/blink.dir/C_/Users/pete/.pico-sdk/sdk/2.1.0/src/rp2_common/hardware_clocks/clocks.c.obj
                0x10003790                clock_get_hz
 .text.pll_init
                0x1000379c       0xa4 CMakeFiles/blink.dir/C_/Users/pete/.pico-sdk/sdk/2.1.0/src/rp2_common/hardware_pll/pll.c.obj
                0x1000379c                pll_init
 .text.tick_start
                0x10003840       0x10 CMakeFiles/blink.dir/C_/Users/pete/.pico-sdk/sdk/2.1.0/src/rp2_common/hardware_ticks/ticks.c.obj
                0x10003840                tick_start
 .text.rom_func_lookup
                0x10003850       0x10 CMakeFiles/blink.dir/C_/Users/pete/.pico-sdk/sdk/2.1.0/src/rp2_common/pico_bootrom/bootrom.c.obj
                0x10003850                rom_func_lookup
 .text.rom_data_lookup
                0x10003860       0x10 CMakeFiles/blink.dir/C_/Users/pete/.pico-sdk/sdk/2.1.0/src/rp2_common/pico_bootrom/bootrom.c.obj
                0x10003860                rom_data_lookup
 .text.rom_funcs_lookup
                0x10003870       0x44 CMakeFiles/blink.dir/C_/Users/pete/.pico-sdk/sdk/2.1.0/src/rp2_common/pico_bootrom/bootrom.c.obj
                0x10003870                rom_funcs_lookup
 .text.xosc_init
                0x100038b4       0x28 CMakeFiles/blink.dir/C_/Users/pete/.pico-sdk/sdk/2.1.0/src/rp2_common/hardware_xosc/xosc.c.obj
                0x100038b4                xosc_init
 .text.first_per_core_initializer
                0x100038dc        0x4 CMakeFiles/blink.dir/C_/Users/pete/.pico-sdk/sdk/2.1.0/src/rp2_common/pico_runtime/runtime.c.obj
 .text.hard_assertion_failure
                0x100038e0        0xc CMakeFiles/blink.dir/C_/Users/pete/.pico-sdk/sdk/2.1.0/src/rp2_common/pico_runtime/runtime.c.obj
                0x100038e0                hard_assertion_failure
 .text.runtime_run_initializers
                0x100038ec       0x28 CMakeFiles/blink.dir/C_/Users/pete/.pico-sdk/sdk/2.1.0/src/rp2_common/pico_runtime/runtime.c.obj
                0x100038ec                runtime_run_initializers
 .text.runtime_init_early_resets
                0x10003914       0x2c CMakeFiles/blink.dir/C_/Users/pete/.pico-sdk/sdk/2.1.0/src/rp2_common/pico_runtime_init/runtime_init.c.obj
                0x10003914                runtime_init_early_resets
 .text.runtime_init_usb_power_down
                0x10003940       0x1c CMakeFiles/blink.dir/C_/Users/pete/.pico-sdk/sdk/2.1.0/src/rp2_common/pico_runtime_init/runtime_init.c.obj
                0x10003940                runtime_init_usb_power_down
 .text.runtime_init_post_clock_resets
                0x1000395c       0x20 CMakeFiles/blink.dir/C_/Users/pete/.pico-sdk/sdk/2.1.0/src/rp2_common/pico_runtime_init/runtime_init.c.obj
                0x1000395c                runtime_init_post_clock_resets
 .text.runtime_init_rp2040_gpio_ie_disable
                0x1000397c       0x14 CMakeFiles/blink.dir/C_/Users/pete/.pico-sdk/sdk/2.1.0/src/rp2_common/pico_runtime_init/runtime_init.c.obj
                0x1000397c                runtime_init_rp2040_gpio_ie_disable
 .text.runtime_init_spin_locks_reset
                0x10003990        0x8 CMakeFiles/blink.dir/C_/Users/pete/.pico-sdk/sdk/2.1.0/src/rp2_common/pico_runtime_init/runtime_init.c.obj
                0x10003990                runtime_init_spin_locks_reset
 .text.runtime_init_install_ram_vector_table
                0x10003998       0x1c CMakeFiles/blink.dir/C_/Users/pete/.pico-sdk/sdk/2.1.0/src/rp2_common/pico_runtime_init/runtime_init.c.obj
                0x10003998                runtime_init_install_ram_vector_table
 .text.runtime_init_clocks
                0x100039b4       0xd8 CMakeFiles/blink.dir/C_/Users/pete/.pico-sdk/sdk/2.1.0/src/rp2_common/pico_runtime_init/runtime_init_clocks.c.obj
                0x100039b4                runtime_init_clocks
 .text          0x10003a8c       0x10 CMakeFiles/blink.dir/C_/Users/pete/.pico-sdk/sdk/2.1.0/src/rp2_common/pico_bit_ops/bit_ops_aeabi.S.obj
 .text.__wrap___aeabi_idiv
                0x10003a9c       0x50 CMakeFiles/blink.dir/C_/Users/pete/.pico-sdk/sdk/2.1.0/src/rp2_common/pico_divider/divider_hardware.S.obj
                0x10003a9c                __wrap___aeabi_idivmod
                0x10003a9c                divmod_s32s32
                0x10003a9c                div_s32s32
                0x10003a9c                __wrap___aeabi_idiv
                0x10003aa4                divmod_s32s32_unsafe
                0x10003ad0                divmod_s32s32_savestate
 .text.__wrap___aeabi_uidiv
                0x10003aec       0x4c CMakeFiles/blink.dir/C_/Users/pete/.pico-sdk/sdk/2.1.0/src/rp2_common/pico_divider/divider_hardware.S.obj
                0x10003aec                __wrap___aeabi_uidiv
                0x10003aec                __wrap___aeabi_uidivmod
                0x10003aec                div_u32u32
                0x10003aec                divmod_u32u32
                0x10003af4                divmod_u32u32_unsafe
                0x10003b1c                divmod_u32u32_savestate
 .text.__wrap___aeabi_ldiv
                0x10003b38      0x424 CMakeFiles/blink.dir/C_/Users/pete/.pico-sdk/sdk/2.1.0/src/rp2_common/pico_divider/divider_hardware.S.obj
                0x10003b38                div_s64s64
                0x10003b38                divmod_s64s64
                0x10003b38                __wrap___aeabi_ldivmod
                0x10003b68                divmod_u64u64
                0x10003b68                div_u64u64
                0x10003b68                __wrap___aeabi_uldivmod
                0x10003b78                divmod_u64u64_savestate
                0x10003b98                divmod_s64s64_unsafe
                0x10003c20                divmod_u64u64_unsafe
 .text.__wrap___aeabi_darithmetic
                0x10003f5c       0x80 CMakeFiles/blink.dir/C_/Users/pete/.pico-sdk/sdk/2.1.0/src/rp2_common/pico_double/double_aeabi_rp2040.S.obj
                0x10003f5c                __wrap___aeabi_drsub
                0x10003f62                __wrap___aeabi_dsub
                0x10003f74                __wrap___aeabi_dadd
                0x10003f86                __wrap___aeabi_ddiv
                0x10003fc2                __wrap___aeabi_dmul
 .text.__wrap___aeabi_cdcmple
                0x10003fdc       0x6c CMakeFiles/blink.dir/C_/Users/pete/.pico-sdk/sdk/2.1.0/src/rp2_common/pico_double/double_aeabi_rp2040.S.obj
                0x10003fdc                __wrap___aeabi_cdrcmple
                0x10003fec                __wrap___aeabi_cdcmpeq
                0x10003fec                __wrap___aeabi_cdcmple
 .text.__wrap___aeabi_dcmpeq
                0x10004048       0x10 CMakeFiles/blink.dir/C_/Users/pete/.pico-sdk/sdk/2.1.0/src/rp2_common/pico_double/double_aeabi_rp2040.S.obj
                0x10004048                __wrap___aeabi_dcmpeq
 .text.__wrap___aeabi_dcmplt
                0x10004058        0xc CMakeFiles/blink.dir/C_/Users/pete/.pico-sdk/sdk/2.1.0/src/rp2_common/pico_double/double_aeabi_rp2040.S.obj
                0x10004058                __wrap___aeabi_dcmplt
 .text.__wrap___aeabi_dcmple
                0x10004064       0x10 CMakeFiles/blink.dir/C_/Users/pete/.pico-sdk/sdk/2.1.0/src/rp2_common/pico_double/double_aeabi_rp2040.S.obj
                0x10004064                __wrap___aeabi_dcmple
 .text.__wrap___aeabi_dcmpge
                0x10004074       0x10 CMakeFiles/blink.dir/C_/Users/pete/.pico-sdk/sdk/2.1.0/src/rp2_common/pico_double/double_aeabi_rp2040.S.obj
                0x10004074                __wrap___aeabi_dcmpge
 .text.__wrap___aeabi_dcmpgt
                0x10004084        0xa CMakeFiles/blink.dir/C_/Users/pete/.pico-sdk/sdk/2.1.0/src/rp2_common/pico_double/double_aeabi_rp2040.S.obj
                0x10004084                __wrap___aeabi_dcmpgt
 .text.__wrap___aeabi_dcmpun
                0x1000408e       0x18 CMakeFiles/blink.dir/C_/Users/pete/.pico-sdk/sdk/2.1.0/src/rp2_common/pico_double/double_aeabi_rp2040.S.obj
                0x1000408e                __wrap___aeabi_dcmpun
 *fill*         0x100040a6        0x2 
 .text.__wrap___aeabi_i2d
                0x100040a8       0x38 CMakeFiles/blink.dir/C_/Users/pete/.pico-sdk/sdk/2.1.0/src/rp2_common/pico_double/double_aeabi_rp2040.S.obj
                0x100040a8                __wrap___aeabi_ui2d
                0x100040b0                __wrap___aeabi_i2d
 .text.__wrap___aeabi_d2iz
                0x100040e0       0x48 CMakeFiles/blink.dir/C_/Users/pete/.pico-sdk/sdk/2.1.0/src/rp2_common/pico_double/double_aeabi_rp2040.S.obj
                0x100040e0                double2int_z
                0x100040e0                __wrap___aeabi_d2iz
 .text.__wrap___aeabi_d2uiz
                0x10004128       0x18 CMakeFiles/blink.dir/C_/Users/pete/.pico-sdk/sdk/2.1.0/src/rp2_common/pico_double/double_aeabi_rp2040.S.obj
                0x10004128                __wrap___aeabi_d2uiz
                0x10004128                double2uint
 .text.__wrap___aeabi_l2d
                0x10004140       0x18 CMakeFiles/blink.dir/C_/Users/pete/.pico-sdk/sdk/2.1.0/src/rp2_common/pico_double/double_aeabi_rp2040.S.obj
                0x10004140                __wrap___aeabi_l2d
 .text.__wrap___aeabi_d2lz
                0x10004158       0x26 CMakeFiles/blink.dir/C_/Users/pete/.pico-sdk/sdk/2.1.0/src/rp2_common/pico_double/double_aeabi_rp2040.S.obj
                0x10004158                double2int64_z
                0x10004158                __wrap___aeabi_d2lz
 *fill*         0x1000417e        0x2 
 .text.double2int64
                0x10004180       0x18 CMakeFiles/blink.dir/C_/Users/pete/.pico-sdk/sdk/2.1.0/src/rp2_common/pico_double/double_aeabi_rp2040.S.obj
                0x10004180                double2int64
 .text.double2ufix64
                0x10004198       0x18 CMakeFiles/blink.dir/C_/Users/pete/.pico-sdk/sdk/2.1.0/src/rp2_common/pico_double/double_aeabi_rp2040.S.obj
                0x10004198                double2ufix64
 .text.__wrap___aeabi_d2f
                0x100041b0       0x18 CMakeFiles/blink.dir/C_/Users/pete/.pico-sdk/sdk/2.1.0/src/rp2_common/pico_double/double_aeabi_rp2040.S.obj
                0x100041b0                __wrap___aeabi_d2f
 .text.__aeabi_double_init
                0x100041c8       0xa4 CMakeFiles/blink.dir/C_/Users/pete/.pico-sdk/sdk/2.1.0/src/rp2_common/pico_double/double_init_rom_rp2040.c.obj
                0x100041c8                __aeabi_double_init
 .text.double_table_shim_on_use_helper
                0x1000426c       0x2c CMakeFiles/blink.dir/C_/Users/pete/.pico-sdk/sdk/2.1.0/src/rp2_common/pico_double/double_v1_rom_shim_rp2040.S.obj
                0x1000426c                double_table_shim_on_use_helper
 .text.__wrap___aeabi_dsub
                0x10004298       0x10 CMakeFiles/blink.dir/C_/Users/pete/.pico-sdk/sdk/2.1.0/src/rp2_common/pico_double/double_v1_rom_shim_rp2040.S.obj
                0x10004298                drsub_shim
                0x1000429e                dsub_shim
 .text.dadd_shim
                0x100042a8      0x15c CMakeFiles/blink.dir/C_/Users/pete/.pico-sdk/sdk/2.1.0/src/rp2_common/pico_double/double_v1_rom_shim_rp2040.S.obj
                0x100042a8                dadd_shim
 .text.dmul_shim
                0x10004404      0x15c CMakeFiles/blink.dir/C_/Users/pete/.pico-sdk/sdk/2.1.0/src/rp2_common/pico_double/double_v1_rom_shim_rp2040.S.obj
                0x10004404                dmul_shim
 .text.ddiv_shim
                0x10004560      0x1b0 CMakeFiles/blink.dir/C_/Users/pete/.pico-sdk/sdk/2.1.0/src/rp2_common/pico_double/double_v1_rom_shim_rp2040.S.obj
                0x10004560                ddiv_shim
 .text.double2uint_shim
                0x10004710        0xe CMakeFiles/blink.dir/C_/Users/pete/.pico-sdk/sdk/2.1.0/src/rp2_common/pico_double/double_v1_rom_shim_rp2040.S.obj
                0x10004710                double2uint_shim
                0x10004712                double2ufix_shim
 .text.double2int64_shim
                0x1000471e       0x1a CMakeFiles/blink.dir/C_/Users/pete/.pico-sdk/sdk/2.1.0/src/rp2_common/pico_double/double_v1_rom_shim_rp2040.S.obj
                0x1000471e                double2int64_shim
                0x10004720                double2fix64_shim
 .text.double2uint64_shim
                0x10004738       0x70 CMakeFiles/blink.dir/C_/Users/pete/.pico-sdk/sdk/2.1.0/src/rp2_common/pico_double/double_v1_rom_shim_rp2040.S.obj
                0x10004738                double2uint64_shim
                0x1000473a                double2ufix64_shim
                0x1000475a                d2fix_a
 .text.double2float_shim
                0x100047a8       0x5c CMakeFiles/blink.dir/C_/Users/pete/.pico-sdk/sdk/2.1.0/src/rp2_common/pico_double/double_v1_rom_shim_rp2040.S.obj
                0x100047a8                double2float_shim
 .text.x2double_shims
                0x10004804       0x90 CMakeFiles/blink.dir/C_/Users/pete/.pico-sdk/sdk/2.1.0/src/rp2_common/pico_double/double_v1_rom_shim_rp2040.S.obj
                0x10004804                uint2double_shim
                0x10004806                ufix2double_shim
                0x1000480c                int2double_shim
                0x1000480e                fix2double_shim
                0x10004814                uint642double_shim
                0x10004816                ufix642double_shim
                0x1000481c                int642double_shim
                0x1000481e                fix642double_shim
 .text.dunpacks
                0x10004894       0x3c CMakeFiles/blink.dir/C_/Users/pete/.pico-sdk/sdk/2.1.0/src/rp2_common/pico_double/double_v1_rom_shim_rp2040.S.obj
                0x10004894                dunpacks
 .text.__aeabi_lmul
                0x100048d0       0x32 CMakeFiles/blink.dir/C_/Users/pete/.pico-sdk/sdk/2.1.0/src/rp2_common/pico_int64_ops/pico_int64_ops_aeabi.S.obj
                0x100048d0                __wrap___aeabi_lmul
 *fill*         0x10004902        0x2 
 .text.__wrap___aeabi_farithmetic
                0x10004904       0x48 CMakeFiles/blink.dir/C_/Users/pete/.pico-sdk/sdk/2.1.0/src/rp2_common/pico_float/float_aeabi_rp2040.S.obj
                0x10004904                __wrap___aeabi_frsub
                0x1000490a                __wrap___aeabi_fsub
                0x10004910                __wrap___aeabi_fadd
                0x10004916                __wrap___aeabi_fdiv
                0x1000493e                __wrap___aeabi_fmul
 .text.__wrap___aeabi_ui2f
                0x1000494c        0xa CMakeFiles/blink.dir/C_/Users/pete/.pico-sdk/sdk/2.1.0/src/rp2_common/pico_float/float_aeabi_rp2040.S.obj
                0x1000494c                __wrap___aeabi_ui2f
                0x1000494c                uint2float
 *fill*         0x10004956        0x2 
 .text.__wrap___aeabi_i2f
                0x10004958       0x44 CMakeFiles/blink.dir/C_/Users/pete/.pico-sdk/sdk/2.1.0/src/rp2_common/pico_float/float_aeabi_rp2040.S.obj
                0x10004958                __wrap___aeabi_i2f
                0x10004958                int2float
 .text.__wrap___aeabi_f2uiz
                0x1000499c        0xc CMakeFiles/blink.dir/C_/Users/pete/.pico-sdk/sdk/2.1.0/src/rp2_common/pico_float/float_aeabi_rp2040.S.obj
                0x1000499c                __wrap___aeabi_f2uiz
                0x1000499c                float2uint_z
 .text.__aeabi_float_init
                0x100049a8       0x64 CMakeFiles/blink.dir/C_/Users/pete/.pico-sdk/sdk/2.1.0/src/rp2_common/pico_float/float_init_rom_rp2040.c.obj
                0x100049a8                __aeabi_float_init
 .text.float_table_shim_on_use_helper
                0x10004a0c       0x2c CMakeFiles/blink.dir/C_/Users/pete/.pico-sdk/sdk/2.1.0/src/rp2_common/pico_float/float_v1_rom_shim_rp2040.S.obj
                0x10004a0c                float_table_shim_on_use_helper
 .text.__wrap_malloc
                0x10004a38       0x24 CMakeFiles/blink.dir/C_/Users/pete/.pico-sdk/sdk/2.1.0/src/rp2_common/pico_malloc/malloc.c.obj
                0x10004a38                __wrap_malloc
 .text.__wrap_realloc
                0x10004a5c       0x24 CMakeFiles/blink.dir/C_/Users/pete/.pico-sdk/sdk/2.1.0/src/rp2_common/pico_malloc/malloc.c.obj
                0x10004a5c                __wrap_realloc
 .text.__wrap_free
                0x10004a80        0x8 CMakeFiles/blink.dir/C_/Users/pete/.pico-sdk/sdk/2.1.0/src/rp2_common/pico_malloc/malloc.c.obj
                0x10004a80                __wrap_free
 .text          0x10004a88       0x10 CMakeFiles/blink.dir/C_/Users/pete/.pico-sdk/sdk/2.1.0/src/rp2_common/pico_mem_ops/mem_ops_aeabi.S.obj
                0x10004a88                __aeabi_mem_init
 .text.memset   0x10004a98        0xc CMakeFiles/blink.dir/C_/Users/pete/.pico-sdk/sdk/2.1.0/src/rp2_common/pico_mem_ops/mem_ops_aeabi.S.obj
                0x10004a98                __wrap_memset
 .text.memcpy   0x10004aa4        0xc CMakeFiles/blink.dir/C_/Users/pete/.pico-sdk/sdk/2.1.0/src/rp2_common/pico_mem_ops/mem_ops_aeabi.S.obj
                0x10004aa4                __wrap_memcpy
                0x10004aa4                __wrap___aeabi_memcpy
 .text._out_buffer
                0x10004ab0        0x8 CMakeFiles/blink.dir/C_/Users/pete/.pico-sdk/sdk/2.1.0/src/rp2_common/pico_printf/printf.c.obj
 .text._out_null
                0x10004ab8        0x4 CMakeFiles/blink.dir/C_/Users/pete/.pico-sdk/sdk/2.1.0/src/rp2_common/pico_printf/printf.c.obj
 .text._out_rev
                0x10004abc       0xac CMakeFiles/blink.dir/C_/Users/pete/.pico-sdk/sdk/2.1.0/src/rp2_common/pico_printf/printf.c.obj
 .text._ntoa_format
                0x10004b68      0x250 CMakeFiles/blink.dir/C_/Users/pete/.pico-sdk/sdk/2.1.0/src/rp2_common/pico_printf/printf.c.obj
 .text._out_char
                0x10004db8       0x10 CMakeFiles/blink.dir/C_/Users/pete/.pico-sdk/sdk/2.1.0/src/rp2_common/pico_printf/printf.c.obj
 .text._out_fct
                0x10004dc8       0x10 CMakeFiles/blink.dir/C_/Users/pete/.pico-sdk/sdk/2.1.0/src/rp2_common/pico_printf/printf.c.obj
 .text._etoa    0x10004dd8      0x464 CMakeFiles/blink.dir/C_/Users/pete/.pico-sdk/sdk/2.1.0/src/rp2_common/pico_printf/printf.c.obj
 .text._ftoa    0x1000523c      0x3c0 CMakeFiles/blink.dir/C_/Users/pete/.pico-sdk/sdk/2.1.0/src/rp2_common/pico_printf/printf.c.obj
 .text._vsnprintf
                0x100055fc      0xbc8 CMakeFiles/blink.dir/C_/Users/pete/.pico-sdk/sdk/2.1.0/src/rp2_common/pico_printf/printf.c.obj
 .text.__wrap_sprintf
                0x100061c4       0x2c CMakeFiles/blink.dir/C_/Users/pete/.pico-sdk/sdk/2.1.0/src/rp2_common/pico_printf/printf.c.obj
                0x100061c4                __wrap_sprintf
 .text.vfctprintf
                0x100061f0       0x20 CMakeFiles/blink.dir/C_/Users/pete/.pico-sdk/sdk/2.1.0/src/rp2_common/pico_printf/printf.c.obj
                0x100061f0                vfctprintf
 .text.weak_raw_printf
                0x10006210       0x40 CMakeFiles/blink.dir/C_/Users/pete/.pico-sdk/sdk/2.1.0/src/rp2_common/pico_printf/printf.c.obj
                0x10006210                weak_raw_printf
 .text.weak_raw_vprintf
                0x10006250       0x30 CMakeFiles/blink.dir/C_/Users/pete/.pico-sdk/sdk/2.1.0/src/rp2_common/pico_printf/printf.c.obj
                0x10006250                weak_raw_vprintf
 .text._exit    0x10006280        0x4 CMakeFiles/blink.dir/C_/Users/pete/.pico-sdk/sdk/2.1.0/src/rp2_common/pico_clib_interface/newlib_interface.c.obj
                0x10006280                _exit
 .text._sbrk    0x10006284       0x34 CMakeFiles/blink.dir/C_/Users/pete/.pico-sdk/sdk/2.1.0/src/rp2_common/pico_clib_interface/newlib_interface.c.obj
                0x10006284                _sbrk
 .text._read    0x100062b8       0x24 CMakeFiles/blink.dir/C_/Users/pete/.pico-sdk/sdk/2.1.0/src/rp2_common/pico_clib_interface/newlib_interface.c.obj
                0x100062b8                _read
 .text._write   0x100062dc       0x24 CMakeFiles/blink.dir/C_/Users/pete/.pico-sdk/sdk/2.1.0/src/rp2_common/pico_clib_interface/newlib_interface.c.obj
                0x100062dc                _write
 .text._close   0x10006300        0x8 CMakeFiles/blink.dir/C_/Users/pete/.pico-sdk/sdk/2.1.0/src/rp2_common/pico_clib_interface/newlib_interface.c.obj
                0x10006300                _close
 .text._lseek   0x10006308        0x8 CMakeFiles/blink.dir/C_/Users/pete/.pico-sdk/sdk/2.1.0/src/rp2_common/pico_clib_interface/newlib_interface.c.obj
                0x10006308                _lseek
 .text._fstat   0x10006310        0x8 CMakeFiles/blink.dir/C_/Users/pete/.pico-sdk/sdk/2.1.0/src/rp2_common/pico_clib_interface/newlib_interface.c.obj
                0x10006310                _fstat
 .text._isatty  0x10006318        0xc CMakeFiles/blink.dir/C_/Users/pete/.pico-sdk/sdk/2.1.0/src/rp2_common/pico_clib_interface/newlib_interface.c.obj
                0x10006318                _isatty
 .text.exit     0x10006324        0x8 CMakeFiles/blink.dir/C_/Users/pete/.pico-sdk/sdk/2.1.0/src/rp2_common/pico_clib_interface/newlib_interface.c.obj
                0x10006324                exit
 .text.__assert_func
                0x1000632c       0x38 CMakeFiles/blink.dir/C_/Users/pete/.pico-sdk/sdk/2.1.0/src/rp2_common/pico_clib_interface/newlib_interface.c.obj
                0x1000632c                __assert_func
 .text.runtime_init
                0x10006364       0x2c CMakeFiles/blink.dir/C_/Users/pete/.pico-sdk/sdk/2.1.0/src/rp2_common/pico_clib_interface/newlib_interface.c.obj
                0x10006364                runtime_init
 .text.stdio_out_chars_no_crlf
                0x10006390       0x10 CMakeFiles/blink.dir/C_/Users/pete/.pico-sdk/sdk/2.1.0/src/rp2_common/pico_stdio/stdio.c.obj
 .text.stdio_out_chars_crlf
                0x100063a0       0x94 CMakeFiles/blink.dir/C_/Users/pete/.pico-sdk/sdk/2.1.0/src/rp2_common/pico_stdio/stdio.c.obj
 .text.stdio_buffered_printer
                0x10006434       0x64 CMakeFiles/blink.dir/C_/Users/pete/.pico-sdk/sdk/2.1.0/src/rp2_common/pico_stdio/stdio.c.obj
 .text.stdio_put_string
                0x10006498      0x100 CMakeFiles/blink.dir/C_/Users/pete/.pico-sdk/sdk/2.1.0/src/rp2_common/pico_stdio/stdio.c.obj
                0x10006498                stdio_put_string
 .text.stdio_get_until
                0x10006598       0x84 CMakeFiles/blink.dir/C_/Users/pete/.pico-sdk/sdk/2.1.0/src/rp2_common/pico_stdio/stdio.c.obj
                0x10006598                stdio_get_until
 .text.stdio_set_driver_enabled
                0x1000661c       0x30 CMakeFiles/blink.dir/C_/Users/pete/.pico-sdk/sdk/2.1.0/src/rp2_common/pico_stdio/stdio.c.obj
                0x1000661c                stdio_set_driver_enabled
 .text.stdio_init_all
                0x1000664c        0xc CMakeFiles/blink.dir/C_/Users/pete/.pico-sdk/sdk/2.1.0/src/rp2_common/pico_stdio/stdio.c.obj
                0x1000664c                stdio_init_all
 .text.stdio_getchar_timeout_us
                0x10006658       0x98 CMakeFiles/blink.dir/C_/Users/pete/.pico-sdk/sdk/2.1.0/src/rp2_common/pico_stdio/stdio.c.obj
                0x10006658                stdio_getchar_timeout_us
 .text.__wrap_putchar
                0x100066f0       0x98 CMakeFiles/blink.dir/C_/Users/pete/.pico-sdk/sdk/2.1.0/src/rp2_common/pico_stdio/stdio.c.obj
                0x100066f0                __wrap_putchar
                0x100066f0                stdio_putchar
 .text.__wrap_puts
                0x10006788       0x3c CMakeFiles/blink.dir/C_/Users/pete/.pico-sdk/sdk/2.1.0/src/rp2_common/pico_stdio/stdio.c.obj
                0x10006788                stdio_puts
                0x10006788                __wrap_puts
 .text.__wrap_vprintf
                0x100067c4       0xd4 CMakeFiles/blink.dir/C_/Users/pete/.pico-sdk/sdk/2.1.0/src/rp2_common/pico_stdio/stdio.c.obj
                0x100067c4                stdio_vprintf
                0x100067c4                __wrap_vprintf
 .text.__wrap_printf
                0x10006898       0x18 CMakeFiles/blink.dir/C_/Users/pete/.pico-sdk/sdk/2.1.0/src/rp2_common/pico_stdio/stdio.c.obj
                0x10006898                __wrap_printf
                0x10006898                stdio_printf
 .text.stdio_uart_out_chars
                0x100068b0       0x4c CMakeFiles/blink.dir/C_/Users/pete/.pico-sdk/sdk/2.1.0/src/rp2_common/pico_stdio_uart/stdio_uart.c.obj
 .text.stdio_uart_in_chars
                0x100068fc       0x90 CMakeFiles/blink.dir/C_/Users/pete/.pico-sdk/sdk/2.1.0/src/rp2_common/pico_stdio_uart/stdio_uart.c.obj
                0x100068fc                stdio_uart_in_chars
 .text.on_uart_rx
                0x1000698c       0x28 CMakeFiles/blink.dir/C_/Users/pete/.pico-sdk/sdk/2.1.0/src/rp2_common/pico_stdio_uart/stdio_uart.c.obj
 .text.stdio_uart_out_flush
                0x100069b4       0x14 CMakeFiles/blink.dir/C_/Users/pete/.pico-sdk/sdk/2.1.0/src/rp2_common/pico_stdio_uart/stdio_uart.c.obj
 .text.stdio_uart_set_chars_available_callback
                0x100069c8       0x84 CMakeFiles/blink.dir/C_/Users/pete/.pico-sdk/sdk/2.1.0/src/rp2_common/pico_stdio_uart/stdio_uart.c.obj
 .text.stdio_uart_init
                0x10006a4c       0x50 CMakeFiles/blink.dir/C_/Users/pete/.pico-sdk/sdk/2.1.0/src/rp2_common/pico_stdio_uart/stdio_uart.c.obj
                0x10006a4c                stdio_uart_init
 .text.i2c_read_blocking_internal
                0x10006a9c      0x108 CMakeFiles/blink.dir/C_/Users/pete/.pico-sdk/sdk/2.1.0/src/rp2_common/hardware_i2c/i2c.c.obj
 .text.i2c_set_baudrate
                0x10006ba4       0xc0 CMakeFiles/blink.dir/C_/Users/pete/.pico-sdk/sdk/2.1.0/src/rp2_common/hardware_i2c/i2c.c.obj
                0x10006ba4                i2c_set_baudrate
 .text.i2c_init
                0x10006c64       0x50 CMakeFiles/blink.dir/C_/Users/pete/.pico-sdk/sdk/2.1.0/src/rp2_common/hardware_i2c/i2c.c.obj
                0x10006c64                i2c_init
 .text.i2c_read_blocking_until
                0x10006cb4       0x48 CMakeFiles/blink.dir/C_/Users/pete/.pico-sdk/sdk/2.1.0/src/rp2_common/hardware_i2c/i2c.c.obj
                0x10006cb4                i2c_read_blocking_until
 .text.spi_init
                0x10006cfc      0x13c CMakeFiles/blink.dir/C_/Users/pete/.pico-sdk/sdk/2.1.0/src/rp2_common/hardware_spi/spi.c.obj
                0x10006cfc                spi_init
 .text.tud_mounted
                0x10006e38       0x10 CMakeFiles/blink.dir/C_/Users/pete/.pico-sdk/sdk/2.1.0/lib/tinyusb/src/device/usbd.c.obj
                0x10006e38                tud_mounted
 .text.tud_suspended
                0x10006e48       0x10 CMakeFiles/blink.dir/C_/Users/pete/.pico-sdk/sdk/2.1.0/lib/tinyusb/src/device/usbd.c.obj
                0x10006e48                tud_suspended
 .text.tud_cdc_n_connected
                0x10006e58       0x34 CMakeFiles/blink.dir/C_/Users/pete/.pico-sdk/sdk/2.1.0/lib/tinyusb/src/class/cdc/cdc_device.c.obj
                0x10006e58                tud_cdc_n_connected
 .text.startup._retrieve_unique_id_on_boot
                0x10006e8c       0x10 CMakeFiles/blink.dir/C_/Users/pete/.pico-sdk/sdk/2.1.0/src/rp2_common/pico_unique_id/unique_id.c.obj
 .text.flash_get_unique_id
                0x10006e9c       0x3c CMakeFiles/blink.dir/C_/Users/pete/.pico-sdk/sdk/2.1.0/src/rp2_common/hardware_flash/flash.c.obj
                0x10006e9c                flash_get_unique_id
 .text.pio_sm_set_consecutive_pindirs
                0x10006ed8       0xb4 CMakeFiles/blink.dir/C_/Users/pete/.pico-sdk/sdk/2.1.0/src/rp2_common/hardware_pio/pio.c.obj
                0x10006ed8                pio_sm_set_consecutive_pindirs
 .text.pio_sm_init
                0x10006f8c       0x9c CMakeFiles/blink.dir/C_/Users/pete/.pico-sdk/sdk/2.1.0/src/rp2_common/hardware_pio/pio.c.obj
                0x10006f8c                pio_sm_init
 .text.pio_claim_free_sm_and_add_program_for_gpio_range
                0x10007028      0x18c CMakeFiles/blink.dir/C_/Users/pete/.pico-sdk/sdk/2.1.0/src/rp2_common/hardware_pio/pio.c.obj
                0x10007028                pio_claim_free_sm_and_add_program_for_gpio_range
 .text._calloc_r
                0x100071b4       0xa8 C:/Users/pete/.pico-sdk/toolchain/13_3_Rel1/bin/../lib/gcc/arm-none-eabi/13.3.1/thumb/v6-m/nofp\libg.a(libc_a-callocr.o)
                0x100071b4                _calloc_r
 .text.malloc   0x1000725c       0x14 C:/Users/pete/.pico-sdk/toolchain/13_3_Rel1/bin/../lib/gcc/arm-none-eabi/13.3.1/thumb/v6-m/nofp\libg.a(libc_a-malloc.o)
                0x1000725c                malloc
 .text.free     0x10007270       0x14 C:/Users/pete/.pico-sdk/toolchain/13_3_Rel1/bin/../lib/gcc/arm-none-eabi/13.3.1/thumb/v6-m/nofp\libg.a(libc_a-malloc.o)
                0x10007270                free
 .text._malloc_r
                0x10007284      0x5c4 C:/Users/pete/.pico-sdk/toolchain/13_3_Rel1/bin/../lib/gcc/arm-none-eabi/13.3.1/thumb/v6-m/nofp\libg.a(libc_a-mallocr.o)
                0x10007284                _malloc_r
 .text.__malloc_lock
                0x10007848       0x10 C:/Users/pete/.pico-sdk/toolchain/13_3_Rel1/bin/../lib/gcc/arm-none-eabi/13.3.1/thumb/v6-m/nofp\libg.a(libc_a-mlock.o)
                0x10007848                __malloc_lock
 .text.__malloc_unlock
                0x10007858       0x10 C:/Users/pete/.pico-sdk/toolchain/13_3_Rel1/bin/../lib/gcc/arm-none-eabi/13.3.1/thumb/v6-m/nofp\libg.a(libc_a-mlock.o)
                0x10007858                __malloc_unlock
 .text.realloc  0x10007868       0x18 C:/Users/pete/.pico-sdk/toolchain/13_3_Rel1/bin/../lib/gcc/arm-none-eabi/13.3.1/thumb/v6-m/nofp\libg.a(libc_a-realloc.o)
                0x10007868                realloc
 .text._realloc_r
                0x10007880      0x350 C:/Users/pete/.pico-sdk/toolchain/13_3_Rel1/bin/../lib/gcc/arm-none-eabi/13.3.1/thumb/v6-m/nofp\libg.a(libc_a-reallocr.o)
                0x10007880                _realloc_r
 .text.scanf    0x10007bd0       0x24 C:/Users/pete/.pico-sdk/toolchain/13_3_Rel1/bin/../lib/gcc/arm-none-eabi/13.3.1/thumb/v6-m/nofp\libg.a(libc_a-scanf.o)
                0x10007bd0                scanf
 .text.memmove  0x10007bf4       0xb0 C:/Users/pete/.pico-sdk/toolchain/13_3_Rel1/bin/../lib/gcc/arm-none-eabi/13.3.1/thumb/v6-m/nofp\libg.a(libc_a-memmove.o)
                0x10007bf4                memmove
 .text.stpcpy   0x10007ca4       0x48 C:/Users/pete/.pico-sdk/toolchain/13_3_Rel1/bin/../lib/gcc/arm-none-eabi/13.3.1/thumb/v6-m/nofp\libg.a(libc_a-stpcpy.o)
                0x10007ca4                stpcpy
 .text._sbrk_r  0x10007cec       0x24 C:/Users/pete/.pico-sdk/toolchain/13_3_Rel1/bin/../lib/gcc/arm-none-eabi/13.3.1/thumb/v6-m/nofp\libg.a(libc_a-sbrkr.o)
                0x10007cec                _sbrk_r
 .text.__errno  0x10007d10        0xc C:/Users/pete/.pico-sdk/toolchain/13_3_Rel1/bin/../lib/gcc/arm-none-eabi/13.3.1/thumb/v6-m/nofp\libg.a(libc_a-errno.o)
                0x10007d10                __errno
 .text.__retarget_lock_init_recursive
                0x10007d1c        0x4 C:/Users/pete/.pico-sdk/toolchain/13_3_Rel1/bin/../lib/gcc/arm-none-eabi/13.3.1/thumb/v6-m/nofp\libg.a(libc_a-lock.o)
                0x10007d1c                __retarget_lock_init_recursive
 .text.__retarget_lock_close_recursive
                0x10007d20        0x4 C:/Users/pete/.pico-sdk/toolchain/13_3_Rel1/bin/../lib/gcc/arm-none-eabi/13.3.1/thumb/v6-m/nofp\libg.a(libc_a-lock.o)
                0x10007d20                __retarget_lock_close_recursive
 .text.__retarget_lock_acquire_recursive
                0x10007d24        0x4 C:/Users/pete/.pico-sdk/toolchain/13_3_Rel1/bin/../lib/gcc/arm-none-eabi/13.3.1/thumb/v6-m/nofp\libg.a(libc_a-lock.o)
                0x10007d24                __retarget_lock_acquire_recursive
 .text.__retarget_lock_release_recursive
                0x10007d28        0x4 C:/Users/pete/.pico-sdk/toolchain/13_3_Rel1/bin/../lib/gcc/arm-none-eabi/13.3.1/thumb/v6-m/nofp\libg.a(libc_a-lock.o)
                0x10007d28                __retarget_lock_release_recursive
 .text.sysconf  0x10007d2c       0x1c C:/Users/pete/.pico-sdk/toolchain/13_3_Rel1/bin/../lib/gcc/arm-none-eabi/13.3.1/thumb/v6-m/nofp\libg.a(libc_a-sysconf.o)
                0x10007d2c                sysconf
 .text          0x10007d48       0x88 C:/Users/pete/.pico-sdk/toolchain/13_3_Rel1/bin/../lib/gcc/arm-none-eabi/13.3.1/thumb/v6-m/nofp\libg.a(libc_a-strcmp.o)
                0x10007d48                strcmp
 .text.strlen   0x10007dd0       0x5c C:/Users/pete/.pico-sdk/toolchain/13_3_Rel1/bin/../lib/gcc/arm-none-eabi/13.3.1/thumb/v6-m/nofp\libg.a(libc_a-strlen-stub.o)
                0x10007dd0                strlen
 .text._malloc_trim_r
                0x10007e2c       0xb4 C:/Users/pete/.pico-sdk/toolchain/13_3_Rel1/bin/../lib/gcc/arm-none-eabi/13.3.1/thumb/v6-m/nofp\libg.a(libc_a-freer.o)
                0x10007e2c                _malloc_trim_r
 .text._free_r  0x10007ee0      0x1d4 C:/Users/pete/.pico-sdk/toolchain/13_3_Rel1/bin/../lib/gcc/arm-none-eabi/13.3.1/thumb/v6-m/nofp\libg.a(libc_a-freer.o)
                0x10007ee0                _free_r
 .text._strtoul_l.isra.0
                0x100080b4      0x144 C:/Users/pete/.pico-sdk/toolchain/13_3_Rel1/bin/../lib/gcc/arm-none-eabi/13.3.1/thumb/v6-m/nofp\libg.a(libc_a-strtoul.o)
 .text._strtoul_r
                0x100081f8        0x8 C:/Users/pete/.pico-sdk/toolchain/13_3_Rel1/bin/../lib/gcc/arm-none-eabi/13.3.1/thumb/v6-m/nofp\libg.a(libc_a-strtoul.o)
                0x100081f8                _strtoul_r
 .text.__svfscanf_r
                0x10008200     0x18a8 C:/Users/pete/.pico-sdk/toolchain/13_3_Rel1/bin/../lib/gcc/arm-none-eabi/13.3.1/thumb/v6-m/nofp\libg.a(libc_a-vfscanf.o)
                0x10008200                __svfscanf_r
 .text._vfscanf_r
                0x10009aa8       0x28 C:/Users/pete/.pico-sdk/toolchain/13_3_Rel1/bin/../lib/gcc/arm-none-eabi/13.3.1/thumb/v6-m/nofp\libg.a(libc_a-vfscanf.o)
                0x10009aa8                _vfscanf_r
 .text.stdio_exit_handler
                0x10009ad0       0x1c C:/Users/pete/.pico-sdk/toolchain/13_3_Rel1/bin/../lib/gcc/arm-none-eabi/13.3.1/thumb/v6-m/nofp\libg.a(libc_a-findfp.o)
 .text.cleanup_stdio
                0x10009aec       0x3c C:/Users/pete/.pico-sdk/toolchain/13_3_Rel1/bin/../lib/gcc/arm-none-eabi/13.3.1/thumb/v6-m/nofp\libg.a(libc_a-findfp.o)
 .text.global_stdio_init.part.0
                0x10009b28      0x118 C:/Users/pete/.pico-sdk/toolchain/13_3_Rel1/bin/../lib/gcc/arm-none-eabi/13.3.1/thumb/v6-m/nofp\libg.a(libc_a-findfp.o)
 .text.__sinit  0x10009c40       0x38 C:/Users/pete/.pico-sdk/toolchain/13_3_Rel1/bin/../lib/gcc/arm-none-eabi/13.3.1/thumb/v6-m/nofp\libg.a(libc_a-findfp.o)
                0x10009c40                __sinit
 .text.__sfp_lock_acquire
                0x10009c78       0x10 C:/Users/pete/.pico-sdk/toolchain/13_3_Rel1/bin/../lib/gcc/arm-none-eabi/13.3.1/thumb/v6-m/nofp\libg.a(libc_a-findfp.o)
                0x10009c78                __sfp_lock_acquire
 .text.__sfp_lock_release
                0x10009c88       0x10 C:/Users/pete/.pico-sdk/toolchain/13_3_Rel1/bin/../lib/gcc/arm-none-eabi/13.3.1/thumb/v6-m/nofp\libg.a(libc_a-findfp.o)
                0x10009c88                __sfp_lock_release
 .text._fread_r
                0x10009c98      0x1e4 C:/Users/pete/.pico-sdk/toolchain/13_3_Rel1/bin/../lib/gcc/arm-none-eabi/13.3.1/thumb/v6-m/nofp\libg.a(libc_a-fread.o)
                0x10009c98                _fread_r
 .text._fwalk_sglue
                0x10009e7c       0x44 C:/Users/pete/.pico-sdk/toolchain/13_3_Rel1/bin/../lib/gcc/arm-none-eabi/13.3.1/thumb/v6-m/nofp\libg.a(libc_a-fwalk.o)
                0x10009e7c                _fwalk_sglue
 .text.lflush   0x10009ec0       0x20 C:/Users/pete/.pico-sdk/toolchain/13_3_Rel1/bin/../lib/gcc/arm-none-eabi/13.3.1/thumb/v6-m/nofp\libg.a(libc_a-refill.o)
 .text.__srefill_r
                0x10009ee0      0x100 C:/Users/pete/.pico-sdk/toolchain/13_3_Rel1/bin/../lib/gcc/arm-none-eabi/13.3.1/thumb/v6-m/nofp\libg.a(libc_a-refill.o)
                0x10009ee0                __srefill_r
 .text.__sccl   0x10009fe0       0x80 C:/Users/pete/.pico-sdk/toolchain/13_3_Rel1/bin/../lib/gcc/arm-none-eabi/13.3.1/thumb/v6-m/nofp\libg.a(libc_a-sccl.o)
                0x10009fe0                __sccl
 .text.__sread  0x1000a060       0x28 C:/Users/pete/.pico-sdk/toolchain/13_3_Rel1/bin/../lib/gcc/arm-none-eabi/13.3.1/thumb/v6-m/nofp\libg.a(libc_a-stdio.o)
                0x1000a060                __sread
 .text.__swrite
                0x1000a088       0x40 C:/Users/pete/.pico-sdk/toolchain/13_3_Rel1/bin/../lib/gcc/arm-none-eabi/13.3.1/thumb/v6-m/nofp\libg.a(libc_a-stdio.o)
                0x1000a088                __swrite
 .text.__sseek  0x1000a0c8       0x30 C:/Users/pete/.pico-sdk/toolchain/13_3_Rel1/bin/../lib/gcc/arm-none-eabi/13.3.1/thumb/v6-m/nofp\libg.a(libc_a-stdio.o)
                0x1000a0c8                __sseek
 .text.__sclose
                0x1000a0f8        0xc C:/Users/pete/.pico-sdk/toolchain/13_3_Rel1/bin/../lib/gcc/arm-none-eabi/13.3.1/thumb/v6-m/nofp\libg.a(libc_a-stdio.o)
                0x1000a0f8                __sclose
 .text.__submore
                0x1000a104       0x84 C:/Users/pete/.pico-sdk/toolchain/13_3_Rel1/bin/../lib/gcc/arm-none-eabi/13.3.1/thumb/v6-m/nofp\libg.a(libc_a-ungetc.o)
                0x1000a104                __submore
 .text._ungetc_r
                0x1000a188      0x134 C:/Users/pete/.pico-sdk/toolchain/13_3_Rel1/bin/../lib/gcc/arm-none-eabi/13.3.1/thumb/v6-m/nofp\libg.a(libc_a-ungetc.o)
                0x1000a188                _ungetc_r
 .text.strncmp  0x1000a2bc       0x74 C:/Users/pete/.pico-sdk/toolchain/13_3_Rel1/bin/../lib/gcc/arm-none-eabi/13.3.1/thumb/v6-m/nofp\libg.a(libc_a-strncmp.o)
                0x1000a2bc                strncmp
 .text.stpncpy  0x1000a330       0x78 C:/Users/pete/.pico-sdk/toolchain/13_3_Rel1/bin/../lib/gcc/arm-none-eabi/13.3.1/thumb/v6-m/nofp\libg.a(libc_a-stpncpy.o)
                0x1000a330                stpncpy
 .text.__locale_mb_cur_max
                0x1000a3a8       0x10 C:/Users/pete/.pico-sdk/toolchain/13_3_Rel1/bin/../lib/gcc/arm-none-eabi/13.3.1/thumb/v6-m/nofp\libg.a(libc_a-locale.o)
                0x1000a3a8                __locale_mb_cur_max
 .text._localeconv_r
                0x1000a3b8        0x8 C:/Users/pete/.pico-sdk/toolchain/13_3_Rel1/bin/../lib/gcc/arm-none-eabi/13.3.1/thumb/v6-m/nofp\libg.a(libc_a-localeconv.o)
                0x1000a3b8                _localeconv_r
 .text._close_r
                0x1000a3c0       0x24 C:/Users/pete/.pico-sdk/toolchain/13_3_Rel1/bin/../lib/gcc/arm-none-eabi/13.3.1/thumb/v6-m/nofp\libg.a(libc_a-closer.o)
                0x1000a3c0                _close_r
 .text._lseek_r
                0x1000a3e4       0x28 C:/Users/pete/.pico-sdk/toolchain/13_3_Rel1/bin/../lib/gcc/arm-none-eabi/13.3.1/thumb/v6-m/nofp\libg.a(libc_a-lseekr.o)
                0x1000a3e4                _lseek_r
 .text._read_r  0x1000a40c       0x28 C:/Users/pete/.pico-sdk/toolchain/13_3_Rel1/bin/../lib/gcc/arm-none-eabi/13.3.1/thumb/v6-m/nofp\libg.a(libc_a-readr.o)
                0x1000a40c                _read_r
 .text._write_r
                0x1000a434       0x28 C:/Users/pete/.pico-sdk/toolchain/13_3_Rel1/bin/../lib/gcc/arm-none-eabi/13.3.1/thumb/v6-m/nofp\libg.a(libc_a-writer.o)
                0x1000a434                _write_r
 .text.nanf     0x1000a45c        0x8 C:/Users/pete/.pico-sdk/toolchain/13_3_Rel1/bin/../lib/gcc/arm-none-eabi/13.3.1/thumb/v6-m/nofp\libg.a(libm_a-sf_nan.o)
                0x1000a45c                nanf
 .text.__ascii_mbtowc
                0x1000a464       0x2c C:/Users/pete/.pico-sdk/toolchain/13_3_Rel1/bin/../lib/gcc/arm-none-eabi/13.3.1/thumb/v6-m/nofp\libg.a(libc_a-mbtowc_r.o)
                0x1000a464                __ascii_mbtowc
 .text.sulp     0x1000a490       0x30 C:/Users/pete/.pico-sdk/toolchain/13_3_Rel1/bin/../lib/gcc/arm-none-eabi/13.3.1/thumb/v6-m/nofp\libg.a(libc_a-strtod.o)
 .text._strtod_l
                0x1000a4c0      0xeb8 C:/Users/pete/.pico-sdk/toolchain/13_3_Rel1/bin/../lib/gcc/arm-none-eabi/13.3.1/thumb/v6-m/nofp\libg.a(libc_a-strtod.o)
                0x1000a4c0                _strtod_l
 .text._strtod_r
                0x1000b378       0x10 C:/Users/pete/.pico-sdk/toolchain/13_3_Rel1/bin/../lib/gcc/arm-none-eabi/13.3.1/thumb/v6-m/nofp\libg.a(libc_a-strtod.o)
                0x1000b378                _strtod_r
 .text._strtol_l.isra.0
                0x1000b388      0x158 C:/Users/pete/.pico-sdk/toolchain/13_3_Rel1/bin/../lib/gcc/arm-none-eabi/13.3.1/thumb/v6-m/nofp\libg.a(libc_a-strtol.o)
 .text._strtol_r
                0x1000b4e0        0x8 C:/Users/pete/.pico-sdk/toolchain/13_3_Rel1/bin/../lib/gcc/arm-none-eabi/13.3.1/thumb/v6-m/nofp\libg.a(libc_a-strtol.o)
                0x1000b4e0                _strtol_r
 .text.__ascii_wctomb
                0x1000b4e8       0x1c C:/Users/pete/.pico-sdk/toolchain/13_3_Rel1/bin/../lib/gcc/arm-none-eabi/13.3.1/thumb/v6-m/nofp\libg.a(libc_a-wctomb_r.o)
                0x1000b4e8                __ascii_wctomb
 .text._strtoll_l.isra.0
                0x1000b504      0x1a0 C:/Users/pete/.pico-sdk/toolchain/13_3_Rel1/bin/../lib/gcc/arm-none-eabi/13.3.1/thumb/v6-m/nofp\libg.a(libc_a-strtoll.o)
 .text._strtoll_r
                0x1000b6a4        0x8 C:/Users/pete/.pico-sdk/toolchain/13_3_Rel1/bin/../lib/gcc/arm-none-eabi/13.3.1/thumb/v6-m/nofp\libg.a(libc_a-strtoll.o)
                0x1000b6a4                _strtoll_r
 .text._strtoull_l.isra.0
                0x1000b6ac      0x1c4 C:/Users/pete/.pico-sdk/toolchain/13_3_Rel1/bin/../lib/gcc/arm-none-eabi/13.3.1/thumb/v6-m/nofp\libg.a(libc_a-strtoull.o)
 .text._strtoull_r
                0x1000b870        0x8 C:/Users/pete/.pico-sdk/toolchain/13_3_Rel1/bin/../lib/gcc/arm-none-eabi/13.3.1/thumb/v6-m/nofp\libg.a(libc_a-strtoull.o)
                0x1000b870                _strtoull_r
 .text._mbrtowc_r
                0x1000b878       0x54 C:/Users/pete/.pico-sdk/toolchain/13_3_Rel1/bin/../lib/gcc/arm-none-eabi/13.3.1/thumb/v6-m/nofp\libg.a(libc_a-mbrtowc.o)
                0x1000b878                _mbrtowc_r
 .text.iswspace
                0x1000b8cc        0xc C:/Users/pete/.pico-sdk/toolchain/13_3_Rel1/bin/../lib/gcc/arm-none-eabi/13.3.1/thumb/v6-m/nofp\libg.a(libc_a-iswspace.o)
                0x1000b8cc                iswspace
 .text.iswspace_l
                0x1000b8d8       0x24 C:/Users/pete/.pico-sdk/toolchain/13_3_Rel1/bin/../lib/gcc/arm-none-eabi/13.3.1/thumb/v6-m/nofp\libg.a(libc_a-iswspace_l.o)
                0x1000b8d8                iswspace_l
 .text.__jp2uc  0x1000b8fc      0x154 C:/Users/pete/.pico-sdk/toolchain/13_3_Rel1/bin/../lib/gcc/arm-none-eabi/13.3.1/thumb/v6-m/nofp\libg.a(libc_a-jp2uc.o)
 .text._jp2uc_l
                0x1000ba50       0x68 C:/Users/pete/.pico-sdk/toolchain/13_3_Rel1/bin/../lib/gcc/arm-none-eabi/13.3.1/thumb/v6-m/nofp\libg.a(libc_a-jp2uc.o)
                0x1000ba50                _jp2uc_l
 .text._fclose_r
                0x1000bab8       0xd0 C:/Users/pete/.pico-sdk/toolchain/13_3_Rel1/bin/../lib/gcc/arm-none-eabi/13.3.1/thumb/v6-m/nofp\libg.a(libc_a-fclose.o)
                0x1000bab8                _fclose_r
 .text.__sflush_r
                0x1000bb88      0x148 C:/Users/pete/.pico-sdk/toolchain/13_3_Rel1/bin/../lib/gcc/arm-none-eabi/13.3.1/thumb/v6-m/nofp\libg.a(libc_a-fflush.o)
                0x1000bb88                __sflush_r
 .text._fflush_r
                0x1000bcd0       0x68 C:/Users/pete/.pico-sdk/toolchain/13_3_Rel1/bin/../lib/gcc/arm-none-eabi/13.3.1/thumb/v6-m/nofp\libg.a(libc_a-fflush.o)
                0x1000bcd0                _fflush_r
 .text.__smakebuf_r
                0x1000bd38       0xe0 C:/Users/pete/.pico-sdk/toolchain/13_3_Rel1/bin/../lib/gcc/arm-none-eabi/13.3.1/thumb/v6-m/nofp\libg.a(libc_a-makebuf.o)
                0x1000bd38                __smakebuf_r
 .text._fstat_r
                0x1000be18       0x28 C:/Users/pete/.pico-sdk/toolchain/13_3_Rel1/bin/../lib/gcc/arm-none-eabi/13.3.1/thumb/v6-m/nofp\libg.a(libc_a-fstatr.o)
                0x1000be18                _fstat_r
 .text._isatty_r
                0x1000be40       0x24 C:/Users/pete/.pico-sdk/toolchain/13_3_Rel1/bin/../lib/gcc/arm-none-eabi/13.3.1/thumb/v6-m/nofp\libg.a(libc_a-isattyr.o)
                0x1000be40                _isatty_r
 .text.nan      0x1000be64        0xc C:/Users/pete/.pico-sdk/toolchain/13_3_Rel1/bin/../lib/gcc/arm-none-eabi/13.3.1/thumb/v6-m/nofp\libg.a(libm_a-s_nan.o)
                0x1000be64                nan
 .text.rshift   0x1000be70       0xb0 C:/Users/pete/.pico-sdk/toolchain/13_3_Rel1/bin/../lib/gcc/arm-none-eabi/13.3.1/thumb/v6-m/nofp\libg.a(libc_a-gdtoa-gethex.o)
 .text.__gethex
                0x1000bf20      0x5a8 C:/Users/pete/.pico-sdk/toolchain/13_3_Rel1/bin/../lib/gcc/arm-none-eabi/13.3.1/thumb/v6-m/nofp\libg.a(libc_a-gdtoa-gethex.o)
                0x1000bf20                __gethex
 .text.__match  0x1000c4c8       0x2c C:/Users/pete/.pico-sdk/toolchain/13_3_Rel1/bin/../lib/gcc/arm-none-eabi/13.3.1/thumb/v6-m/nofp\libg.a(libc_a-gdtoa-hexnan.o)
                0x1000c4c8                __match
 .text.__hexnan
                0x1000c4f4      0x204 C:/Users/pete/.pico-sdk/toolchain/13_3_Rel1/bin/../lib/gcc/arm-none-eabi/13.3.1/thumb/v6-m/nofp\libg.a(libc_a-gdtoa-hexnan.o)
                0x1000c4f4                __hexnan
 .text._Balloc  0x1000c6f8       0x50 C:/Users/pete/.pico-sdk/toolchain/13_3_Rel1/bin/../lib/gcc/arm-none-eabi/13.3.1/thumb/v6-m/nofp\libg.a(libc_a-mprec.o)
                0x1000c6f8                _Balloc
 .text._Bfree   0x1000c748       0x14 C:/Users/pete/.pico-sdk/toolchain/13_3_Rel1/bin/../lib/gcc/arm-none-eabi/13.3.1/thumb/v6-m/nofp\libg.a(libc_a-mprec.o)
                0x1000c748                _Bfree
 .text.__multadd
                0x1000c75c       0xa8 C:/Users/pete/.pico-sdk/toolchain/13_3_Rel1/bin/../lib/gcc/arm-none-eabi/13.3.1/thumb/v6-m/nofp\libg.a(libc_a-mprec.o)
                0x1000c75c                __multadd
 .text.__s2b    0x1000c804       0xb0 C:/Users/pete/.pico-sdk/toolchain/13_3_Rel1/bin/../lib/gcc/arm-none-eabi/13.3.1/thumb/v6-m/nofp\libg.a(libc_a-mprec.o)
                0x1000c804                __s2b
 .text.__hi0bits
                0x1000c8b4       0x4c C:/Users/pete/.pico-sdk/toolchain/13_3_Rel1/bin/../lib/gcc/arm-none-eabi/13.3.1/thumb/v6-m/nofp\libg.a(libc_a-mprec.o)
                0x1000c8b4                __hi0bits
 .text.__lo0bits
                0x1000c900       0x5c C:/Users/pete/.pico-sdk/toolchain/13_3_Rel1/bin/../lib/gcc/arm-none-eabi/13.3.1/thumb/v6-m/nofp\libg.a(libc_a-mprec.o)
                0x1000c900                __lo0bits
 .text.__i2b    0x1000c95c       0x60 C:/Users/pete/.pico-sdk/toolchain/13_3_Rel1/bin/../lib/gcc/arm-none-eabi/13.3.1/thumb/v6-m/nofp\libg.a(libc_a-mprec.o)
                0x1000c95c                __i2b
 .text.__multiply
                0x1000c9bc      0x1ac C:/Users/pete/.pico-sdk/toolchain/13_3_Rel1/bin/../lib/gcc/arm-none-eabi/13.3.1/thumb/v6-m/nofp\libg.a(libc_a-mprec.o)
                0x1000c9bc                __multiply
 .text.__pow5mult
                0x1000cb68       0xd0 C:/Users/pete/.pico-sdk/toolchain/13_3_Rel1/bin/../lib/gcc/arm-none-eabi/13.3.1/thumb/v6-m/nofp\libg.a(libc_a-mprec.o)
                0x1000cb68                __pow5mult
 .text.__lshift
                0x1000cc38       0xfc C:/Users/pete/.pico-sdk/toolchain/13_3_Rel1/bin/../lib/gcc/arm-none-eabi/13.3.1/thumb/v6-m/nofp\libg.a(libc_a-mprec.o)
                0x1000cc38                __lshift
 .text.__mcmp   0x1000cd34       0x3c C:/Users/pete/.pico-sdk/toolchain/13_3_Rel1/bin/../lib/gcc/arm-none-eabi/13.3.1/thumb/v6-m/nofp\libg.a(libc_a-mprec.o)
                0x1000cd34                __mcmp
 .text.__mdiff  0x1000cd70      0x1b4 C:/Users/pete/.pico-sdk/toolchain/13_3_Rel1/bin/../lib/gcc/arm-none-eabi/13.3.1/thumb/v6-m/nofp\libg.a(libc_a-mprec.o)
                0x1000cd70                __mdiff
 .text.__ulp    0x1000cf24       0x40 C:/Users/pete/.pico-sdk/toolchain/13_3_Rel1/bin/../lib/gcc/arm-none-eabi/13.3.1/thumb/v6-m/nofp\libg.a(libc_a-mprec.o)
                0x1000cf24                __ulp
 .text.__b2d    0x1000cf64       0xb8 C:/Users/pete/.pico-sdk/toolchain/13_3_Rel1/bin/../lib/gcc/arm-none-eabi/13.3.1/thumb/v6-m/nofp\libg.a(libc_a-mprec.o)
                0x1000cf64                __b2d
 .text.__d2b    0x1000d01c       0xcc C:/Users/pete/.pico-sdk/toolchain/13_3_Rel1/bin/../lib/gcc/arm-none-eabi/13.3.1/thumb/v6-m/nofp\libg.a(libc_a-mprec.o)
                0x1000d01c                __d2b
 .text.__ratio  0x1000d0e8       0x68 C:/Users/pete/.pico-sdk/toolchain/13_3_Rel1/bin/../lib/gcc/arm-none-eabi/13.3.1/thumb/v6-m/nofp\libg.a(libc_a-mprec.o)
                0x1000d0e8                __ratio
 .text.__copybits
                0x1000d150       0x40 C:/Users/pete/.pico-sdk/toolchain/13_3_Rel1/bin/../lib/gcc/arm-none-eabi/13.3.1/thumb/v6-m/nofp\libg.a(libc_a-mprec.o)
                0x1000d150                __copybits
 .text.__any_on
                0x1000d190       0x4c C:/Users/pete/.pico-sdk/toolchain/13_3_Rel1/bin/../lib/gcc/arm-none-eabi/13.3.1/thumb/v6-m/nofp\libg.a(libc_a-mprec.o)
                0x1000d190                __any_on
 .text.category
                0x1000d1dc       0x54 C:/Users/pete/.pico-sdk/toolchain/13_3_Rel1/bin/../lib/gcc/arm-none-eabi/13.3.1/thumb/v6-m/nofp\libg.a(libc_a-categories.o)
                0x1000d1dc                category
 *(.fini)
 .fini          0x1000d230        0x4 C:/Users/pete/.pico-sdk/toolchain/13_3_Rel1/bin/../lib/gcc/arm-none-eabi/13.3.1/thumb/v6-m/nofp/crti.o
                0x1000d230                _fini
 *fill*         0x1000d234        0x4 
 .fini.__stub   0x1000d238       0x70 linker stubs
 *crtbegin.o(.ctors)
 *crtbegin?.o(.ctors)
 *(EXCLUDE_FILE(*crtend.o *crtend?.o) .ctors)
 *(SORT_BY_NAME(.ctors.*))
 *(.ctors)
 *crtbegin.o(.dtors)
 *crtbegin?.o(.dtors)
 *(EXCLUDE_FILE(*crtend.o *crtend?.o) .dtors)
 *(SORT_BY_NAME(.dtors.*))
 *(.dtors)
                0x1000d2a8                        . = ALIGN (0x4)
                0x1000d2a8                        PROVIDE (__preinit_array_start = .)
 *(SORT_BY_NAME(.preinit_array.*))
 .preinit_array.00100
                0x1000d2a8        0x4 CMakeFiles/blink.dir/C_/Users/pete/.pico-sdk/sdk/2.1.0/src/rp2_common/pico_runtime_init/runtime_init.c.obj
                0x1000d2a8                __pre_init_runtime_init_early_resets
 .preinit_array.00101
                0x1000d2ac        0x4 CMakeFiles/blink.dir/C_/Users/pete/.pico-sdk/sdk/2.1.0/src/rp2_common/pico_runtime_init/runtime_init.c.obj
                0x1000d2ac                __pre_init_runtime_init_usb_power_down
 .preinit_array.00275
                0x1000d2b0        0x4 CMakeFiles/blink.dir/C_/Users/pete/.pico-sdk/sdk/2.1.0/src/rp2_common/pico_bit_ops/bit_ops_aeabi.S.obj
 .preinit_array.00300
                0x1000d2b4        0x4 CMakeFiles/blink.dir/C_/Users/pete/.pico-sdk/sdk/2.1.0/src/rp2_common/pico_mem_ops/mem_ops_aeabi.S.obj
 .preinit_array.00350
                0x1000d2b8        0x4 CMakeFiles/blink.dir/C_/Users/pete/.pico-sdk/sdk/2.1.0/src/rp2_common/pico_double/double_aeabi_rp2040.S.obj
 .preinit_array.00350
                0x1000d2bc        0x4 CMakeFiles/blink.dir/C_/Users/pete/.pico-sdk/sdk/2.1.0/src/rp2_common/pico_float/float_aeabi_rp2040.S.obj
 .preinit_array.00500
                0x1000d2c0        0x4 CMakeFiles/blink.dir/C_/Users/pete/.pico-sdk/sdk/2.1.0/src/rp2_common/pico_runtime_init/runtime_init.c.obj
                0x1000d2c0                __pre_init_runtime_init_clocks
 .preinit_array.00600
                0x1000d2c4        0x4 CMakeFiles/blink.dir/C_/Users/pete/.pico-sdk/sdk/2.1.0/src/rp2_common/pico_runtime_init/runtime_init.c.obj
                0x1000d2c4                __pre_init_runtime_init_post_clock_resets
 .preinit_array.00700
                0x1000d2c8        0x4 CMakeFiles/blink.dir/C_/Users/pete/.pico-sdk/sdk/2.1.0/src/rp2_common/pico_runtime_init/runtime_init.c.obj
                0x1000d2c8                __pre_init_runtime_init_rp2040_gpio_ie_disable
 .preinit_array.01000
                0x1000d2cc        0x4 CMakeFiles/blink.dir/C_/Users/pete/.pico-sdk/sdk/2.1.0/src/rp2_common/pico_runtime_init/runtime_init.c.obj
                0x1000d2cc                __pre_init_runtime_init_spin_locks_reset
 .preinit_array.01100
                0x1000d2d0        0x4 CMakeFiles/blink.dir/C_/Users/pete/.pico-sdk/sdk/2.1.0/src/common/pico_sync/mutex.c.obj
                0x1000d2d0                __pre_init_runtime_init_mutex
 .preinit_array.10080
                0x1000d2d4        0x4 CMakeFiles/blink.dir/C_/Users/pete/.pico-sdk/sdk/2.1.0/src/rp2_common/pico_runtime_init/runtime_init.c.obj
                0x1000d2d4                __pre_init_runtime_init_install_ram_vector_table
 .preinit_array.11000
                0x1000d2d8        0x4 CMakeFiles/blink.dir/C_/Users/pete/.pico-sdk/sdk/2.1.0/src/common/pico_time/time.c.obj
                0x1000d2d8                __pre_init_runtime_init_default_alarm_pool
 .preinit_array.YYYYY
                0x1000d2dc        0x4 CMakeFiles/blink.dir/C_/Users/pete/.pico-sdk/sdk/2.1.0/src/rp2_common/pico_runtime/runtime.c.obj
                0x1000d2dc                __pre_init_first_per_core_initializer
 .preinit_array.ZZZZZ.01200
                0x1000d2e0        0x4 CMakeFiles/blink.dir/C_/Users/pete/.pico-sdk/sdk/2.1.0/src/rp2_common/hardware_irq/irq.c.obj
                0x1000d2e0                __pre_init_runtime_init_per_core_irq_priorities
 *(.preinit_array)
                0x1000d2e4                        PROVIDE (__preinit_array_end = .)
                0x1000d2e4                        . = ALIGN (0x4)
                0x1000d2e4                        PROVIDE (__init_array_start = .)
 *(SORT_BY_NAME(.init_array.*))
 *(.init_array)
 .init_array    0x1000d2e4        0x4 C:/Users/pete/.pico-sdk/toolchain/13_3_Rel1/bin/../lib/gcc/arm-none-eabi/13.3.1/thumb/v6-m/nofp/crtbegin.o
 .init_array    0x1000d2e8        0x4 CMakeFiles/blink.dir/C_/Users/pete/.pico-sdk/sdk/2.1.0/src/rp2_common/pico_unique_id/unique_id.c.obj
                0x1000d2ec                        PROVIDE (__init_array_end = .)
                0x1000d2ec                        . = ALIGN (0x4)
                [!provide]                        PROVIDE (__fini_array_start = .)
 *(SORT_BY_NAME(.fini_array.*))
 *(.fini_array)
                [!provide]                        PROVIDE (__fini_array_end = .)
 *(.eh_frame*)
 .eh_frame      0x1000d2ec        0x0 C:/Users/pete/.pico-sdk/toolchain/13_3_Rel1/bin/../lib/gcc/arm-none-eabi/13.3.1/thumb/v6-m/nofp/crtbegin.o
                0x1000d2ec                        . = ALIGN (0x4)

.glue_7         0x1000d2ec        0x0
 .glue_7        0x1000d2ec        0x0 linker stubs

.glue_7t        0x1000d2ec        0x0
 .glue_7t       0x1000d2ec        0x0 linker stubs

.vfp11_veneer   0x1000d2ec        0x0
 .vfp11_veneer  0x1000d2ec        0x0 linker stubs

.v4_bx          0x1000d2ec        0x0
 .v4_bx         0x1000d2ec        0x0 linker stubs

.iplt           0x1000d2ec        0x0
 .iplt          0x1000d2ec        0x0 C:/Users/pete/.pico-sdk/toolchain/13_3_Rel1/bin/../lib/gcc/arm-none-eabi/13.3.1/thumb/v6-m/nofp/crtbegin.o

.rodata         0x1000d2f0     0x7c44
 *(EXCLUDE_FILE(*libm.a: *libc.a:*lib_a-mem*.o *libgcc.a:) .rodata*)
 .rodata.main.str1.4
                0x1000d2f0      0x6aa CMakeFiles/blink.dir/blink.c.obj
                                0x16f (size before relaxing)
 .rodata.rfm96_set_frequency.str1.4
                0x1000d99a       0x1f CMakeFiles/blink.dir/src/rfm96.c.obj
 .rodata.rfm96_set_coding_rate.str1.4
                0x1000d99a       0x1e CMakeFiles/blink.dir/src/rfm96.c.obj
 .rodata.rfm96_set_bandwidth.str1.4
                0x1000d99a       0x22 CMakeFiles/blink.dir/src/rfm96.c.obj
 .rodata.rfm96_init.str1.4
                0x1000d99a      0x237 CMakeFiles/blink.dir/src/rfm96.c.obj
 *fill*         0x1000d99a        0x2 
 .rodata.bw_bins
                0x1000d99c       0x28 CMakeFiles/blink.dir/src/rfm96.c.obj
 .rodata.ws2812_init.str1.4
                0x1000d9c4       0x27 CMakeFiles/blink.dir/src/ws2812.c.obj
 .rodata.ws2812_program
                0x1000d9c4        0x8 CMakeFiles/blink.dir/src/ws2812.c.obj
 .rodata.ws2812_program_instructions
                0x1000d9cc        0x8 CMakeFiles/blink.dir/src/ws2812.c.obj
 .rodata.panic.str1.4
                0x1000d9d4       0x12 CMakeFiles/blink.dir/C_/Users/pete/.pico-sdk/sdk/2.1.0/src/rp2_common/pico_platform_panic/panic.c.obj
 *fill*         0x1000d9d4        0x4 
 .rodata.at_the_end_of_time
                0x1000d9d8        0x8 CMakeFiles/blink.dir/C_/Users/pete/.pico-sdk/sdk/2.1.0/src/common/pico_time/time.c.obj
                0x1000d9d8                at_the_end_of_time
 .rodata.timer_hardware_alarm_claim.str1.4
                0x1000d9e0       0x22 CMakeFiles/blink.dir/C_/Users/pete/.pico-sdk/sdk/2.1.0/src/rp2_common/hardware_timer/timer.c.obj
 .rodata.hard_assertion_failure.str1.4
                0x1000d9e0        0xc CMakeFiles/blink.dir/C_/Users/pete/.pico-sdk/sdk/2.1.0/src/rp2_common/pico_runtime/runtime.c.obj
 .rodata.__wrap_malloc.str1.4
                0x1000d9e0        0xe CMakeFiles/blink.dir/C_/Users/pete/.pico-sdk/sdk/2.1.0/src/rp2_common/pico_malloc/malloc.c.obj
 .rodata.str1.4
                0x1000d9e0       0x3c CMakeFiles/blink.dir/C_/Users/pete/.pico-sdk/sdk/2.1.0/src/rp2_common/pico_standard_binary_info/standard_binary_info.c.obj
 .rodata.__bi_84
                0x1000d9e0        0xc CMakeFiles/blink.dir/C_/Users/pete/.pico-sdk/sdk/2.1.0/src/rp2_common/pico_standard_binary_info/standard_binary_info.c.obj
 .rodata.__bi_78
                0x1000d9ec        0xc CMakeFiles/blink.dir/C_/Users/pete/.pico-sdk/sdk/2.1.0/src/rp2_common/pico_standard_binary_info/standard_binary_info.c.obj
 .rodata.__bi_54
                0x1000d9f8        0xc CMakeFiles/blink.dir/C_/Users/pete/.pico-sdk/sdk/2.1.0/src/rp2_common/pico_standard_binary_info/standard_binary_info.c.obj
 .rodata.__bi_48
                0x1000da04        0xc CMakeFiles/blink.dir/C_/Users/pete/.pico-sdk/sdk/2.1.0/src/rp2_common/pico_standard_binary_info/standard_binary_info.c.obj
 .rodata.__bi_42
                0x1000da10        0xc CMakeFiles/blink.dir/C_/Users/pete/.pico-sdk/sdk/2.1.0/src/rp2_common/pico_standard_binary_info/standard_binary_info.c.obj
 .rodata.__bi_34
                0x1000da1c        0xc CMakeFiles/blink.dir/C_/Users/pete/.pico-sdk/sdk/2.1.0/src/rp2_common/pico_standard_binary_info/standard_binary_info.c.obj
 .rodata.__bi_26
                0x1000da28        0xc CMakeFiles/blink.dir/C_/Users/pete/.pico-sdk/sdk/2.1.0/src/rp2_common/pico_standard_binary_info/standard_binary_info.c.obj
 .rodata._ftoa.str1.4
                0x1000da34       0x15 CMakeFiles/blink.dir/C_/Users/pete/.pico-sdk/sdk/2.1.0/src/rp2_common/pico_printf/printf.c.obj
 .rodata._vsnprintf
                0x1000da34      0x19c CMakeFiles/blink.dir/C_/Users/pete/.pico-sdk/sdk/2.1.0/src/rp2_common/pico_printf/printf.c.obj
 .rodata.pow10.0
                0x1000dbd0       0x50 CMakeFiles/blink.dir/C_/Users/pete/.pico-sdk/sdk/2.1.0/src/rp2_common/pico_printf/printf.c.obj
 .rodata.__assert_func.str1.4
                0x1000dc20       0x43 CMakeFiles/blink.dir/C_/Users/pete/.pico-sdk/sdk/2.1.0/src/rp2_common/pico_clib_interface/newlib_interface.c.obj
 .rodata.crlf_str.0
                0x1000dc20        0x2 CMakeFiles/blink.dir/C_/Users/pete/.pico-sdk/sdk/2.1.0/src/rp2_common/pico_stdio/stdio.c.obj
 .rodata.str1.4
                0x1000dc22       0x2c CMakeFiles/blink.dir/C_/Users/pete/.pico-sdk/sdk/2.1.0/src/rp2_common/pico_stdio_uart/stdio_uart.c.obj
 *fill*         0x1000dc22        0x2 
 .rodata.__bi_45.4
                0x1000dc24        0xc CMakeFiles/blink.dir/C_/Users/pete/.pico-sdk/sdk/2.1.0/src/rp2_common/pico_stdio_uart/stdio_uart.c.obj
 .rodata.__bi_49.5
                0x1000dc30        0x8 CMakeFiles/blink.dir/C_/Users/pete/.pico-sdk/sdk/2.1.0/src/rp2_common/pico_stdio_uart/stdio_uart.c.obj
 .rodata.__bi_50.6
                0x1000dc38        0x8 CMakeFiles/blink.dir/C_/Users/pete/.pico-sdk/sdk/2.1.0/src/rp2_common/pico_stdio_uart/stdio_uart.c.obj
 .rodata.str1.4
                0x1000dc40        0x4 CMakeFiles/blink.dir/C_/Users/pete/.pico-sdk/sdk/2.1.0/lib/tinyusb/hw/bsp/rp2040/family.c.obj
 .rodata.__bi_147.0
                0x1000dc40        0xc CMakeFiles/blink.dir/C_/Users/pete/.pico-sdk/sdk/2.1.0/lib/tinyusb/hw/bsp/rp2040/family.c.obj
 .rodata.__bi_157.1
                0x1000dc4c        0x8 CMakeFiles/blink.dir/C_/Users/pete/.pico-sdk/sdk/2.1.0/lib/tinyusb/hw/bsp/rp2040/family.c.obj
 .rodata.pio_claim_unused_sm.str1.4
                0x1000dc54       0x24 CMakeFiles/blink.dir/C_/Users/pete/.pico-sdk/sdk/2.1.0/src/rp2_common/hardware_pio/pio.c.obj
 .rodata._ctype_
                0x1000dc54      0x101 C:/Users/pete/.pico-sdk/toolchain/13_3_Rel1/bin/../lib/gcc/arm-none-eabi/13.3.1/thumb/v6-m/nofp\libg.a(libc_a-ctype_.o)
                0x1000dc54                _ctype_
 .rodata.__svfscanf_r.str1.4
                0x1000dd55        0x9 C:/Users/pete/.pico-sdk/toolchain/13_3_Rel1/bin/../lib/gcc/arm-none-eabi/13.3.1/thumb/v6-m/nofp\libg.a(libc_a-vfscanf.o)
 *fill*         0x1000dd55        0x3 
 .rodata.__svfscanf_r
                0x1000dd58      0x3cc C:/Users/pete/.pico-sdk/toolchain/13_3_Rel1/bin/../lib/gcc/arm-none-eabi/13.3.1/thumb/v6-m/nofp\libg.a(libc_a-vfscanf.o)
 .rodata.basefix.0
                0x1000e124       0x22 C:/Users/pete/.pico-sdk/toolchain/13_3_Rel1/bin/../lib/gcc/arm-none-eabi/13.3.1/thumb/v6-m/nofp\libg.a(libc_a-vfscanf.o)
 .rodata.str1.4
                0x1000e146       0x4c C:/Users/pete/.pico-sdk/toolchain/13_3_Rel1/bin/../lib/gcc/arm-none-eabi/13.3.1/thumb/v6-m/nofp\libg.a(libc_a-locale.o)
 .rodata._strtod_l.str1.4
                0x1000e146       0x15 C:/Users/pete/.pico-sdk/toolchain/13_3_Rel1/bin/../lib/gcc/arm-none-eabi/13.3.1/thumb/v6-m/nofp\libg.a(libc_a-strtod.o)
 *fill*         0x1000e146        0x2 
 .rodata._strtod_l
                0x1000e148       0xd0 C:/Users/pete/.pico-sdk/toolchain/13_3_Rel1/bin/../lib/gcc/arm-none-eabi/13.3.1/thumb/v6-m/nofp\libg.a(libc_a-strtod.o)
 .rodata.fpinan.0
                0x1000e218       0x14 C:/Users/pete/.pico-sdk/toolchain/13_3_Rel1/bin/../lib/gcc/arm-none-eabi/13.3.1/thumb/v6-m/nofp\libg.a(libc_a-strtod.o)
 .rodata.fpi.1  0x1000e22c       0x14 C:/Users/pete/.pico-sdk/toolchain/13_3_Rel1/bin/../lib/gcc/arm-none-eabi/13.3.1/thumb/v6-m/nofp\libg.a(libc_a-strtod.o)
 .rodata.tinytens
                0x1000e240       0x28 C:/Users/pete/.pico-sdk/toolchain/13_3_Rel1/bin/../lib/gcc/arm-none-eabi/13.3.1/thumb/v6-m/nofp\libg.a(libc_a-strtod.o)
 .rodata._mbrtowc_r.str1.4
                0x1000e268        0x1 C:/Users/pete/.pico-sdk/toolchain/13_3_Rel1/bin/../lib/gcc/arm-none-eabi/13.3.1/thumb/v6-m/nofp\libg.a(libc_a-mbrtowc.o)
 .rodata.__jp2uc
                0x1000e268       0x20 C:/Users/pete/.pico-sdk/toolchain/13_3_Rel1/bin/../lib/gcc/arm-none-eabi/13.3.1/thumb/v6-m/nofp\libg.a(libc_a-jp2uc.o)
 .rodata._jp2uc_l.str1.4
                0x1000e288       0x12 C:/Users/pete/.pico-sdk/toolchain/13_3_Rel1/bin/../lib/gcc/arm-none-eabi/13.3.1/thumb/v6-m/nofp\libg.a(libc_a-jp2uc.o)
 .rodata.d02f4  0x1000e288     0x1a7c C:/Users/pete/.pico-sdk/toolchain/13_3_Rel1/bin/../lib/gcc/arm-none-eabi/13.3.1/thumb/v6-m/nofp\libg.a(libc_a-jp2uc.o)
 .rodata.b02cf  0x1000fd04     0x172a C:/Users/pete/.pico-sdk/toolchain/13_3_Rel1/bin/../lib/gcc/arm-none-eabi/13.3.1/thumb/v6-m/nofp\libg.a(libc_a-jp2uc.o)
 *fill*         0x1001142e        0x2 
 .rodata.a8     0x10011430       0x40 C:/Users/pete/.pico-sdk/toolchain/13_3_Rel1/bin/../lib/gcc/arm-none-eabi/13.3.1/thumb/v6-m/nofp\libg.a(libc_a-jp2uc.o)
 .rodata.a7     0x10011470       0xa2 C:/Users/pete/.pico-sdk/toolchain/13_3_Rel1/bin/../lib/gcc/arm-none-eabi/13.3.1/thumb/v6-m/nofp\libg.a(libc_a-jp2uc.o)
 *fill*         0x10011512        0x2 
 .rodata.a6     0x10011514       0x70 C:/Users/pete/.pico-sdk/toolchain/13_3_Rel1/bin/../lib/gcc/arm-none-eabi/13.3.1/thumb/v6-m/nofp\libg.a(libc_a-jp2uc.o)
 .rodata.a3     0x10011584       0x5b C:/Users/pete/.pico-sdk/toolchain/13_3_Rel1/bin/../lib/gcc/arm-none-eabi/13.3.1/thumb/v6-m/nofp\libg.a(libc_a-jp2uc.o)
 *fill*         0x100115df        0x1 
 .rodata.a2     0x100115e0       0xbc C:/Users/pete/.pico-sdk/toolchain/13_3_Rel1/bin/../lib/gcc/arm-none-eabi/13.3.1/thumb/v6-m/nofp\libg.a(libc_a-jp2uc.o)
 .rodata.a1     0x1001169c       0xbc C:/Users/pete/.pico-sdk/toolchain/13_3_Rel1/bin/../lib/gcc/arm-none-eabi/13.3.1/thumb/v6-m/nofp\libg.a(libc_a-jp2uc.o)
 .rodata.__gethex.str1.4
                0x10011758       0x79 C:/Users/pete/.pico-sdk/toolchain/13_3_Rel1/bin/../lib/gcc/arm-none-eabi/13.3.1/thumb/v6-m/nofp\libg.a(libc_a-gdtoa-gethex.o)
 .rodata.__hexdig
                0x10011758      0x100 C:/Users/pete/.pico-sdk/toolchain/13_3_Rel1/bin/../lib/gcc/arm-none-eabi/13.3.1/thumb/v6-m/nofp\libg.a(libc_a-gdtoa-gethex.o)
                0x10011758                __hexdig
 .rodata.__multadd.str1.4
                0x10011858       0x6e C:/Users/pete/.pico-sdk/toolchain/13_3_Rel1/bin/../lib/gcc/arm-none-eabi/13.3.1/thumb/v6-m/nofp\libg.a(libc_a-mprec.o)
 .rodata.p05.0  0x10011858        0xc C:/Users/pete/.pico-sdk/toolchain/13_3_Rel1/bin/../lib/gcc/arm-none-eabi/13.3.1/thumb/v6-m/nofp\libg.a(libc_a-mprec.o)
 *fill*         0x10011864        0x4 
 .rodata.__mprec_bigtens
                0x10011868       0x28 C:/Users/pete/.pico-sdk/toolchain/13_3_Rel1/bin/../lib/gcc/arm-none-eabi/13.3.1/thumb/v6-m/nofp\libg.a(libc_a-mprec.o)
                0x10011868                __mprec_bigtens
 .rodata.__mprec_tens
                0x10011890       0xc8 C:/Users/pete/.pico-sdk/toolchain/13_3_Rel1/bin/../lib/gcc/arm-none-eabi/13.3.1/thumb/v6-m/nofp\libg.a(libc_a-mprec.o)
                0x10011890                __mprec_tens
 .rodata.categories
                0x10011958     0x35dc C:/Users/pete/.pico-sdk/toolchain/13_3_Rel1/bin/../lib/gcc/arm-none-eabi/13.3.1/thumb/v6-m/nofp\libg.a(libc_a-categories.o)
                0x10014f34                        . = ALIGN (0x4)
 *(SORT_BY_ALIGNMENT(SORT_BY_NAME(.flashdata*)))
                0x10014f34                        . = ALIGN (0x4)

.ARM.extab
 *(.ARM.extab* .gnu.linkonce.armextab.*)
                0x10014f34                        __exidx_start = .

.ARM.exidx
 *(.ARM.exidx* .gnu.linkonce.armexidx.*)
                0x10014f34                        __exidx_end = .
                0x10014f34                        . = ALIGN (0x4)
                0x10014f34                        __binary_info_start = .

.binary_info    0x10014f34       0x30
 *(.binary_info.keep.*)
 .binary_info.keep.__bi_ptr84
                0x10014f34        0x4 CMakeFiles/blink.dir/C_/Users/pete/.pico-sdk/sdk/2.1.0/src/rp2_common/pico_standard_binary_info/standard_binary_info.c.obj
 .binary_info.keep.__bi_ptr78
                0x10014f38        0x4 CMakeFiles/blink.dir/C_/Users/pete/.pico-sdk/sdk/2.1.0/src/rp2_common/pico_standard_binary_info/standard_binary_info.c.obj
 .binary_info.keep.__bi_ptr54
                0x10014f3c        0x4 CMakeFiles/blink.dir/C_/Users/pete/.pico-sdk/sdk/2.1.0/src/rp2_common/pico_standard_binary_info/standard_binary_info.c.obj
 .binary_info.keep.__bi_ptr48
                0x10014f40        0x4 CMakeFiles/blink.dir/C_/Users/pete/.pico-sdk/sdk/2.1.0/src/rp2_common/pico_standard_binary_info/standard_binary_info.c.obj
 .binary_info.keep.__bi_ptr42
                0x10014f44        0x4 CMakeFiles/blink.dir/C_/Users/pete/.pico-sdk/sdk/2.1.0/src/rp2_common/pico_standard_binary_info/standard_binary_info.c.obj
 .binary_info.keep.__bi_ptr34
                0x10014f48        0x4 CMakeFiles/blink.dir/C_/Users/pete/.pico-sdk/sdk/2.1.0/src/rp2_common/pico_standard_binary_info/standard_binary_info.c.obj
 .binary_info.keep.__bi_ptr26
                0x10014f4c        0x4 CMakeFiles/blink.dir/C_/Users/pete/.pico-sdk/sdk/2.1.0/src/rp2_common/pico_standard_binary_info/standard_binary_info.c.obj
 .binary_info.keep.__bi_ptr157
                0x10014f50        0x4 CMakeFiles/blink.dir/C_/Users/pete/.pico-sdk/sdk/2.1.0/lib/tinyusb/hw/bsp/rp2040/family.c.obj
 .binary_info.keep.__bi_ptr147
                0x10014f54        0x4 CMakeFiles/blink.dir/C_/Users/pete/.pico-sdk/sdk/2.1.0/lib/tinyusb/hw/bsp/rp2040/family.c.obj
 *(.binary_info.*)
 .binary_info.__bi_ptr50
                0x10014f58        0x4 CMakeFiles/blink.dir/C_/Users/pete/.pico-sdk/sdk/2.1.0/src/rp2_common/pico_stdio_uart/stdio_uart.c.obj
 .binary_info.__bi_ptr49
                0x10014f5c        0x4 CMakeFiles/blink.dir/C_/Users/pete/.pico-sdk/sdk/2.1.0/src/rp2_common/pico_stdio_uart/stdio_uart.c.obj
 .binary_info.__bi_ptr45
                0x10014f60        0x4 CMakeFiles/blink.dir/C_/Users/pete/.pico-sdk/sdk/2.1.0/src/rp2_common/pico_stdio_uart/stdio_uart.c.obj
                0x10014f64                        __binary_info_end = .

.rel.dyn        0x10014f64        0x0
 .rel.iplt      0x10014f64        0x0 C:/Users/pete/.pico-sdk/toolchain/13_3_Rel1/bin/../lib/gcc/arm-none-eabi/13.3.1/thumb/v6-m/nofp/crtbegin.o
                0x10014f64                        . = ALIGN (0x4)

.ram_vector_table
                0x20000000       0xc0
 *(.ram_vector_table)
 .ram_vector_table
                0x20000000       0xc0 CMakeFiles/blink.dir/C_/Users/pete/.pico-sdk/sdk/2.1.0/src/rp2_common/pico_runtime_init/runtime_init.c.obj
                0x20000000                ram_vector_table

.uninitialized_data
                0x200000c0        0x0
                0x200000c0                        . = ALIGN (0x4)
 *(.uninitialized_data*)

.data           0x200000c0      0xa58 load address 0x10014f64
                0x200000c0                        __data_start__ = .
 *(vtable)
 *(.time_critical*)
 .time_critical.mutex_try_enter_block_until
                0x200000c0       0x9c CMakeFiles/blink.dir/C_/Users/pete/.pico-sdk/sdk/2.1.0/src/common/pico_sync/mutex.c.obj
                0x200000c0                mutex_try_enter_block_until
 .time_critical.mutex_exit
                0x2000015c       0x28 CMakeFiles/blink.dir/C_/Users/pete/.pico-sdk/sdk/2.1.0/src/common/pico_sync/mutex.c.obj
                0x2000015c                mutex_exit
 .time_critical.spi_write_blocking
                0x20000184       0x4c CMakeFiles/blink.dir/C_/Users/pete/.pico-sdk/sdk/2.1.0/src/rp2_common/hardware_spi/spi.c.obj
                0x20000184                spi_write_blocking
 .time_critical.spi_read_blocking
                0x200001d0       0x70 CMakeFiles/blink.dir/C_/Users/pete/.pico-sdk/sdk/2.1.0/src/rp2_common/hardware_spi/spi.c.obj
                0x200001d0                spi_read_blocking
 .time_critical.flash_init_boot2_copyout
                0x20000240       0x30 CMakeFiles/blink.dir/C_/Users/pete/.pico-sdk/sdk/2.1.0/src/rp2_common/hardware_flash/flash.c.obj
 .time_critical.flash_enable_xip_via_boot2
                0x20000270        0xc CMakeFiles/blink.dir/C_/Users/pete/.pico-sdk/sdk/2.1.0/src/rp2_common/hardware_flash/flash.c.obj
 .time_critical.flash_cs_force
                0x2000027c       0x38 CMakeFiles/blink.dir/C_/Users/pete/.pico-sdk/sdk/2.1.0/src/rp2_common/hardware_flash/flash.c.obj
 .time_critical.flash_do_cmd
                0x200002b4       0xc0 CMakeFiles/blink.dir/C_/Users/pete/.pico-sdk/sdk/2.1.0/src/rp2_common/hardware_flash/flash.c.obj
                0x200002b4                flash_do_cmd
 *(.text*)
 .text          0x20000374        0x4 C:/Users/pete/.pico-sdk/toolchain/13_3_Rel1/bin/../lib/gcc/arm-none-eabi/13.3.1/thumb/v6-m/nofp\libgcc.a(_dvmd_tls.o)
                0x20000374                __aeabi_idiv0
                0x20000374                __aeabi_ldiv0
 .text.__stub   0x20000378       0x10 linker stubs
                0x20000388                        . = ALIGN (0x4)
 *(.rodata*)
                0x20000388                        . = ALIGN (0x4)
 *(.data*)
 .data.spi_pins
                0x20000388        0xc CMakeFiles/blink.dir/blink.c.obj
                0x20000388                spi_pins
 .data.global_spi
                0x20000394        0x4 CMakeFiles/blink.dir/src/rfm96.c.obj
                0x20000394                global_spi
 .data.striped_spin_lock_num
                0x20000398        0x1 CMakeFiles/blink.dir/C_/Users/pete/.pico-sdk/sdk/2.1.0/src/rp2_common/hardware_sync/sync.c.obj
 *fill*         0x20000399        0x3 
 .data          0x2000039c       0x48 CMakeFiles/blink.dir/C_/Users/pete/.pico-sdk/sdk/2.1.0/src/rp2_common/hardware_irq/irq_handler_chain.S.obj
                0x2000039c                irq_handler_chain_slots
                0x200003cc                irq_handler_chain_first_slot
                0x200003d6                irq_handler_chain_remove_tail
 .data.default_alarm_pool
                0x200003e4       0x18 CMakeFiles/blink.dir/C_/Users/pete/.pico-sdk/sdk/2.1.0/src/common/pico_time/time.c.obj
 *fill*         0x200003fc        0x4 
 .data.aeabi_bits_funcs
                0x20000400       0x10 CMakeFiles/blink.dir/C_/Users/pete/.pico-sdk/sdk/2.1.0/src/rp2_common/pico_bit_ops/bit_ops_aeabi.S.obj
                0x20000400                aeabi_bits_funcs
                0x20000410                aeabi_bits_funcs_end
 .data.aeabi_mem_funcs
                0x20000410       0x10 CMakeFiles/blink.dir/C_/Users/pete/.pico-sdk/sdk/2.1.0/src/rp2_common/pico_mem_ops/mem_ops_aeabi.S.obj
                0x20000410                aeabi_mem_funcs
                0x20000420                aeabi_mem_funcs_end
 .data.stdio_uart
                0x20000420       0x18 CMakeFiles/blink.dir/C_/Users/pete/.pico-sdk/sdk/2.1.0/src/rp2_common/pico_stdio_uart/stdio_uart.c.obj
                0x20000420                stdio_uart
 .data.i2c0_inst
                0x20000438        0x8 CMakeFiles/blink.dir/C_/Users/pete/.pico-sdk/sdk/2.1.0/src/rp2_common/hardware_i2c/i2c.c.obj
                0x20000438                i2c0_inst
 .data.__malloc_sbrk_base
                0x20000440        0x4 C:/Users/pete/.pico-sdk/toolchain/13_3_Rel1/bin/../lib/gcc/arm-none-eabi/13.3.1/thumb/v6-m/nofp\libg.a(libc_a-mallocr.o)
                0x20000440                __malloc_sbrk_base
 .data.__malloc_trim_threshold
                0x20000444        0x4 C:/Users/pete/.pico-sdk/toolchain/13_3_Rel1/bin/../lib/gcc/arm-none-eabi/13.3.1/thumb/v6-m/nofp\libg.a(libc_a-mallocr.o)
                0x20000444                __malloc_trim_threshold
 .data.__malloc_av_
                0x20000448      0x408 C:/Users/pete/.pico-sdk/toolchain/13_3_Rel1/bin/../lib/gcc/arm-none-eabi/13.3.1/thumb/v6-m/nofp\libg.a(libc_a-mallocr.o)
                0x20000448                __malloc_av_
 .data._impure_ptr
                0x20000850        0x4 C:/Users/pete/.pico-sdk/toolchain/13_3_Rel1/bin/../lib/gcc/arm-none-eabi/13.3.1/thumb/v6-m/nofp\libg.a(libc_a-impure.o)
                0x20000850                _impure_ptr
 *fill*         0x20000854        0x4 
 .data._impure_data
                0x20000858      0x140 C:/Users/pete/.pico-sdk/toolchain/13_3_Rel1/bin/../lib/gcc/arm-none-eabi/13.3.1/thumb/v6-m/nofp\libg.a(libc_a-impure.o)
                0x20000858                _impure_data
 .data.__sglue  0x20000998        0xc C:/Users/pete/.pico-sdk/toolchain/13_3_Rel1/bin/../lib/gcc/arm-none-eabi/13.3.1/thumb/v6-m/nofp\libg.a(libc_a-findfp.o)
                0x20000998                __sglue
 .data.__global_locale
                0x200009a4      0x16c C:/Users/pete/.pico-sdk/toolchain/13_3_Rel1/bin/../lib/gcc/arm-none-eabi/13.3.1/thumb/v6-m/nofp\libg.a(libc_a-locale.o)
                0x200009a4                __global_locale
                0x20000b10                        . = ALIGN (0x4)
 *(.after_data.*)
                0x20000b10                        . = ALIGN (0x4)
                0x20000b10                        PROVIDE (__mutex_array_start = .)
 *(SORT_BY_NAME(.mutex_array.*))
 *(.mutex_array)
 .mutex_array   0x20000b10        0x8 CMakeFiles/blink.dir/C_/Users/pete/.pico-sdk/sdk/2.1.0/src/rp2_common/pico_stdio/stdio.c.obj
                0x20000b18                        PROVIDE (__mutex_array_end = .)
                0x20000b18                        . = ALIGN (0x4)
 *(.jcr)
                0x20000b18                        . = ALIGN (0x4)

.tm_clone_table
                0x20000b18        0x0 load address 0x100159bc
 .tm_clone_table
                0x20000b18        0x0 C:/Users/pete/.pico-sdk/toolchain/13_3_Rel1/bin/../lib/gcc/arm-none-eabi/13.3.1/thumb/v6-m/nofp/crtbegin.o
 .tm_clone_table
                0x20000b18        0x0 C:/Users/pete/.pico-sdk/toolchain/13_3_Rel1/bin/../lib/gcc/arm-none-eabi/13.3.1/thumb/v6-m/nofp/crtend.o

.igot.plt       0x20000b18        0x0 load address 0x100159bc
 .igot.plt      0x20000b18        0x0 C:/Users/pete/.pico-sdk/toolchain/13_3_Rel1/bin/../lib/gcc/arm-none-eabi/13.3.1/thumb/v6-m/nofp/crtbegin.o

.tdata          0x20000b18        0x0 load address 0x100159bc
                0x20000b18                        . = ALIGN (0x4)
 *(.tdata .tdata.* .gnu.linkonce.td.*)
                0x20000b18                        __tdata_end = .
                0x20000b18                        PROVIDE (__data_end__ = .)
                0x10014f64                        __etext = LOADADDR (.data)

.tbss           0x20000b18        0x0 load address 0x100159bc
                0x20000b18                        . = ALIGN (0x4)
                0x20000b18                        __bss_start__ = .
                0x20000b18                        __tls_base = .
 *(.tbss .tbss.* .gnu.linkonce.tb.*)
 *(.tcommon)
                0x20000b18                        __tls_end = .

.bss            0x20000b18      0x8b0 load address 0x100159bc
                0x20000b18                        . = ALIGN (0x4)
                0x20000b18                        __tbss_end = .
 *(SORT_BY_ALIGNMENT(SORT_BY_NAME(.bss*)))
 .bss.default_alarm_pool_entries
                0x20000b18      0x180 CMakeFiles/blink.dir/C_/Users/pete/.pico-sdk/sdk/2.1.0/src/common/pico_time/time.c.obj
 .bss.sd_table  0x20000c98      0x100 CMakeFiles/blink.dir/C_/Users/pete/.pico-sdk/sdk/2.1.0/src/rp2_common/pico_double/double_init_rom_rp2040.c.obj
                0x20000c98                sd_table
 .bss.sf_table  0x20000d98      0x100 CMakeFiles/blink.dir/C_/Users/pete/.pico-sdk/sdk/2.1.0/src/rp2_common/pico_float/float_init_rom_rp2040.c.obj
                0x20000d98                sf_table
 .bss.__lock___malloc_recursive_mutex
                0x20000e98        0x1 C:/Users/pete/.pico-sdk/toolchain/13_3_Rel1/bin/../lib/gcc/arm-none-eabi/13.3.1/thumb/v6-m/nofp\libg.a(libc_a-lock.o)
                0x20000e98                __lock___malloc_recursive_mutex
 *fill*         0x20000e99        0x3 
 .bss.__lock___sfp_recursive_mutex
                0x20000e9c        0x1 C:/Users/pete/.pico-sdk/toolchain/13_3_Rel1/bin/../lib/gcc/arm-none-eabi/13.3.1/thumb/v6-m/nofp\libg.a(libc_a-lock.o)
                0x20000e9c                __lock___sfp_recursive_mutex
 *fill*         0x20000e9d        0x3 
 .bss.__malloc_current_mallinfo
                0x20000ea0       0x28 C:/Users/pete/.pico-sdk/toolchain/13_3_Rel1/bin/../lib/gcc/arm-none-eabi/13.3.1/thumb/v6-m/nofp\libg.a(libc_a-mallocr.o)
                0x20000ea0                __malloc_current_mallinfo
 .bss.__malloc_max_sbrked_mem
                0x20000ec8        0x4 C:/Users/pete/.pico-sdk/toolchain/13_3_Rel1/bin/../lib/gcc/arm-none-eabi/13.3.1/thumb/v6-m/nofp\libg.a(libc_a-mallocr.o)
                0x20000ec8                __malloc_max_sbrked_mem
 .bss.__malloc_max_total_mem