Archive member included to satisfy reference by file (symbol)

C:/Users/pete/.pico-sdk/toolchain/13_3_Rel1/bin/../lib/gcc/arm-none-eabi/13.3.1/thumb/v8-m.main+fp/softfp\libm.a(libm_a-wf_sqrt.o)
                              CMakeFiles/blink.dir/C_/Users/pete/.pico-sdk/sdk/2.1.0/src/rp2_common/pico_float/float_math.c.obj (sqrtf)
C:/Users/pete/.pico-sdk/toolchain/13_3_Rel1/bin/../lib/gcc/arm-none-eabi/13.3.1/thumb/v8-m.main+fp/softfp\libm.a(libm_a-ef_sqrt.o)
                              C:/Users/pete/.pico-sdk/toolchain/13_3_Rel1/bin/../lib/gcc/arm-none-eabi/13.3.1/thumb/v8-m.main+fp/softfp\libm.a(libm_a-wf_sqrt.o) (__ieee754_sqrtf)
C:/Users/pete/.pico-sdk/toolchain/13_3_Rel1/bin/../lib/gcc/arm-none-eabi/13.3.1/thumb/v8-m.main+fp/softfp\libgcc.a(_arm_addsubdf3.o)
                              CMakeFiles/blink.dir/C_/Users/pete/.pico-sdk/sdk/2.1.0/src/rp2_common/pico_float/float_math.c.obj (__aeabi_f2d)
C:/Users/pete/.pico-sdk/toolchain/13_3_Rel1/bin/../lib/gcc/arm-none-eabi/13.3.1/thumb/v8-m.main+fp/softfp\libgcc.a(_aeabi_ldivmod.o)
                              CMakeFiles/blink.dir/C_/Users/pete/.pico-sdk/sdk/2.1.0/src/common/pico_time/time.c.obj (__aeabi_ldivmod)
C:/Users/pete/.pico-sdk/toolchain/13_3_Rel1/bin/../lib/gcc/arm-none-eabi/13.3.1/thumb/v8-m.main+fp/softfp\libgcc.a(_aeabi_uldivmod.o)
                              CMakeFiles/blink.dir/C_/Users/pete/.pico-sdk/sdk/2.1.0/src/rp2_common/hardware_clocks/clocks.c.obj (__aeabi_uldivmod)
C:/Users/pete/.pico-sdk/toolchain/13_3_Rel1/bin/../lib/gcc/arm-none-eabi/13.3.1/thumb/v8-m.main+fp/softfp\libgcc.a(_udivmoddi4.o)
                              C:/Users/pete/.pico-sdk/toolchain/13_3_Rel1/bin/../lib/gcc/arm-none-eabi/13.3.1/thumb/v8-m.main+fp/softfp\libgcc.a(_aeabi_ldivmod.o) (__udivmoddi4)
C:/Users/pete/.pico-sdk/toolchain/13_3_Rel1/bin/../lib/gcc/arm-none-eabi/13.3.1/thumb/v8-m.main+fp/softfp\libgcc.a(_dvmd_tls.o)
                              C:/Users/pete/.pico-sdk/toolchain/13_3_Rel1/bin/../lib/gcc/arm-none-eabi/13.3.1/thumb/v8-m.main+fp/softfp\libgcc.a(_aeabi_ldivmod.o) (__aeabi_ldiv0)
C:/Users/pete/.pico-sdk/toolchain/13_3_Rel1/bin/../lib/gcc/arm-none-eabi/13.3.1/thumb/v8-m.main+fp/softfp\libg.a(libc_a-calloc.o)
                              CMakeFiles/blink.dir/C_/Users/pete/.pico-sdk/sdk/2.1.0/src/rp2_common/pico_malloc/malloc.c.obj (calloc)
C:/Users/pete/.pico-sdk/toolchain/13_3_Rel1/bin/../lib/gcc/arm-none-eabi/13.3.1/thumb/v8-m.main+fp/softfp\libg.a(libc_a-callocr.o)
                              C:/Users/pete/.pico-sdk/toolchain/13_3_Rel1/bin/../lib/gcc/arm-none-eabi/13.3.1/thumb/v8-m.main+fp/softfp\libg.a(libc_a-calloc.o) (_calloc_r)
C:/Users/pete/.pico-sdk/toolchain/13_3_Rel1/bin/../lib/gcc/arm-none-eabi/13.3.1/thumb/v8-m.main+fp/softfp\libg.a(libc_a-malloc.o)
                              CMakeFiles/blink.dir/C_/Users/pete/.pico-sdk/sdk/2.1.0/src/rp2_common/pico_malloc/malloc.c.obj (malloc)
C:/Users/pete/.pico-sdk/toolchain/13_3_Rel1/bin/../lib/gcc/arm-none-eabi/13.3.1/thumb/v8-m.main+fp/softfp\libg.a(libc_a-mallocr.o)
                              C:/Users/pete/.pico-sdk/toolchain/13_3_Rel1/bin/../lib/gcc/arm-none-eabi/13.3.1/thumb/v8-m.main+fp/softfp\libg.a(libc_a-callocr.o) (_malloc_r)
C:/Users/pete/.pico-sdk/toolchain/13_3_Rel1/bin/../lib/gcc/arm-none-eabi/13.3.1/thumb/v8-m.main+fp/softfp\libg.a(libc_a-mlock.o)
                              C:/Users/pete/.pico-sdk/toolchain/13_3_Rel1/bin/../lib/gcc/arm-none-eabi/13.3.1/thumb/v8-m.main+fp/softfp\libg.a(libc_a-mallocr.o) (__malloc_lock)
C:/Users/pete/.pico-sdk/toolchain/13_3_Rel1/bin/../lib/gcc/arm-none-eabi/13.3.1/thumb/v8-m.main+fp/softfp\libg.a(libc_a-realloc.o)
                              CMakeFiles/blink.dir/C_/Users/pete/.pico-sdk/sdk/2.1.0/src/rp2_common/pico_malloc/malloc.c.obj (realloc)
C:/Users/pete/.pico-sdk/toolchain/13_3_Rel1/bin/../lib/gcc/arm-none-eabi/13.3.1/thumb/v8-m.main+fp/softfp\libg.a(libc_a-reallocr.o)
                              C:/Users/pete/.pico-sdk/toolchain/13_3_Rel1/bin/../lib/gcc/arm-none-eabi/13.3.1/thumb/v8-m.main+fp/softfp\libg.a(libc_a-realloc.o) (_realloc_r)
C:/Users/pete/.pico-sdk/toolchain/13_3_Rel1/bin/../lib/gcc/arm-none-eabi/13.3.1/thumb/v8-m.main+fp/softfp\libg.a(libc_a-memcmp.o)
                              CMakeFiles/blink.dir/C_/Users/pete/.pico-sdk/sdk/2.1.0/src/rp2_common/pico_atomic/atomic.c.obj (memcmp)
C:/Users/pete/.pico-sdk/toolchain/13_3_Rel1/bin/../lib/gcc/arm-none-eabi/13.3.1/thumb/v8-m.main+fp/softfp\libg.a(libc_a-memmove.o)
                              C:/Users/pete/.pico-sdk/toolchain/13_3_Rel1/bin/../lib/gcc/arm-none-eabi/13.3.1/thumb/v8-m.main+fp/softfp\libg.a(libc_a-reallocr.o) (memmove)
C:/Users/pete/.pico-sdk/toolchain/13_3_Rel1/bin/../lib/gcc/arm-none-eabi/13.3.1/thumb/v8-m.main+fp/softfp\libg.a(libc_a-memset.o)
                              C:/Users/pete/.pico-sdk/toolchain/13_3_Rel1/bin/../lib/gcc/arm-none-eabi/13.3.1/thumb/v8-m.main+fp/softfp/crt0.o (memset)
[...]
Memory Configuration

Name             Origin             Length             Attributes
FLASH            0x10000000         0x00400000         xr
RAM              0x20000000         0x00080000         xrw
SCRATCH_X        0x20080000         0x00001000         xrw
SCRATCH_Y        0x20081000         0x00001000         xrw
*default*        0x00000000         0xffffffff

Linker script and memory map

LOAD C:/Users/pete/.pico-sdk/toolchain/13_3_Rel1/bin/../lib/gcc/arm-none-eabi/13.3.1/thumb/v8-m.main+fp/softfp/crti.o
LOAD C:/Users/pete/.pico-sdk/toolchain/13_3_Rel1/bin/../lib/gcc/arm-none-eabi/13.3.1/thumb/v8-m.main+fp/softfp/crtbegin.o
LOAD C:/Users/pete/.pico-sdk/toolchain/13_3_Rel1/bin/../lib/gcc/arm-none-eabi/13.3.1/thumb/v8-m.main+fp/softfp/crt0.o

.flash_begin    0x10000000        0x0
                0x10000000                        __flash_binary_start = .

.text           0x10000000     0x6380
                0x10000000                        __logical_binary_start = .
 *(.vectors)
 .vectors       0x10000000      0x124 CMakeFiles/blink.dir/C_/Users/pete/.pico-sdk/sdk/2.1.0/src/rp2_common/pico_crt0/crt0.S.obj
                0x10000000                __VECTOR_TABLE
                0x10000000                __vectors
                0x10000110                __default_isrs_start
                0x10000110                isr_invalid
                0x10000112                isr_nmi
                0x10000114                isr_hardfault
                0x10000116                isr_svcall
                0x10000118                isr_pendsv
                0x1000011a                isr_systick
                0x1000011c                isr_irq31
                0x1000011c                isr_irq5
                0x1000011c                isr_irq11
                0x1000011c                isr_irq32
                0x1000011c                isr_irq23
                0x1000011c                isr_irq48
                0x1000011c                isr_irq35
                0x1000011c                isr_irq18
                0x1000011c                isr_irq50
                0x1000011c                isr_irq27
                0x1000011c                isr_irq40
                0x1000011c                isr_irq28
                0x1000011c                isr_irq19
                0x1000011c                isr_irq36
                0x1000011c                isr_irq41
                0x1000011c                isr_irq0
                0x1000011c                isr_irq6
                0x1000011c                isr_irq45
                0x1000011c                isr_irq12
                0x1000011c                isr_irq37
                0x1000011c                isr_irq42
                0x1000011c                isr_irq22
                0x1000011c                isr_irq43
                0x1000011c                isr_irq17
                0x1000011c                isr_irq38
                0x1000011c                isr_irq14
                0x1000011c                isr_irq13
                0x1000011c                isr_irq2
                0x1000011c                isr_irq10
                0x1000011c                isr_irq8
                0x1000011c                isr_irq24
                0x1000011c                isr_irq46
                0x1000011c                isr_irq1
                0x1000011c                isr_irq47
                0x1000011c                isr_irq51
                0x1000011c                isr_irq7
                0x1000011c                isr_irq21
                0x1000011c                isr_irq39
                0x1000011c                isr_irq20
                0x1000011c                isr_irq15
                0x1000011c                isr_irq25
                0x1000011c                isr_irq34
                0x1000011c                isr_irq49
                0x1000011c                __unhandled_user_irq
                0x1000011c                isr_irq4
                0x1000011c                isr_irq16
                0x1000011c                isr_irq44
                0x1000011c                isr_irq29
                0x1000011c                isr_irq26
                0x1000011c                __default_isrs_end
                0x1000011c                isr_irq33
                0x1000011c                isr_irq3
                0x1000011c                isr_irq30
                0x1000011c                isr_irq9
                0x10000122                unhandled_user_irq_num_in_r0
 *(.binary_info_header)
 .binary_info_header
                0x10000124       0x14 CMakeFiles/blink.dir/C_/Users/pete/.pico-sdk/sdk/2.1.0/src/rp2_common/pico_crt0/crt0.S.obj
                0x10000138                        __binary_info_header_end = .
 *(.embedded_block)
 .embedded_block
                0x10000138       0x14 CMakeFiles/blink.dir/C_/Users/pete/.pico-sdk/sdk/2.1.0/src/rp2_common/pico_crt0/crt0.S.obj
                0x1000014c                        __embedded_block_end = .
 *(.reset)
 .reset         0x1000014c       0xa0 CMakeFiles/blink.dir/C_/Users/pete/.pico-sdk/sdk/2.1.0/src/rp2_common/pico_crt0/crt0.S.obj
                0x1000014c                _entry_point
 *(.init)
 .init          0x100001ec        0x4 C:/Users/pete/.pico-sdk/toolchain/13_3_Rel1/bin/../lib/gcc/arm-none-eabi/13.3.1/thumb/v8-m.main+fp/softfp/crti.o
                0x100001ec                _init
 *libgcc.a:cmse_nonsecure_call.o()
 *(EXCLUDE_FILE(*libm.a: *libc.a:*lib_a-mem*.o *libgcc.a:) .text*)
 .text.register_tm_clones
                0x100001f0       0x28 C:/Users/pete/.pico-sdk/toolchain/13_3_Rel1/bin/../lib/gcc/arm-none-eabi/13.3.1/thumb/v8-m.main+fp/softfp/crtbegin.o
 .text.frame_dummy
                0x10000218       0x24 C:/Users/pete/.pico-sdk/toolchain/13_3_Rel1/bin/../lib/gcc/arm-none-eabi/13.3.1/thumb/v8-m.main+fp/softfp/crtbegin.o
 .text.pico_I2C_init
                0x1000023c       0x3c CMakeFiles/blink.dir/blink.c.obj
                0x1000023c                pico_I2C_init
 .text.startup.main
                0x10000278      0x6e0 CMakeFiles/blink.dir/blink.c.obj
                0x10000278                main
 .text.rfm96_init
                0x10000958      0x134 CMakeFiles/blink.dir/src/rfm96.c.obj
                0x10000958                rfm96_init
 .text.gpio_set_function
                0x10000a8c       0x3c CMakeFiles/blink.dir/C_/Users/pete/.pico-sdk/sdk/2.1.0/src/rp2_common/hardware_gpio/gpio.c.obj
                0x10000a8c                gpio_set_function
 .text.gpio_set_pulls
                0x10000ac8       0x28 CMakeFiles/blink.dir/C_/Users/pete/.pico-sdk/sdk/2.1.0/src/rp2_common/hardware_gpio/gpio.c.obj
                0x10000ac8                gpio_set_pulls
 .text.gpio_init
                0x10000af0       0x48 CMakeFiles/blink.dir/C_/Users/pete/.pico-sdk/sdk/2.1.0/src/rp2_common/hardware_gpio/gpio.c.obj
                0x10000af0                gpio_init
 .text.panic    0x10000b38       0x30 CMakeFiles/blink.dir/C_/Users/pete/.pico-sdk/sdk/2.1.0/src/rp2_common/pico_platform_panic/panic.c.obj
                0x10000b38                panic
 .text.hw_claim_or_assert
                0x10000b68       0x58 CMakeFiles/blink.dir/C_/Users/pete/.pico-sdk/sdk/2.1.0/src/common/hardware_claim/claim.c.obj
                0x10000b68                hw_claim_or_assert
 .text.next_striped_spin_lock_num
                0x10000bc0       0x18 CMakeFiles/blink.dir/C_/Users/pete/.pico-sdk/sdk/2.1.0/src/rp2_common/hardware_sync/sync.c.obj
                0x10000bc0                next_striped_spin_lock_num
 .text.spinlock_set_extexclall
                0x10000bd8       0x10 CMakeFiles/blink.dir/C_/Users/pete/.pico-sdk/sdk/2.1.0/src/rp2_common/hardware_sync_spin_lock/sync_spin_lock.c.obj
 .text.spin_locks_reset
                0x10000be8       0x18 CMakeFiles/blink.dir/C_/Users/pete/.pico-sdk/sdk/2.1.0/src/rp2_common/hardware_sync_spin_lock/sync_spin_lock.c.obj
                0x10000be8                spin_locks_reset
 .text.runtime_init_per_core_irq_priorities
                0x10000c00       0x40 CMakeFiles/blink.dir/C_/Users/pete/.pico-sdk/sdk/2.1.0/src/rp2_common/hardware_irq/irq.c.obj
                0x10000c00                runtime_init_per_core_irq_priorities
 .text.irq_set_enabled
                0x10000c40       0x2c CMakeFiles/blink.dir/C_/Users/pete/.pico-sdk/sdk/2.1.0/src/rp2_common/hardware_irq/irq.c.obj
                0x10000c40                irq_set_enabled
 .text.irq_set_exclusive_handler
                0x10000c6c       0x60 CMakeFiles/blink.dir/C_/Users/pete/.pico-sdk/sdk/2.1.0/src/rp2_common/hardware_irq/irq.c.obj
                0x10000c6c                irq_set_exclusive_handler
 .text.irq_remove_handler
                0x10000ccc      0x1fc CMakeFiles/blink.dir/C_/Users/pete/.pico-sdk/sdk/2.1.0/src/rp2_common/hardware_irq/irq.c.obj
                0x10000ccc                irq_remove_handler
 .text.irq_add_tail_to_free_list
                0x10000ec8       0xbc CMakeFiles/blink.dir/C_/Users/pete/.pico-sdk/sdk/2.1.0/src/rp2_common/hardware_irq/irq.c.obj
                0x10000ec8                irq_add_tail_to_free_list
 .text.lock_init
                0x10000f84        0xc CMakeFiles/blink.dir/C_/Users/pete/.pico-sdk/sdk/2.1.0/src/common/pico_sync/lock_core.c.obj
                0x10000f84                lock_init
 .text.runtime_init_mutex
                0x10000f90       0x4c CMakeFiles/blink.dir/C_/Users/pete/.pico-sdk/sdk/2.1.0/src/common/pico_sync/mutex.c.obj
                0x10000f90                runtime_init_mutex
 .text.mutex_init
                0x10000fdc       0x1c CMakeFiles/blink.dir/C_/Users/pete/.pico-sdk/sdk/2.1.0/src/common/pico_sync/mutex.c.obj
                0x10000fdc                mutex_init
 .text.sleep_until_callback
                0x10000ff8       0x3c CMakeFiles/blink.dir/C_/Users/pete/.pico-sdk/sdk/2.1.0/src/common/pico_time/time.c.obj
 *fill*         0x10001034        0x4 
 .text.alarm_pool_irq_handler
                0x10001038      0x2e0 CMakeFiles/blink.dir/C_/Users/pete/.pico-sdk/sdk/2.1.0/src/common/pico_time/time.c.obj
 .text.runtime_init_default_alarm_pool
                0x10001318      0x100 CMakeFiles/blink.dir/C_/Users/pete/.pico-sdk/sdk/2.1.0/src/common/pico_time/time.c.obj
                0x10001318                runtime_init_default_alarm_pool
 .text.alarm_pool_get_default
                0x10001418        0x8 CMakeFiles/blink.dir/C_/Users/pete/.pico-sdk/sdk/2.1.0/src/common/pico_time/time.c.obj
                0x10001418                alarm_pool_get_default
 .text.alarm_pool_add_alarm_at_force_in_context
                0x10001420       0xc8 CMakeFiles/blink.dir/C_/Users/pete/.pico-sdk/sdk/2.1.0/src/common/pico_time/time.c.obj
                0x10001420                alarm_pool_add_alarm_at_force_in_context
 .text.alarm_pool_cancel_alarm
                0x100014e8       0x80 CMakeFiles/blink.dir/C_/Users/pete/.pico-sdk/sdk/2.1.0/src/common/pico_time/time.c.obj
                0x100014e8                alarm_pool_cancel_alarm
 .text.alarm_pool_core_num
                0x10001568        0x4 CMakeFiles/blink.dir/C_/Users/pete/.pico-sdk/sdk/2.1.0/src/common/pico_time/time.c.obj
                0x10001568                alarm_pool_core_num
 .text.sleep_until
                0x1000156c       0xbc CMakeFiles/blink.dir/C_/Users/pete/.pico-sdk/sdk/2.1.0/src/common/pico_time/time.c.obj
                0x1000156c                sleep_until
 .text.sleep_us
                0x10001628       0x30 CMakeFiles/blink.dir/C_/Users/pete/.pico-sdk/sdk/2.1.0/src/common/pico_time/time.c.obj
                0x10001628                sleep_us
 .text.sleep_ms
                0x10001658       0x2c CMakeFiles/blink.dir/C_/Users/pete/.pico-sdk/sdk/2.1.0/src/common/pico_time/time.c.obj
                0x10001658                sleep_ms
 .text.best_effort_wfe_or_timeout
                0x10001684       0xb0 CMakeFiles/blink.dir/C_/Users/pete/.pico-sdk/sdk/2.1.0/src/common/pico_time/time.c.obj
                0x10001684                best_effort_wfe_or_timeout
 .text.check_single_timeout_us
                0x10001734       0x28 CMakeFiles/blink.dir/C_/Users/pete/.pico-sdk/sdk/2.1.0/src/common/pico_time/timeout_helper.c.obj
 .text.init_single_timeout_until
                0x1000175c       0x10 CMakeFiles/blink.dir/C_/Users/pete/.pico-sdk/sdk/2.1.0/src/common/pico_time/timeout_helper.c.obj
                0x1000175c                init_single_timeout_until
 .text.timer_hardware_alarm_claim
                0x1000176c       0x24 CMakeFiles/blink.dir/C_/Users/pete/.pico-sdk/sdk/2.1.0/src/rp2_common/hardware_timer/timer.c.obj
                0x1000176c                timer_hardware_alarm_claim
 .text.timer_time_us_64
                0x10001790       0x10 CMakeFiles/blink.dir/C_/Users/pete/.pico-sdk/sdk/2.1.0/src/rp2_common/hardware_timer/timer.c.obj
                0x10001790                timer_time_us_64
 .text.time_us_64
                0x100017a0       0x14 CMakeFiles/blink.dir/C_/Users/pete/.pico-sdk/sdk/2.1.0/src/rp2_common/hardware_timer/timer.c.obj
                0x100017a0                time_us_64
 .text.busy_wait_us
                0x100017b4       0x64 CMakeFiles/blink.dir/C_/Users/pete/.pico-sdk/sdk/2.1.0/src/rp2_common/hardware_timer/timer.c.obj
                0x100017b4                busy_wait_us
 .text.busy_wait_ms
                0x10001818       0x88 CMakeFiles/blink.dir/C_/Users/pete/.pico-sdk/sdk/2.1.0/src/rp2_common/hardware_timer/timer.c.obj
                0x10001818                busy_wait_ms
 .text.busy_wait_until
                0x100018a0       0x24 CMakeFiles/blink.dir/C_/Users/pete/.pico-sdk/sdk/2.1.0/src/rp2_common/hardware_timer/timer.c.obj
                0x100018a0                busy_wait_until
 .text.uart_init
                0x100018c4      0x104 CMakeFiles/blink.dir/C_/Users/pete/.pico-sdk/sdk/2.1.0/src/rp2_common/hardware_uart/uart.c.obj
                0x100018c4                uart_init
 .text.clock_configure_undivided
                0x100019c8       0xd0 CMakeFiles/blink.dir/C_/Users/pete/.pico-sdk/sdk/2.1.0/src/rp2_common/hardware_clocks/clocks.c.obj
                0x100019c8                clock_configure_undivided
 .text.clock_get_hz
                0x10001a98        0xc CMakeFiles/blink.dir/C_/Users/pete/.pico-sdk/sdk/2.1.0/src/rp2_common/hardware_clocks/clocks.c.obj
                0x10001a98                clock_get_hz
 .text.pll_init
                0x10001aa4       0x8c CMakeFiles/blink.dir/C_/Users/pete/.pico-sdk/sdk/2.1.0/src/rp2_common/hardware_pll/pll.c.obj
                0x10001aa4                pll_init
 .text.tick_start
                0x10001b30       0x18 CMakeFiles/blink.dir/C_/Users/pete/.pico-sdk/sdk/2.1.0/src/rp2_common/hardware_ticks/ticks.c.obj
                0x10001b30                tick_start
 .text.rom_func_lookup
                0x10001b48       0x18 CMakeFiles/blink.dir/C_/Users/pete/.pico-sdk/sdk/2.1.0/src/rp2_common/pico_bootrom/bootrom.c.obj
                0x10001b48                rom_func_lookup
 .text.runtime_init_bootrom_locking_enable
                0x10001b60       0x14 CMakeFiles/blink.dir/C_/Users/pete/.pico-sdk/sdk/2.1.0/src/rp2_common/pico_bootrom/bootrom_lock.c.obj
                0x10001b60                runtime_init_bootrom_locking_enable
 .text.runtime_init_boot_locks_reset
                0x10001b74       0x1c CMakeFiles/blink.dir/C_/Users/pete/.pico-sdk/sdk/2.1.0/src/rp2_common/hardware_boot_lock/boot_lock.c.obj
                0x10001b74                runtime_init_boot_locks_reset
 .text.xosc_init
                0x10001b90       0x2c CMakeFiles/blink.dir/C_/Users/pete/.pico-sdk/sdk/2.1.0/src/rp2_common/hardware_xosc/xosc.c.obj
                0x10001b90                xosc_init
 .text.first_per_core_initializer
                0x10001bbc        0x4 CMakeFiles/blink.dir/C_/Users/pete/.pico-sdk/sdk/2.1.0/src/rp2_common/pico_runtime/runtime.c.obj
 .text.hard_assertion_failure
                0x10001bc0        0xc CMakeFiles/blink.dir/C_/Users/pete/.pico-sdk/sdk/2.1.0/src/rp2_common/pico_runtime/runtime.c.obj
                0x10001bc0                hard_assertion_failure
 .text.runtime_run_initializers
                0x10001bcc       0x20 CMakeFiles/blink.dir/C_/Users/pete/.pico-sdk/sdk/2.1.0/src/rp2_common/pico_runtime/runtime.c.obj
                0x10001bcc                runtime_run_initializers
 .text.runtime_init_early_resets
                0x10001bec       0x34 CMakeFiles/blink.dir/C_/Users/pete/.pico-sdk/sdk/2.1.0/src/rp2_common/pico_runtime_init/runtime_init.c.obj
                0x10001bec                runtime_init_early_resets
 .text.runtime_init_usb_power_down
                0x10001c20       0x1c CMakeFiles/blink.dir/C_/Users/pete/.pico-sdk/sdk/2.1.0/src/rp2_common/pico_runtime_init/runtime_init.c.obj
                0x10001c20                runtime_init_usb_power_down
 .text.runtime_init_per_core_enable_coprocessors
                0x10001c3c       0x1c CMakeFiles/blink.dir/C_/Users/pete/.pico-sdk/sdk/2.1.0/src/rp2_common/pico_runtime_init/runtime_init.c.obj
                0x10001c3c                runtime_init_per_core_enable_coprocessors
 .text.runtime_init_post_clock_resets
                0x10001c58       0x20 CMakeFiles/blink.dir/C_/Users/pete/.pico-sdk/sdk/2.1.0/src/rp2_common/pico_runtime_init/runtime_init.c.obj
                0x10001c58                runtime_init_post_clock_resets
 .text.runtime_init_bootrom_reset
                0x10001c78       0x14 CMakeFiles/blink.dir/C_/Users/pete/.pico-sdk/sdk/2.1.0/src/rp2_common/pico_runtime_init/runtime_init.c.obj
                0x10001c78                runtime_init_bootrom_reset
 .text.runtime_init_per_core_bootrom_reset
                0x10001c8c       0x14 CMakeFiles/blink.dir/C_/Users/pete/.pico-sdk/sdk/2.1.0/src/rp2_common/pico_runtime_init/runtime_init.c.obj
                0x10001c8c                runtime_init_per_core_bootrom_reset
 .text.runtime_init_spin_locks_reset
                0x10001ca0        0x4 CMakeFiles/blink.dir/C_/Users/pete/.pico-sdk/sdk/2.1.0/src/rp2_common/pico_runtime_init/runtime_init.c.obj
                0x10001ca0                runtime_init_spin_locks_reset
 .text.runtime_init_install_ram_vector_table
                0x10001ca4       0x20 CMakeFiles/blink.dir/C_/Users/pete/.pico-sdk/sdk/2.1.0/src/rp2_common/pico_runtime_init/runtime_init.c.obj
                0x10001ca4                runtime_init_install_ram_vector_table
 .text.runtime_init_clocks
                0x10001cc4       0xdc CMakeFiles/blink.dir/C_/Users/pete/.pico-sdk/sdk/2.1.0/src/rp2_common/pico_runtime_init/runtime_init_clocks.c.obj
                0x10001cc4                runtime_init_clocks
 .text.__rp2350_dcp_engaged_state_save_restore
                0x10001da0       0x3a CMakeFiles/blink.dir/C_/Users/pete/.pico-sdk/sdk/2.1.0/src/rp2_common/pico_double/double_aeabi_dcp.S.obj
 *fill*         0x10001dda        0x2 
 .text.__wrap___aeabi_dadd
                0x10001ddc       0x28 CMakeFiles/blink.dir/C_/Users/pete/.pico-sdk/sdk/2.1.0/src/rp2_common/pico_double/double_aeabi_dcp.S.obj
                0x10001de4                __wrap___aeabi_dadd
 .text.__wrap___aeabi_dsub
                0x10001e04       0x28 CMakeFiles/blink.dir/C_/Users/pete/.pico-sdk/sdk/2.1.0/src/rp2_common/pico_double/double_aeabi_dcp.S.obj
                0x10001e0c                __wrap___aeabi_dsub
 .text.__wrap___aeabi_dmul
                0x10001e2c       0x4c CMakeFiles/blink.dir/C_/Users/pete/.pico-sdk/sdk/2.1.0/src/rp2_common/pico_double/double_aeabi_dcp.S.obj
                0x10001e34                __wrap___aeabi_dmul
 .text.__wrap___aeabi_ddiv
                0x10001e78       0x9c CMakeFiles/blink.dir/C_/Users/pete/.pico-sdk/sdk/2.1.0/src/rp2_common/pico_double/double_aeabi_dcp.S.obj
                0x10001e80                __wrap___aeabi_ddiv
 .text.__wrap___aeabi_i2d
                0x10001f14       0x24 CMakeFiles/blink.dir/C_/Users/pete/.pico-sdk/sdk/2.1.0/src/rp2_common/pico_double/double_aeabi_dcp.S.obj
                0x10001f1c                __wrap___aeabi_i2d
 .text.__wrap___aeabi_ui2d
                0x10001f38       0x24 CMakeFiles/blink.dir/C_/Users/pete/.pico-sdk/sdk/2.1.0/src/rp2_common/pico_double/double_aeabi_dcp.S.obj
                0x10001f40                __wrap___aeabi_ui2d
 .text.__wrap___aeabi_d2iz
                0x10001f5c       0x24 CMakeFiles/blink.dir/C_/Users/pete/.pico-sdk/sdk/2.1.0/src/rp2_common/pico_double/double_aeabi_dcp.S.obj
                0x10001f64                __wrap___aeabi_d2iz
 .text.__wrap___aeabi_d2uiz
                0x10001f80       0x24 CMakeFiles/blink.dir/C_/Users/pete/.pico-sdk/sdk/2.1.0/src/rp2_common/pico_double/double_aeabi_dcp.S.obj
                0x10001f88                __wrap___aeabi_d2uiz
 .text.__wrap___aeabi_dcmpun
                0x10001fa4       0x24 CMakeFiles/blink.dir/C_/Users/pete/.pico-sdk/sdk/2.1.0/src/rp2_common/pico_double/double_aeabi_dcp.S.obj
                0x10001fac                __wrap___aeabi_dcmpun
 .text.__wrap___aeabi_dcmplt
                0x10001fc8       0x28 CMakeFiles/blink.dir/C_/Users/pete/.pico-sdk/sdk/2.1.0/src/rp2_common/pico_double/double_aeabi_dcp.S.obj
                0x10001fd0                __wrap___aeabi_dcmplt
 .text.__wrap___aeabi_dcmpge
                0x10001ff0       0x28 CMakeFiles/blink.dir/C_/Users/pete/.pico-sdk/sdk/2.1.0/src/rp2_common/pico_double/double_aeabi_dcp.S.obj
                0x10001ff8                __wrap___aeabi_dcmpge
 .text.__wrap___aeabi_dcmpgt
                0x10002018       0x28 CMakeFiles/blink.dir/C_/Users/pete/.pico-sdk/sdk/2.1.0/src/rp2_common/pico_double/double_aeabi_dcp.S.obj
                0x10002020                __wrap___aeabi_dcmpgt
 .text._out_buffer
                0x10002040        0x8 CMakeFiles/blink.dir/C_/Users/pete/.pico-sdk/sdk/2.1.0/src/rp2_common/pico_printf/printf.c.obj
 .text._out_null
                0x10002048        0x4 CMakeFiles/blink.dir/C_/Users/pete/.pico-sdk/sdk/2.1.0/src/rp2_common/pico_printf/printf.c.obj
 .text._out_rev
                0x1000204c       0x9c CMakeFiles/blink.dir/C_/Users/pete/.pico-sdk/sdk/2.1.0/src/rp2_common/pico_printf/printf.c.obj
 .text._ntoa_format
                0x100020e8      0x2a4 CMakeFiles/blink.dir/C_/Users/pete/.pico-sdk/sdk/2.1.0/src/rp2_common/pico_printf/printf.c.obj
 .text._out_char
                0x1000238c        0x8 CMakeFiles/blink.dir/C_/Users/pete/.pico-sdk/sdk/2.1.0/src/rp2_common/pico_printf/printf.c.obj
 .text._out_fct
                0x10002394        0xc CMakeFiles/blink.dir/C_/Users/pete/.pico-sdk/sdk/2.1.0/src/rp2_common/pico_printf/printf.c.obj
 .text._etoa    0x100023a0      0x460 CMakeFiles/blink.dir/C_/Users/pete/.pico-sdk/sdk/2.1.0/src/rp2_common/pico_printf/printf.c.obj
 .text._ftoa    0x10002800      0x3f4 CMakeFiles/blink.dir/C_/Users/pete/.pico-sdk/sdk/2.1.0/src/rp2_common/pico_printf/printf.c.obj
 .text._vsnprintf
                0x10002bf4      0x9e8 CMakeFiles/blink.dir/C_/Users/pete/.pico-sdk/sdk/2.1.0/src/rp2_common/pico_printf/printf.c.obj
 .text.__wrap_sprintf
                0x100035dc       0x2c CMakeFiles/blink.dir/C_/Users/pete/.pico-sdk/sdk/2.1.0/src/rp2_common/pico_printf/printf.c.obj
                0x100035dc                __wrap_sprintf
 .text.vfctprintf
                0x10003608       0x28 CMakeFiles/blink.dir/C_/Users/pete/.pico-sdk/sdk/2.1.0/src/rp2_common/pico_printf/printf.c.obj
                0x10003608                vfctprintf
 .text.weak_raw_vprintf
                0x10003630       0x30 CMakeFiles/blink.dir/C_/Users/pete/.pico-sdk/sdk/2.1.0/src/rp2_common/pico_printf/printf.c.obj
                0x10003630                weak_raw_vprintf
 .text._exit    0x10003660        0x4 CMakeFiles/blink.dir/C_/Users/pete/.pico-sdk/sdk/2.1.0/src/rp2_common/pico_clib_interface/newlib_interface.c.obj
                0x10003660                _exit
 .text.exit     0x10003664        0x8 CMakeFiles/blink.dir/C_/Users/pete/.pico-sdk/sdk/2.1.0/src/rp2_common/pico_clib_interface/newlib_interface.c.obj
                0x10003664                exit
 .text.runtime_init
                0x1000366c       0x24 CMakeFiles/blink.dir/C_/Users/pete/.pico-sdk/sdk/2.1.0/src/rp2_common/pico_clib_interface/newlib_interface.c.obj
                0x1000366c                runtime_init
 .text.stdio_out_chars_no_crlf
                0x10003690        0x8 CMakeFiles/blink.dir/C_/Users/pete/.pico-sdk/sdk/2.1.0/src/rp2_common/pico_stdio/stdio.c.obj
 .text.stdio_out_chars_crlf
                0x10003698       0xac CMakeFiles/blink.dir/C_/Users/pete/.pico-sdk/sdk/2.1.0/src/rp2_common/pico_stdio/stdio.c.obj
 .text.stdio_buffered_printer
                0x10003744       0x60 CMakeFiles/blink.dir/C_/Users/pete/.pico-sdk/sdk/2.1.0/src/rp2_common/pico_stdio/stdio.c.obj
 .text.stdio_put_string
                0x100037a4       0xf0 CMakeFiles/blink.dir/C_/Users/pete/.pico-sdk/sdk/2.1.0/src/rp2_common/pico_stdio/stdio.c.obj
                0x100037a4                stdio_put_string
 .text.stdio_set_driver_enabled
                0x10003894       0x30 CMakeFiles/blink.dir/C_/Users/pete/.pico-sdk/sdk/2.1.0/src/rp2_common/pico_stdio/stdio.c.obj
                0x10003894                stdio_set_driver_enabled
 .text.stdio_init_all
                0x100038c4       0x10 CMakeFiles/blink.dir/C_/Users/pete/.pico-sdk/sdk/2.1.0/src/rp2_common/pico_stdio/stdio.c.obj
                0x100038c4                stdio_init_all
 .text.stdio_getchar_timeout_us
                0x100038d4       0x8c CMakeFiles/blink.dir/C_/Users/pete/.pico-sdk/sdk/2.1.0/src/rp2_common/pico_stdio/stdio.c.obj
                0x100038d4                stdio_getchar_timeout_us
 .text.__wrap_putchar
                0x10003960       0x84 CMakeFiles/blink.dir/C_/Users/pete/.pico-sdk/sdk/2.1.0/src/rp2_common/pico_stdio/stdio.c.obj
                0x10003960                __wrap_putchar
                0x10003960                stdio_putchar
 .text.__wrap_puts
                0x100039e4       0x3c CMakeFiles/blink.dir/C_/Users/pete/.pico-sdk/sdk/2.1.0/src/rp2_common/pico_stdio/stdio.c.obj
                0x100039e4                stdio_puts
                0x100039e4                __wrap_puts
 .text.__wrap_vprintf
                0x10003a20       0xc8 CMakeFiles/blink.dir/C_/Users/pete/.pico-sdk/sdk/2.1.0/src/rp2_common/pico_stdio/stdio.c.obj
                0x10003a20                stdio_vprintf
                0x10003a20                __wrap_vprintf
 .text.__wrap_printf
                0x10003ae8       0x1c CMakeFiles/blink.dir/C_/Users/pete/.pico-sdk/sdk/2.1.0/src/rp2_common/pico_stdio/stdio.c.obj
                0x10003ae8                __wrap_printf
                0x10003ae8                stdio_printf
 .text.stdio_uart_out_chars
                0x10003b04       0x50 CMakeFiles/blink.dir/C_/Users/pete/.pico-sdk/sdk/2.1.0/src/rp2_common/pico_stdio_uart/stdio_uart.c.obj
 .text.stdio_uart_in_chars
                0x10003b54       0x94 CMakeFiles/blink.dir/C_/Users/pete/.pico-sdk/sdk/2.1.0/src/rp2_common/pico_stdio_uart/stdio_uart.c.obj
                0x10003b54                stdio_uart_in_chars
 .text.on_uart_rx
                0x10003be8       0x24 CMakeFiles/blink.dir/C_/Users/pete/.pico-sdk/sdk/2.1.0/src/rp2_common/pico_stdio_uart/stdio_uart.c.obj
 .text.stdio_uart_out_flush
                0x10003c0c       0x10 CMakeFiles/blink.dir/C_/Users/pete/.pico-sdk/sdk/2.1.0/src/rp2_common/pico_stdio_uart/stdio_uart.c.obj
 .text.stdio_uart_set_chars_available_callback
                0x10003c1c       0x88 CMakeFiles/blink.dir/C_/Users/pete/.pico-sdk/sdk/2.1.0/src/rp2_common/pico_stdio_uart/stdio_uart.c.obj
 .text.stdio_uart_init
                0x10003ca4       0x54 CMakeFiles/blink.dir/C_/Users/pete/.pico-sdk/sdk/2.1.0/src/rp2_common/pico_stdio_uart/stdio_uart.c.obj
                0x10003ca4                stdio_uart_init
 .text.stdio_usb_set_chars_available_callback
                0x10003cf8        0x4 CMakeFiles/blink.dir/C_/Users/pete/.pico-sdk/sdk/2.1.0/src/rp2_common/pico_stdio_usb/stdio_usb.c.obj
                0x10003cf8                stdio_usb_set_chars_available_callback
 .text.stdio_usb_in_chars
                0x10003cfc       0x88 CMakeFiles/blink.dir/C_/Users/pete/.pico-sdk/sdk/2.1.0/src/rp2_common/pico_stdio_usb/stdio_usb.c.obj
                0x10003cfc                stdio_usb_in_chars
 .text.stdio_usb_out_flush
                0x10003d84       0x54 CMakeFiles/blink.dir/C_/Users/pete/.pico-sdk/sdk/2.1.0/src/rp2_common/pico_stdio_usb/stdio_usb.c.obj
 .text.stdio_usb_out_chars
                0x10003dd8       0xf4 CMakeFiles/blink.dir/C_/Users/pete/.pico-sdk/sdk/2.1.0/src/rp2_common/pico_stdio_usb/stdio_usb.c.obj
 .text.stdio_usb_init
                0x10003ecc       0x40 CMakeFiles/blink.dir/C_/Users/pete/.pico-sdk/sdk/2.1.0/src/rp2_common/pico_stdio_usb/stdio_usb.c.obj
                0x10003ecc                stdio_usb_init
 .text.startup._retrieve_unique_id_on_boot
                0x10003f0c       0x30 CMakeFiles/blink.dir/C_/Users/pete/.pico-sdk/sdk/2.1.0/src/rp2_common/pico_unique_id/unique_id.c.obj
 .text.dcd_set_address
                0x10003f3c       0x10 CMakeFiles/blink.dir/C_/Users/pete/.pico-sdk/sdk/2.1.0/lib/tinyusb/src/portable/raspberrypi/rp2040/dcd_rp2040.c.obj
                0x10003f3c                dcd_set_address
 .text.dcd_sof_enable
                0x10003f4c       0x1c CMakeFiles/blink.dir/C_/Users/pete/.pico-sdk/sdk/2.1.0/lib/tinyusb/src/portable/raspberrypi/rp2040/dcd_rp2040.c.obj
                0x10003f4c                dcd_sof_enable
 .text.dcd_edpt0_status_complete
                0x10003f68       0x1c CMakeFiles/blink.dir/C_/Users/pete/.pico-sdk/sdk/2.1.0/lib/tinyusb/src/portable/raspberrypi/rp2040/dcd_rp2040.c.obj
                0x10003f68                dcd_edpt0_status_complete
 .text.dcd_edpt_open
                0x10003f84       0xf8 CMakeFiles/blink.dir/C_/Users/pete/.pico-sdk/sdk/2.1.0/lib/tinyusb/src/portable/raspberrypi/rp2040/dcd_rp2040.c.obj
                0x10003f84                dcd_edpt_open
 .text.dcd_edpt_close_all
                0x1000407c        0x4 CMakeFiles/blink.dir/C_/Users/pete/.pico-sdk/sdk/2.1.0/lib/tinyusb/src/portable/raspberrypi/rp2040/dcd_rp2040.c.obj
                0x1000407c                dcd_edpt_close_all
 .text.dcd_edpt_xfer
                0x10004080       0x28 CMakeFiles/blink.dir/C_/Users/pete/.pico-sdk/sdk/2.1.0/lib/tinyusb/src/portable/raspberrypi/rp2040/dcd_rp2040.c.obj
                0x10004080                dcd_edpt_xfer
 .text.dcd_edpt_stall
                0x100040a8       0x2c CMakeFiles/blink.dir/C_/Users/pete/.pico-sdk/sdk/2.1.0/lib/tinyusb/src/portable/raspberrypi/rp2040/dcd_rp2040.c.obj
                0x100040a8                dcd_edpt_stall
 .text.dcd_edpt_clear_stall
                0x100040d4       0x2c CMakeFiles/blink.dir/C_/Users/pete/.pico-sdk/sdk/2.1.0/lib/tinyusb/src/portable/raspberrypi/rp2040/dcd_rp2040.c.obj
                0x100040d4                dcd_edpt_clear_stall
 .text.hw_endpoint_xfer_start
                0x10004100       0x40 CMakeFiles/blink.dir/C_/Users/pete/.pico-sdk/sdk/2.1.0/lib/tinyusb/src/portable/raspberrypi/rp2040/rp2040_usb.c.obj
                0x10004100                hw_endpoint_xfer_start
 .text.tud_vendor_control_xfer_cb
                0x10004140        0x4 CMakeFiles/blink.dir/C_/Users/pete/.pico-sdk/sdk/2.1.0/lib/tinyusb/src/device/usbd.c.obj
                0x10004140                tud_vendor_control_xfer_cb
 .text.configuration_reset
                0x10004144       0x8c CMakeFiles/blink.dir/C_/Users/pete/.pico-sdk/sdk/2.1.0/lib/tinyusb/src/device/usbd.c.obj
 .text.tud_sof_cb
                0x100041d0        0x4 CMakeFiles/blink.dir/C_/Users/pete/.pico-sdk/sdk/2.1.0/lib/tinyusb/src/device/usbd.c.obj
                0x100041d0                tud_sof_cb
 .text.tud_descriptor_bos_cb
                0x100041d4        0x4 CMakeFiles/blink.dir/C_/Users/pete/.pico-sdk/sdk/2.1.0/lib/tinyusb/src/device/usbd.c.obj
                0x100041d4                tud_descriptor_bos_cb
 .text.tud_descriptor_device_qualifier_cb
                0x100041d8        0x4 CMakeFiles/blink.dir/C_/Users/pete/.pico-sdk/sdk/2.1.0/lib/tinyusb/src/device/usbd.c.obj
                0x100041d8                tud_descriptor_device_qualifier_cb
 .text.tud_descriptor_other_speed_configuration_cb
                0x100041dc        0x4 CMakeFiles/blink.dir/C_/Users/pete/.pico-sdk/sdk/2.1.0/lib/tinyusb/src/device/usbd.c.obj
                0x100041dc                tud_descriptor_other_speed_configuration_cb
 .text.tud_mount_cb
                0x100041e0        0x4 CMakeFiles/blink.dir/C_/Users/pete/.pico-sdk/sdk/2.1.0/lib/tinyusb/src/device/usbd.c.obj
                0x100041e0                tud_mount_cb
 .text.tud_umount_cb
                0x100041e4        0x4 CMakeFiles/blink.dir/C_/Users/pete/.pico-sdk/sdk/2.1.0/lib/tinyusb/src/device/usbd.c.obj
                0x100041e4                tud_umount_cb
 .text.tud_suspend_cb
                0x100041e8        0x4 CMakeFiles/blink.dir/C_/Users/pete/.pico-sdk/sdk/2.1.0/lib/tinyusb/src/device/usbd.c.obj
                0x100041e8                tud_suspend_cb
 .text.tud_resume_cb
                0x100041ec        0x4 CMakeFiles/blink.dir/C_/Users/pete/.pico-sdk/sdk/2.1.0/lib/tinyusb/src/device/usbd.c.obj
                0x100041ec                tud_resume_cb
 .text.tud_mounted
                0x100041f0       0x10 CMakeFiles/blink.dir/C_/Users/pete/.pico-sdk/sdk/2.1.0/lib/tinyusb/src/device/usbd.c.obj
                0x100041f0                tud_mounted
 .text.tud_suspended
                0x10004200       0x10 CMakeFiles/blink.dir/C_/Users/pete/.pico-sdk/sdk/2.1.0/lib/tinyusb/src/device/usbd.c.obj
                0x10004200                tud_suspended
 .text.tud_task_ext
                0x10004210      0x784 CMakeFiles/blink.dir/C_/Users/pete/.pico-sdk/sdk/2.1.0/lib/tinyusb/src/device/usbd.c.obj
                0x10004210                tud_task_ext
 .text.usbd_open_edpt_pair
                0x10004994       0x9c CMakeFiles/blink.dir/C_/Users/pete/.pico-sdk/sdk/2.1.0/lib/tinyusb/src/device/usbd.c.obj
                0x10004994                usbd_open_edpt_pair
 .text.usbd_edpt_open
                0x10004a30       0x44 CMakeFiles/blink.dir/C_/Users/pete/.pico-sdk/sdk/2.1.0/lib/tinyusb/src/device/usbd.c.obj
                0x10004a30                usbd_edpt_open
 .text.usbd_edpt_claim
                0x10004a74       0x24 CMakeFiles/blink.dir/C_/Users/pete/.pico-sdk/sdk/2.1.0/lib/tinyusb/src/device/usbd.c.obj
                0x10004a74                usbd_edpt_claim
 .text.usbd_edpt_release
                0x10004a98       0x24 CMakeFiles/blink.dir/C_/Users/pete/.pico-sdk/sdk/2.1.0/lib/tinyusb/src/device/usbd.c.obj
                0x10004a98                usbd_edpt_release
 .text.usbd_edpt_xfer
                0x10004abc       0x70 CMakeFiles/blink.dir/C_/Users/pete/.pico-sdk/sdk/2.1.0/lib/tinyusb/src/device/usbd.c.obj
                0x10004abc                usbd_edpt_xfer
 .text.tud_control_status
                0x10004b2c       0x34 CMakeFiles/blink.dir/C_/Users/pete/.pico-sdk/sdk/2.1.0/lib/tinyusb/src/device/usbd_control.c.obj
                0x10004b2c                tud_control_status
 .text.tud_control_xfer
                0x10004b60       0xac CMakeFiles/blink.dir/C_/Users/pete/.pico-sdk/sdk/2.1.0/lib/tinyusb/src/device/usbd_control.c.obj
                0x10004b60                tud_control_xfer
 .text.usbd_control_reset
                0x10004c0c       0x14 CMakeFiles/blink.dir/C_/Users/pete/.pico-sdk/sdk/2.1.0/lib/tinyusb/src/device/usbd_control.c.obj
                0x10004c0c                usbd_control_reset
 .text.usbd_control_set_complete_callback
                0x10004c20        0xc CMakeFiles/blink.dir/C_/Users/pete/.pico-sdk/sdk/2.1.0/lib/tinyusb/src/device/usbd_control.c.obj
                0x10004c20                usbd_control_set_complete_callback
 .text.usbd_control_set_request
                0x10004c2c       0x1c CMakeFiles/blink.dir/C_/Users/pete/.pico-sdk/sdk/2.1.0/lib/tinyusb/src/device/usbd_control.c.obj
                0x10004c2c                usbd_control_set_request
 .text.usbd_control_xfer_cb
                0x10004c48       0xfc CMakeFiles/blink.dir/C_/Users/pete/.pico-sdk/sdk/2.1.0/lib/tinyusb/src/device/usbd_control.c.obj
                0x10004c48                usbd_control_xfer_cb
 .text._prep_out_transaction.isra.0
                0x10004d44       0x60 CMakeFiles/blink.dir/C_/Users/pete/.pico-sdk/sdk/2.1.0/lib/tinyusb/src/class/cdc/cdc_device.c.obj
 .text.tud_cdc_n_connected
                0x10004da4       0x2c CMakeFiles/blink.dir/C_/Users/pete/.pico-sdk/sdk/2.1.0/lib/tinyusb/src/class/cdc/cdc_device.c.obj
                0x10004da4                tud_cdc_n_connected
 .text.tud_cdc_n_available
                0x10004dd0       0x18 CMakeFiles/blink.dir/C_/Users/pete/.pico-sdk/sdk/2.1.0/lib/tinyusb/src/class/cdc/cdc_device.c.obj
                0x10004dd0                tud_cdc_n_available
 .text.tud_cdc_n_read
                0x10004de8       0x90 CMakeFiles/blink.dir/C_/Users/pete/.pico-sdk/sdk/2.1.0/lib/tinyusb/src/class/cdc/cdc_device.c.obj
                0x10004de8                tud_cdc_n_read
 .text.tud_cdc_n_write_flush
                0x10004e78       0x8c CMakeFiles/blink.dir/C_/Users/pete/.pico-sdk/sdk/2.1.0/lib/tinyusb/src/class/cdc/cdc_device.c.obj
                0x10004e78                tud_cdc_n_write_flush
 .text.tud_cdc_n_write
                0x10004f04       0x40 CMakeFiles/blink.dir/C_/Users/pete/.pico-sdk/sdk/2.1.0/lib/tinyusb/src/class/cdc/cdc_device.c.obj
                0x10004f04                tud_cdc_n_write
 .text.tud_cdc_n_write_available
                0x10004f44       0x18 CMakeFiles/blink.dir/C_/Users/pete/.pico-sdk/sdk/2.1.0/lib/tinyusb/src/class/cdc/cdc_device.c.obj
                0x10004f44                tud_cdc_n_write_available
 .text.cdcd_init
                0x10004f5c       0x74 CMakeFiles/blink.dir/C_/Users/pete/.pico-sdk/sdk/2.1.0/lib/tinyusb/src/class/cdc/cdc_device.c.obj
                0x10004f5c                cdcd_init
 .text.cdcd_deinit
                0x10004fd0       0x2c CMakeFiles/blink.dir/C_/Users/pete/.pico-sdk/sdk/2.1.0/lib/tinyusb/src/class/cdc/cdc_device.c.obj
                0x10004fd0                cdcd_deinit
 .text.cdcd_reset
                0x10004ffc       0x4c CMakeFiles/blink.dir/C_/Users/pete/.pico-sdk/sdk/2.1.0/lib/tinyusb/src/class/cdc/cdc_device.c.obj
                0x10004ffc                cdcd_reset
 .text.cdcd_open
                0x10005048       0xb4 CMakeFiles/blink.dir/C_/Users/pete/.pico-sdk/sdk/2.1.0/lib/tinyusb/src/class/cdc/cdc_device.c.obj
                0x10005048                cdcd_open
 .text.cdcd_control_xfer_cb
                0x100050fc       0xc4 CMakeFiles/blink.dir/C_/Users/pete/.pico-sdk/sdk/2.1.0/lib/tinyusb/src/class/cdc/cdc_device.c.obj
                0x100050fc                cdcd_control_xfer_cb
 .text.cdcd_xfer_cb
                0x100051c0       0xfc CMakeFiles/blink.dir/C_/Users/pete/.pico-sdk/sdk/2.1.0/lib/tinyusb/src/class/cdc/cdc_device.c.obj
                0x100051c0                cdcd_xfer_cb
 .text.vendord_init
                0x100052bc       0x58 CMakeFiles/blink.dir/C_/Users/pete/.pico-sdk/sdk/2.1.0/lib/tinyusb/src/class/vendor/vendor_device.c.obj
                0x100052bc                vendord_init
 .text.vendord_deinit
                0x10005314       0x1c CMakeFiles/blink.dir/C_/Users/pete/.pico-sdk/sdk/2.1.0/lib/tinyusb/src/class/vendor/vendor_device.c.obj
                0x10005314                vendord_deinit
 .text.vendord_reset
                0x10005330       0x20 CMakeFiles/blink.dir/C_/Users/pete/.pico-sdk/sdk/2.1.0/lib/tinyusb/src/class/vendor/vendor_device.c.obj
                0x10005330                vendord_reset
 .text.vendord_open
                0x10005350      0x108 CMakeFiles/blink.dir/C_/Users/pete/.pico-sdk/sdk/2.1.0/lib/tinyusb/src/class/vendor/vendor_device.c.obj
                0x10005350                vendord_open
 .text.vendord_xfer_cb
                0x10005458       0x88 CMakeFiles/blink.dir/C_/Users/pete/.pico-sdk/sdk/2.1.0/lib/tinyusb/src/class/vendor/vendor_device.c.obj
                0x10005458                vendord_xfer_cb
 .text.tu_edpt_claim
                0x100054e0       0x54 CMakeFiles/blink.dir/C_/Users/pete/.pico-sdk/sdk/2.1.0/lib/tinyusb/src/tusb.c.obj
                0x100054e0                tu_edpt_claim
 .text.tu_edpt_release
                0x10005534       0x38 CMakeFiles/blink.dir/C_/Users/pete/.pico-sdk/sdk/2.1.0/lib/tinyusb/src/tusb.c.obj
                0x10005534                tu_edpt_release
 .text.tu_edpt_validate
                0x1000556c       0x64 CMakeFiles/blink.dir/C_/Users/pete/.pico-sdk/sdk/2.1.0/lib/tinyusb/src/tusb.c.obj
                0x1000556c                tu_edpt_validate
 .text.tu_edpt_bind_driver
                0x100055d0       0x58 CMakeFiles/blink.dir/C_/Users/pete/.pico-sdk/sdk/2.1.0/lib/tinyusb/src/tusb.c.obj
                0x100055d0                tu_edpt_bind_driver
 .text.tu_edpt_stream_init
                0x10005628       0x58 CMakeFiles/blink.dir/C_/Users/pete/.pico-sdk/sdk/2.1.0/lib/tinyusb/src/tusb.c.obj
                0x10005628                tu_edpt_stream_init
 .text.tu_edpt_stream_deinit
                0x10005680        0x4 CMakeFiles/blink.dir/C_/Users/pete/.pico-sdk/sdk/2.1.0/lib/tinyusb/src/tusb.c.obj
                0x10005680                tu_edpt_stream_deinit
 .text.tu_edpt_stream_write_zlp_if_needed
                0x10005684       0x68 CMakeFiles/blink.dir/C_/Users/pete/.pico-sdk/sdk/2.1.0/lib/tinyusb/src/tusb.c.obj
                0x10005684                tu_edpt_stream_write_zlp_if_needed
 .text.tu_edpt_stream_write_xfer
                0x100056ec       0x70 CMakeFiles/blink.dir/C_/Users/pete/.pico-sdk/sdk/2.1.0/lib/tinyusb/src/tusb.c.obj
                0x100056ec                tu_edpt_stream_write_xfer
 .text.tu_edpt_stream_read_xfer
                0x1000575c       0xd0 CMakeFiles/blink.dir/C_/Users/pete/.pico-sdk/sdk/2.1.0/lib/tinyusb/src/tusb.c.obj
                0x1000575c                tu_edpt_stream_read_xfer
 .text.tu_fifo_config
                0x1000582c       0x60 CMakeFiles/blink.dir/C_/Users/pete/.pico-sdk/sdk/2.1.0/lib/tinyusb/src/common/tusb_fifo.c.obj
                0x1000582c                tu_fifo_config
 .text.tu_fifo_count
                0x1000588c       0x20 CMakeFiles/blink.dir/C_/Users/pete/.pico-sdk/sdk/2.1.0/lib/tinyusb/src/common/tusb_fifo.c.obj
                0x1000588c                tu_fifo_count
 .text.tu_fifo_empty
                0x100058ac       0x14 CMakeFiles/blink.dir/C_/Users/pete/.pico-sdk/sdk/2.1.0/lib/tinyusb/src/common/tusb_fifo.c.obj
                0x100058ac                tu_fifo_empty
 .text.tu_fifo_remaining
                0x100058c0       0x24 CMakeFiles/blink.dir/C_/Users/pete/.pico-sdk/sdk/2.1.0/lib/tinyusb/src/common/tusb_fifo.c.obj
                0x100058c0                tu_fifo_remaining
 .text.tu_fifo_read
                0x100058e4       0x94 CMakeFiles/blink.dir/C_/Users/pete/.pico-sdk/sdk/2.1.0/lib/tinyusb/src/common/tusb_fifo.c.obj
                0x100058e4                tu_fifo_read
 .text.tu_fifo_read_n
                0x10005978       0xd8 CMakeFiles/blink.dir/C_/Users/pete/.pico-sdk/sdk/2.1.0/lib/tinyusb/src/common/tusb_fifo.c.obj
                0x10005978                tu_fifo_read_n
 .text.tu_fifo_write_n
                0x10005a50      0x158 CMakeFiles/blink.dir/C_/Users/pete/.pico-sdk/sdk/2.1.0/lib/tinyusb/src/common/tusb_fifo.c.obj
                0x10005a50                tu_fifo_write_n
 .text.tu_fifo_clear
                0x10005ba8       0x38 CMakeFiles/blink.dir/C_/Users/pete/.pico-sdk/sdk/2.1.0/lib/tinyusb/src/common/tusb_fifo.c.obj
                0x10005ba8                tu_fifo_clear
 .text.tu_fifo_set_overwritable
                0x10005be0       0x3c CMakeFiles/blink.dir/C_/Users/pete/.pico-sdk/sdk/2.1.0/lib/tinyusb/src/common/tusb_fifo.c.obj
                0x10005be0                tu_fifo_set_overwritable
 .text.i2c_read_blocking_internal
                0x10005c1c       0xac CMakeFiles/blink.dir/C_/Users/pete/.pico-sdk/sdk/2.1.0/src/rp2_common/hardware_i2c/i2c.c.obj
 .text.i2c_set_baudrate
                0x10005cc8       0xa8 CMakeFiles/blink.dir/C_/Users/pete/.pico-sdk/sdk/2.1.0/src/rp2_common/hardware_i2c/i2c.c.obj
                0x10005cc8                i2c_set_baudrate
 .text.i2c_init
                0x10005d70       0x4c CMakeFiles/blink.dir/C_/Users/pete/.pico-sdk/sdk/2.1.0/src/rp2_common/hardware_i2c/i2c.c.obj
                0x10005d70                i2c_init
 .text.i2c_read_blocking_until
                0x10005dbc       0x3c CMakeFiles/blink.dir/C_/Users/pete/.pico-sdk/sdk/2.1.0/src/rp2_common/hardware_i2c/i2c.c.obj
                0x10005dbc                i2c_read_blocking_until
 .text.spi_init
                0x10005df8       0xf4 CMakeFiles/blink.dir/C_/Users/pete/.pico-sdk/sdk/2.1.0/src/rp2_common/hardware_spi/spi.c.obj
                0x10005df8                spi_init
 .text.memset   0x10005eec       0xa4 C:/Users/pete/.pico-sdk/toolchain/13_3_Rel1/bin/../lib/gcc/arm-none-eabi/13.3.1/thumb/v8-m.main+fp/softfp\libg.a(libc_a-memset.o)
                0x10005eec                memset
 .text.stpcpy   0x10005f90       0x48 C:/Users/pete/.pico-sdk/toolchain/13_3_Rel1/bin/../lib/gcc/arm-none-eabi/13.3.1/thumb/v8-m.main+fp/softfp\libg.a(libc_a-stpcpy.o)
                0x10005f90                stpcpy
 .text          0x10005fd8      0x1bc C:/Users/pete/.pico-sdk/toolchain/13_3_Rel1/bin/../lib/gcc/arm-none-eabi/13.3.1/thumb/v8-m.main+fp/softfp\libg.a(libc_a-strcmp.o)
                0x10005fd8                strcmp
 .text          0x10006194       0xec C:/Users/pete/.pico-sdk/toolchain/13_3_Rel1/bin/../lib/gcc/arm-none-eabi/13.3.1/thumb/v8-m.main+fp/softfp\libg.a(libc_a-memcpy.o)
                0x10006194                memcpy
 .text.strlen   0x10006280       0x5c C:/Users/pete/.pico-sdk/toolchain/13_3_Rel1/bin/../lib/gcc/arm-none-eabi/13.3.1/thumb/v8-m.main+fp/softfp\libg.a(libc_a-strlen-stub.o)
                0x10006280                strlen
 *(.fini)
 .fini          0x100062dc        0x4 C:/Users/pete/.pico-sdk/toolchain/13_3_Rel1/bin/../lib/gcc/arm-none-eabi/13.3.1/thumb/v8-m.main+fp/softfp/crti.o
                0x100062dc                _fini
 .fini.__stub   0x100062e0       0x58 linker stubs
 *crtbegin.o(.ctors)
 *crtbegin?.o(.ctors)
 *(EXCLUDE_FILE(*crtend.o *crtend?.o) .ctors)
 *(SORT_BY_NAME(.ctors.*))
 *(.ctors)
 *crtbegin.o(.dtors)
 *crtbegin?.o(.dtors)
 *(EXCLUDE_FILE(*crtend.o *crtend?.o) .dtors)
 *(SORT_BY_NAME(.dtors.*))
 *(.dtors)
                0x10006338                        . = ALIGN (0x4)
                0x10006338                        PROVIDE (__preinit_array_start = .)
 *(SORT_BY_NAME(.preinit_array.*))
 .preinit_array.00050
                0x10006338        0x4 CMakeFiles/blink.dir/C_/Users/pete/.pico-sdk/sdk/2.1.0/src/rp2_common/pico_runtime_init/runtime_init.c.obj
                0x10006338                __pre_init_runtime_init_bootrom_reset
 .preinit_array.00100
                0x1000633c        0x4 CMakeFiles/blink.dir/C_/Users/pete/.pico-sdk/sdk/2.1.0/src/rp2_common/pico_runtime_init/runtime_init.c.obj
                0x1000633c                __pre_init_runtime_init_early_resets
 .preinit_array.00101
                0x10006340        0x4 CMakeFiles/blink.dir/C_/Users/pete/.pico-sdk/sdk/2.1.0/src/rp2_common/pico_runtime_init/runtime_init.c.obj
                0x10006340                __pre_init_runtime_init_usb_power_down
 .preinit_array.00500
                0x10006344        0x4 CMakeFiles/blink.dir/C_/Users/pete/.pico-sdk/sdk/2.1.0/src/rp2_common/pico_runtime_init/runtime_init.c.obj
                0x10006344                __pre_init_runtime_init_clocks
 .preinit_array.00600
                0x10006348        0x4 CMakeFiles/blink.dir/C_/Users/pete/.pico-sdk/sdk/2.1.0/src/rp2_common/pico_runtime_init/runtime_init.c.obj
                0x10006348                __pre_init_runtime_init_post_clock_resets
 .preinit_array.01000
                0x1000634c        0x4 CMakeFiles/blink.dir/C_/Users/pete/.pico-sdk/sdk/2.1.0/src/rp2_common/hardware_boot_lock/boot_lock.c.obj
                0x1000634c                __pre_init_runtime_init_boot_locks_reset
 .preinit_array.01000
                0x10006350        0x4 CMakeFiles/blink.dir/C_/Users/pete/.pico-sdk/sdk/2.1.0/src/rp2_common/pico_runtime_init/runtime_init.c.obj
                0x10006350                __pre_init_runtime_init_spin_locks_reset
 .preinit_array.01010
                0x10006354        0x4 CMakeFiles/blink.dir/C_/Users/pete/.pico-sdk/sdk/2.1.0/src/rp2_common/pico_bootrom/bootrom_lock.c.obj
                0x10006354                __pre_init_runtime_init_bootrom_locking_enable
 .preinit_array.01100
                0x10006358        0x4 CMakeFiles/blink.dir/C_/Users/pete/.pico-sdk/sdk/2.1.0/src/common/pico_sync/mutex.c.obj
                0x10006358                __pre_init_runtime_init_mutex
 .preinit_array.10080
                0x1000635c        0x4 CMakeFiles/blink.dir/C_/Users/pete/.pico-sdk/sdk/2.1.0/src/rp2_common/pico_runtime_init/runtime_init.c.obj
                0x1000635c                __pre_init_runtime_init_install_ram_vector_table
 .preinit_array.11000
                0x10006360        0x4 CMakeFiles/blink.dir/C_/Users/pete/.pico-sdk/sdk/2.1.0/src/common/pico_time/time.c.obj
                0x10006360                __pre_init_runtime_init_default_alarm_pool
 .preinit_array.YYYYY
                0x10006364        0x4 CMakeFiles/blink.dir/C_/Users/pete/.pico-sdk/sdk/2.1.0/src/rp2_common/pico_runtime/runtime.c.obj
                0x10006364                __pre_init_first_per_core_initializer
 .preinit_array.ZZZZZ.00051
                0x10006368        0x4 CMakeFiles/blink.dir/C_/Users/pete/.pico-sdk/sdk/2.1.0/src/rp2_common/pico_runtime_init/runtime_init.c.obj
                0x10006368                __pre_init_runtime_init_per_core_bootrom_reset
 .preinit_array.ZZZZZ.00200
                0x1000636c        0x4 CMakeFiles/blink.dir/C_/Users/pete/.pico-sdk/sdk/2.1.0/src/rp2_common/pico_runtime_init/runtime_init.c.obj
                0x1000636c                __pre_init_runtime_init_per_core_enable_coprocessors
 .preinit_array.ZZZZZ.01000
                0x10006370        0x4 CMakeFiles/blink.dir/C_/Users/pete/.pico-sdk/sdk/2.1.0/src/rp2_common/hardware_sync_spin_lock/sync_spin_lock.c.obj
                0x10006370                __pre_init_spinlock_set_extexclall
 .preinit_array.ZZZZZ.01200
                0x10006374        0x4 CMakeFiles/blink.dir/C_/Users/pete/.pico-sdk/sdk/2.1.0/src/rp2_common/hardware_irq/irq.c.obj
                0x10006374                __pre_init_runtime_init_per_core_irq_priorities
 *(.preinit_array)
                0x10006378                        PROVIDE (__preinit_array_end = .)
                0x10006378                        . = ALIGN (0x4)
                0x10006378                        PROVIDE (__init_array_start = .)
 *(SORT_BY_NAME(.init_array.*))
 *(.init_array)
 .init_array    0x10006378        0x4 C:/Users/pete/.pico-sdk/toolchain/13_3_Rel1/bin/../lib/gcc/arm-none-eabi/13.3.1/thumb/v8-m.main+fp/softfp/crtbegin.o
 .init_array    0x1000637c        0x4 CMakeFiles/blink.dir/C_/Users/pete/.pico-sdk/sdk/2.1.0/src/rp2_common/pico_unique_id/unique_id.c.obj
                0x10006380                        PROVIDE (__init_array_end = .)
                0x10006380                        . = ALIGN (0x4)
                [!provide]                        PROVIDE (__fini_array_start = .)
 *(SORT_BY_NAME(.fini_array.*))
 *(.fini_array)
                [!provide]                        PROVIDE (__fini_array_end = .)
 *(.eh_frame*)
 .eh_frame      0x10006380        0x0 C:/Users/pete/.pico-sdk/toolchain/13_3_Rel1/bin/../lib/gcc/arm-none-eabi/13.3.1/thumb/v8-m.main+fp/softfp/crtbegin.o
                0x10006380                        . = ALIGN (0x4)

.glue_7         0x10006380        0x0
 .glue_7        0x10006380        0x0 linker stubs

.glue_7t        0x10006380        0x0
 .glue_7t       0x10006380        0x0 linker stubs

.vfp11_veneer   0x10006380        0x0
 .vfp11_veneer  0x10006380        0x0 linker stubs

.v4_bx          0x10006380        0x0
 .v4_bx         0x10006380        0x0 linker stubs

.iplt           0x10006380        0x0
 .iplt          0x10006380        0x0 C:/Users/pete/.pico-sdk/toolchain/13_3_Rel1/bin/../lib/gcc/arm-none-eabi/13.3.1/thumb/v8-m.main+fp/softfp/crtbegin.o

.boot2          0x10006380        0x0
                0x10006380                        __boot2_start__ = .
 *(.boot2)
                0x10006380                        __boot2_end__ = .
                0x00000001                        ASSERT (((__boot2_end__ - __boot2_start__) <= 0x100), ERROR: Pico second stage bootloader must be no more than 256 bytes in size)

.rodata         0x10006380      0x400
 *(EXCLUDE_FILE(*libm.a: *libc.a:*lib_a-mem*.o *libgcc.a:) .rodata*)
 .rodata.main.str1.4
                0x10006380      0x2dc CMakeFiles/blink.dir/blink.c.obj
                                0x137 (size before relaxing)
 .rodata.rfm96_init.str1.4
                0x1000665c       0x83 CMakeFiles/blink.dir/src/rfm96.c.obj
 .rodata.panic.str1.4
                0x1000665c       0x12 CMakeFiles/blink.dir/C_/Users/pete/.pico-sdk/sdk/2.1.0/src/rp2_common/pico_platform_panic/panic.c.obj
 .rodata.timer_hardware_alarm_claim.str1.4
                0x1000665c       0x22 CMakeFiles/blink.dir/C_/Users/pete/.pico-sdk/sdk/2.1.0/src/rp2_common/hardware_timer/timer.c.obj
 .rodata.hard_assertion_failure.str1.4
                0x1000665c        0xc CMakeFiles/blink.dir/C_/Users/pete/.pico-sdk/sdk/2.1.0/src/rp2_common/pico_runtime/runtime.c.obj
 .rodata.str1.4
                0x1000665c       0x3c CMakeFiles/blink.dir/C_/Users/pete/.pico-sdk/sdk/2.1.0/src/rp2_common/pico_standard_binary_info/standard_binary_info.c.obj
 .rodata.__bi_84
                0x1000665c        0xc CMakeFiles/blink.dir/C_/Users/pete/.pico-sdk/sdk/2.1.0/src/rp2_common/pico_standard_binary_info/standard_binary_info.c.obj
 .rodata.__bi_78
                0x10006668        0xc CMakeFiles/blink.dir/C_/Users/pete/.pico-sdk/sdk/2.1.0/src/rp2_common/pico_standard_binary_info/standard_binary_info.c.obj
 .rodata.__bi_54
                0x10006674        0xc CMakeFiles/blink.dir/C_/Users/pete/.pico-sdk/sdk/2.1.0/src/rp2_common/pico_standard_binary_info/standard_binary_info.c.obj
 .rodata.__bi_48
                0x10006680        0xc CMakeFiles/blink.dir/C_/Users/pete/.pico-sdk/sdk/2.1.0/src/rp2_common/pico_standard_binary_info/standard_binary_info.c.obj
 .rodata.__bi_42
                0x1000668c        0xc CMakeFiles/blink.dir/C_/Users/pete/.pico-sdk/sdk/2.1.0/src/rp2_common/pico_standard_binary_info/standard_binary_info.c.obj
 .rodata.__bi_34
                0x10006698        0xc CMakeFiles/blink.dir/C_/Users/pete/.pico-sdk/sdk/2.1.0/src/rp2_common/pico_standard_binary_info/standard_binary_info.c.obj
 .rodata.__bi_26
                0x100066a4        0xc CMakeFiles/blink.dir/C_/Users/pete/.pico-sdk/sdk/2.1.0/src/rp2_common/pico_standard_binary_info/standard_binary_info.c.obj
 .rodata._ftoa.str1.4
                0x100066b0       0x15 CMakeFiles/blink.dir/C_/Users/pete/.pico-sdk/sdk/2.1.0/src/rp2_common/pico_printf/printf.c.obj
 .rodata.pow10.0
                0x100066b0       0x50 CMakeFiles/blink.dir/C_/Users/pete/.pico-sdk/sdk/2.1.0/src/rp2_common/pico_printf/printf.c.obj
 .rodata.crlf_str.0
                0x10006700        0x2 CMakeFiles/blink.dir/C_/Users/pete/.pico-sdk/sdk/2.1.0/src/rp2_common/pico_stdio/stdio.c.obj
 .rodata.str1.4
                0x10006702       0x2c CMakeFiles/blink.dir/C_/Users/pete/.pico-sdk/sdk/2.1.0/src/rp2_common/pico_stdio_uart/stdio_uart.c.obj
 *fill*         0x10006702        0x2 
 .rodata.__bi_45.4
                0x10006704        0xc CMakeFiles/blink.dir/C_/Users/pete/.pico-sdk/sdk/2.1.0/src/rp2_common/pico_stdio_uart/stdio_uart.c.obj
 .rodata.__bi_49.5
                0x10006710        0x8 CMakeFiles/blink.dir/C_/Users/pete/.pico-sdk/sdk/2.1.0/src/rp2_common/pico_stdio_uart/stdio_uart.c.obj
 .rodata.__bi_50.6
                0x10006718        0x8 CMakeFiles/blink.dir/C_/Users/pete/.pico-sdk/sdk/2.1.0/src/rp2_common/pico_stdio_uart/stdio_uart.c.obj
 .rodata.str1.4
                0x10006720       0x13 CMakeFiles/blink.dir/C_/Users/pete/.pico-sdk/sdk/2.1.0/src/rp2_common/pico_stdio_usb/stdio_usb.c.obj
 .rodata.__bi_197.0
                0x10006720        0xc CMakeFiles/blink.dir/C_/Users/pete/.pico-sdk/sdk/2.1.0/src/rp2_common/pico_stdio_usb/stdio_usb.c.obj
 .rodata.str1.4
                0x1000672c       0x48 CMakeFiles/blink.dir/C_/Users/pete/.pico-sdk/sdk/2.1.0/lib/tinyusb/src/portable/raspberrypi/rp2040/rp2040_usb.c.obj
 .rodata._usbd_driver
                0x1000672c       0x40 CMakeFiles/blink.dir/C_/Users/pete/.pico-sdk/sdk/2.1.0/lib/tinyusb/src/device/usbd.c.obj
 .rodata.str1.4
                0x1000676c        0x4 CMakeFiles/blink.dir/C_/Users/pete/.pico-sdk/sdk/2.1.0/lib/tinyusb/hw/bsp/rp2040/family.c.obj
 .rodata.__bi_147.0
                0x1000676c        0xc CMakeFiles/blink.dir/C_/Users/pete/.pico-sdk/sdk/2.1.0/lib/tinyusb/hw/bsp/rp2040/family.c.obj
 .rodata.__bi_157.1
                0x10006778        0x8 CMakeFiles/blink.dir/C_/Users/pete/.pico-sdk/sdk/2.1.0/lib/tinyusb/hw/bsp/rp2040/family.c.obj
 *(.srodata*)
                0x10006780                        . = ALIGN (0x4)
 *(SORT_BY_ALIGNMENT(SORT_BY_NAME(.flashdata*)))
                0x10006780                        . = ALIGN (0x4)

.ARM.extab
 *(.ARM.extab* .gnu.linkonce.armextab.*)
                0x10006780                        __exidx_start = .

.ARM.exidx      0x10006780        0x8
 *(.ARM.exidx* .gnu.linkonce.armexidx.*)
 .ARM.exidx     0x10006780        0x8 C:/Users/pete/.pico-sdk/toolchain/13_3_Rel1/bin/../lib/gcc/arm-none-eabi/13.3.1/thumb/v8-m.main+fp/softfp\libg.a(libc_a-strcmp.o)
 .ARM.exidx     0x10006788        0x0 C:/Users/pete/.pico-sdk/toolchain/13_3_Rel1/bin/../lib/gcc/arm-none-eabi/13.3.1/thumb/v8-m.main+fp/softfp\libg.a(libc_a-memcpy.o)
                                  0x8 (size before relaxing)
 .ARM.exidx.text.__udivmoddi4
                0x10006788        0x0 C:/Users/pete/.pico-sdk/toolchain/13_3_Rel1/bin/../lib/gcc/arm-none-eabi/13.3.1/thumb/v8-m.main+fp/softfp\libgcc.a(_udivmoddi4.o)
                                  0x8 (size before relaxing)
                0x10006788                        __exidx_end = .
                0x10006788                        . = ALIGN (0x4)
                0x10006788                        __binary_info_start = .

.binary_info    0x10006788       0x34
 *(.binary_info.keep.*)
 .binary_info.keep.__bi_ptr84
                0x10006788        0x4 CMakeFiles/blink.dir/C_/Users/pete/.pico-sdk/sdk/2.1.0/src/rp2_common/pico_standard_binary_info/standard_binary_info.c.obj
 .binary_info.keep.__bi_ptr78
                0x1000678c        0x4 CMakeFiles/blink.dir/C_/Users/pete/.pico-sdk/sdk/2.1.0/src/rp2_common/pico_standard_binary_info/standard_binary_info.c.obj
 .binary_info.keep.__bi_ptr54
                0x10006790        0x4 CMakeFiles/blink.dir/C_/Users/pete/.pico-sdk/sdk/2.1.0/src/rp2_common/pico_standard_binary_info/standard_binary_info.c.obj
 .binary_info.keep.__bi_ptr48
                0x10006794        0x4 CMakeFiles/blink.dir/C_/Users/pete/.pico-sdk/sdk/2.1.0/src/rp2_common/pico_standard_binary_info/standard_binary_info.c.obj
 .binary_info.keep.__bi_ptr42
                0x10006798        0x4 CMakeFiles/blink.dir/C_/Users/pete/.pico-sdk/sdk/2.1.0/src/rp2_common/pico_standard_binary_info/standard_binary_info.c.obj
 .binary_info.keep.__bi_ptr34
                0x1000679c        0x4 CMakeFiles/blink.dir/C_/Users/pete/.pico-sdk/sdk/2.1.0/src/rp2_common/pico_standard_binary_info/standard_binary_info.c.obj
 .binary_info.keep.__bi_ptr26
                0x100067a0        0x4 CMakeFiles/blink.dir/C_/Users/pete/.pico-sdk/sdk/2.1.0/src/rp2_common/pico_standard_binary_info/standard_binary_info.c.obj
 .binary_info.keep.__bi_ptr157
                0x100067a4        0x4 CMakeFiles/blink.dir/C_/Users/pete/.pico-sdk/sdk/2.1.0/lib/tinyusb/hw/bsp/rp2040/family.c.obj
 .binary_info.keep.__bi_ptr147
                0x100067a8        0x4 CMakeFiles/blink.dir/C_/Users/pete/.pico-sdk/sdk/2.1.0/lib/tinyusb/hw/bsp/rp2040/family.c.obj
 *(.binary_info.*)
 .binary_info.__bi_ptr50
                0x100067ac        0x4 CMakeFiles/blink.dir/C_/Users/pete/.pico-sdk/sdk/2.1.0/src/rp2_common/pico_stdio_uart/stdio_uart.c.obj
 .binary_info.__bi_ptr49
                0x100067b0        0x4 CMakeFiles/blink.dir/C_/Users/pete/.pico-sdk/sdk/2.1.0/src/rp2_common/pico_stdio_uart/stdio_uart.c.obj
 .binary_info.__bi_ptr45
                0x100067b4        0x4 CMakeFiles/blink.dir/C_/Users/pete/.pico-sdk/sdk/2.1.0/src/rp2_common/pico_stdio_uart/stdio_uart.c.obj
 .binary_info.__bi_ptr197
                0x100067b8        0x4 CMakeFiles/blink.dir/C_/Users/pete/.pico-sdk/sdk/2.1.0/src/rp2_common/pico_stdio_usb/stdio_usb.c.obj
                0x100067bc                        __binary_info_end = .
                0x100067bc                        . = ALIGN (0x4)

.ram_vector_table
                0x20000000      0x110
 *(.ram_vector_table)
 .ram_vector_table
                0x20000000      0x110 CMakeFiles/blink.dir/C_/Users/pete/.pico-sdk/sdk/2.1.0/src/rp2_common/pico_runtime_init/runtime_init.c.obj
                0x20000000                ram_vector_table

.uninitialized_data
                0x20000110        0x0
                0x20000110                        . = ALIGN (0x4)
 *(.uninitialized_data*)

.data           0x20000110      0x874 load address 0x100067bc
                0x20000110                        __data_start__ = .
 *(vtable)
 *(.time_critical*)
 .time_critical.mutex_enter_block_until
                0x20000110       0x70 CMakeFiles/blink.dir/C_/Users/pete/.pico-sdk/sdk/2.1.0/src/common/pico_sync/mutex.c.obj
                0x20000110                mutex_enter_block_until
 .time_critical.mutex_try_enter_block_until
                0x20000180       0x6c CMakeFiles/blink.dir/C_/Users/pete/.pico-sdk/sdk/2.1.0/src/common/pico_sync/mutex.c.obj
                0x20000180                mutex_try_enter_block_until
 .time_critical.mutex_enter_timeout_ms
                0x200001ec       0x38 CMakeFiles/blink.dir/C_/Users/pete/.pico-sdk/sdk/2.1.0/src/common/pico_sync/mutex.c.obj
                0x200001ec                mutex_enter_timeout_ms
 .time_critical.mutex_exit
                0x20000224       0x3c CMakeFiles/blink.dir/C_/Users/pete/.pico-sdk/sdk/2.1.0/src/common/pico_sync/mutex.c.obj
                0x20000224                mutex_exit
 .time_critical.reset_non_control_endpoints
                0x20000260       0x64 CMakeFiles/blink.dir/C_/Users/pete/.pico-sdk/sdk/2.1.0/lib/tinyusb/src/portable/raspberrypi/rp2040/dcd_rp2040.c.obj
 .time_critical.prepare_ep_buffer
                0x200002c4       0xd0 CMakeFiles/blink.dir/C_/Users/pete/.pico-sdk/sdk/2.1.0/lib/tinyusb/src/portable/raspberrypi/rp2040/rp2040_usb.c.obj
 .time_critical.e15_is_bulkin_ep
                0x20000394       0x28 CMakeFiles/blink.dir/C_/Users/pete/.pico-sdk/sdk/2.1.0/lib/tinyusb/src/portable/raspberrypi/rp2040/rp2040_usb.c.obj
 .time_critical.e15_is_critical_frame_period
                0x200003bc       0x28 CMakeFiles/blink.dir/C_/Users/pete/.pico-sdk/sdk/2.1.0/lib/tinyusb/src/portable/raspberrypi/rp2040/rp2040_usb.c.obj
 .time_critical._hw_endpoint_buffer_control_update32
                0x200003e4       0x44 CMakeFiles/blink.dir/C_/Users/pete/.pico-sdk/sdk/2.1.0/lib/tinyusb/src/portable/raspberrypi/rp2040/rp2040_usb.c.obj
                0x200003e4                _hw_endpoint_buffer_control_update32
 .time_critical.hw_endpoint_start_next_buffer
                0x20000428       0x64 CMakeFiles/blink.dir/C_/Users/pete/.pico-sdk/sdk/2.1.0/lib/tinyusb/src/portable/raspberrypi/rp2040/rp2040_usb.c.obj
                0x20000428                hw_endpoint_start_next_buffer
 .time_critical.spi_write_blocking
                0x2000048c       0x90 CMakeFiles/blink.dir/C_/Users/pete/.pico-sdk/sdk/2.1.0/src/rp2_common/hardware_spi/spi.c.obj
                0x2000048c                spi_write_blocking
 .time_critical.spi_read_blocking
                0x2000051c       0x68 CMakeFiles/blink.dir/C_/Users/pete/.pico-sdk/sdk/2.1.0/src/rp2_common/hardware_spi/spi.c.obj
                0x2000051c                spi_read_blocking
 *(.text*)
 .text          0x20000584       0x30 C:/Users/pete/.pico-sdk/toolchain/13_3_Rel1/bin/../lib/gcc/arm-none-eabi/13.3.1/thumb/v8-m.main+fp/softfp\libgcc.a(_aeabi_uldivmod.o)
                0x20000584                __aeabi_uldivmod
 .text.__udivmoddi4
                0x200005b4      0x300 C:/Users/pete/.pico-sdk/toolchain/13_3_Rel1/bin/../lib/gcc/arm-none-eabi/13.3.1/thumb/v8-m.main+fp/softfp\libgcc.a(_udivmoddi4.o)
                0x200005b4                __udivmoddi4
 .text          0x200008b4        0x4 C:/Users/pete/.pico-sdk/toolchain/13_3_Rel1/bin/../lib/gcc/arm-none-eabi/13.3.1/thumb/v8-m.main+fp/softfp\libgcc.a(_dvmd_tls.o)
                0x200008b4                __aeabi_idiv0
                0x200008b4                __aeabi_ldiv0
 .text.__stub   0x200008b8       0x20 linker stubs
                0x200008d8                        . = ALIGN (0x4)
 *(.rodata*)
                0x200008d8                        . = ALIGN (0x4)
 *(.data*)
 .data.spi_pins
                0x200008d8        0x5 CMakeFiles/blink.dir/blink.c.obj
                0x200008d8                spi_pins
 .data.striped_spin_lock_num
                0x200008dd        0x1 CMakeFiles/blink.dir/C_/Users/pete/.pico-sdk/sdk/2.1.0/src/rp2_common/hardware_sync/sync.c.obj
 *fill*         0x200008de        0x2 
 .data          0x200008e0       0x48 CMakeFiles/blink.dir/C_/Users/pete/.pico-sdk/sdk/2.1.0/src/rp2_common/hardware_irq/irq_handler_chain.S.obj
                0x200008e0                irq_handler_chain_slots
                0x20000910                irq_handler_chain_first_slot
                0x2000091a                irq_handler_chain_remove_tail
 .data.default_alarm_pool
                0x20000928       0x18 CMakeFiles/blink.dir/C_/Users/pete/.pico-sdk/sdk/2.1.0/src/common/pico_time/time.c.obj
 .data.stdio_uart
                0x20000940       0x18 CMakeFiles/blink.dir/C_/Users/pete/.pico-sdk/sdk/2.1.0/src/rp2_common/pico_stdio_uart/stdio_uart.c.obj
                0x20000940                stdio_uart
 .data.stdio_usb
                0x20000958       0x18 CMakeFiles/blink.dir/C_/Users/pete/.pico-sdk/sdk/2.1.0/src/rp2_common/pico_stdio_usb/stdio_usb.c.obj
                0x20000958                stdio_usb
 .data._usbd_rhport
                0x20000970        0x1 CMakeFiles/blink.dir/C_/Users/pete/.pico-sdk/sdk/2.1.0/lib/tinyusb/src/device/usbd.c.obj
 *fill*         0x20000971        0x3 
 .data.i2c0_inst
                0x20000974        0x8 CMakeFiles/blink.dir/C_/Users/pete/.pico-sdk/sdk/2.1.0/src/rp2_common/hardware_i2c/i2c.c.obj
                0x20000974                i2c0_inst
 *(.sdata*)
                0x2000097c                        . = ALIGN (0x4)
 *(.after_data.*)
                0x2000097c                        . = ALIGN (0x4)
                0x2000097c                        PROVIDE (__mutex_array_start = .)
 *(SORT_BY_NAME(.mutex_array.*))
 *(.mutex_array)
 .mutex_array   0x2000097c        0x8 CMakeFiles/blink.dir/C_/Users/pete/.pico-sdk/sdk/2.1.0/src/rp2_common/pico_stdio/stdio.c.obj
                0x20000984                        PROVIDE (__mutex_array_end = .)
 *(.jcr)
                0x20000984                        . = ALIGN (0x4)

.tm_clone_table
                0x20000984        0x0 load address 0x10007030
 .tm_clone_table
                0x20000984        0x0 C:/Users/pete/.pico-sdk/toolchain/13_3_Rel1/bin/../lib/gcc/arm-none-eabi/13.3.1/thumb/v8-m.main+fp/softfp/crtbegin.o
 .tm_clone_table
                0x20000984        0x0 C:/Users/pete/.pico-sdk/toolchain/13_3_Rel1/bin/../lib/gcc/arm-none-eabi/13.3.1/thumb/v8-m.main+fp/softfp/crtend.o

.igot.plt       0x20000984        0x0 load address 0x10007030
 .igot.plt      0x20000984        0x0 C:/Users/pete/.pico-sdk/toolchain/13_3_Rel1/bin/../lib/gcc/arm-none-eabi/13.3.1/thumb/v8-m.main+fp/softfp/crtbegin.o

.tdata          0x20000984        0x0 load address 0x10007030
                0x20000984                        . = ALIGN (0x4)
 *(.tdata .tdata.* .gnu.linkonce.td.*)
                0x20000984                        __tdata_end = .
                0x20000984                        PROVIDE (__data_end__ = .)
                0x100067bc                        __etext = LOADADDR (.data)

.tbss           0x20000984        0x0 load address 0x10007030
                0x20000984                        . = ALIGN (0x4)
                0x20000984                        __bss_start__ = .
                0x20000984                        __tls_base = .
 *(.tbss .tbss.* .gnu.linkonce.tb.*)
 *(.tcommon)
                0x20000984                        __tls_end = .

.bss            0x20000988      0xa68 load address 0x10007030
                0x20000988                        . = ALIGN (0x4)
                0x20000988                        __tbss_end = .
 *(SORT_BY_ALIGNMENT(SORT_BY_NAME(.bss*)))
 .bss._cdcd_itf
                0x20000988      0x148 CMakeFiles/blink.dir/C_/Users/pete/.pico-sdk/sdk/2.1.0/lib/tinyusb/src/class/cdc/cdc_device.c.obj
 .bss.default_alarm_pool_entries
                0x20000ad0      0x180 CMakeFiles/blink.dir/C_/Users/pete/.pico-sdk/sdk/2.1.0/src/common/pico_time/time.c.obj
 .bss.last_avail_time.1
                0x20000c50        0x8 CMakeFiles/blink.dir/C_/Users/pete/.pico-sdk/sdk/2.1.0/src/rp2_common/pico_stdio_usb/stdio_usb.c.obj
 .bss._app_driver
                0x20000c58        0x4 CMakeFiles/blink.dir/C_/Users/pete/.pico-sdk/sdk/2.1.0/lib/tinyusb/src/device/usbd.c.obj
 .bss._cdcd_fifo_cfg
                0x20000c5c        0x1 CMakeFiles/blink.dir/C_/Users/pete/.pico-sdk/sdk/2.1.0/lib/tinyusb/src/class/cdc/cdc_device.c.obj
 *fill*         0x20000c5d        0x3 
 .bss._ctrl_xfer
                0x20000c60       0x14 CMakeFiles/blink.dir/C_/Users/pete/.pico-sdk/sdk/2.1.0/lib/tinyusb/src/device/usbd_control.c.obj
 .bss._sw_spin_locks
                0x20000c74       0x20 CMakeFiles/blink.dir/C_/Users/pete/.pico-sdk/sdk/2.1.0/src/rp2_common/hardware_sync_spin_lock/sync_spin_lock.c.obj
                0x20000c74                _sw_spin_locks
 .bss._usbd_ctrl_buf
                0x20000c94       0x40 CMakeFiles/blink.dir/C_/Users/pete/.pico-sdk/sdk/2.1.0/lib/tinyusb/src/device/usbd_control.c.obj
 .bss._usbd_dev
                0x20000cd4       0x54 CMakeFiles/blink.dir/C_/Users/pete/.pico-sdk/sdk/2.1.0/lib/tinyusb/src/device/usbd.c.obj
 .bss._usbd_mutex
                0x20000d28        0x4 CMakeFiles/blink.dir/C_/Users/pete/.pico-sdk/sdk/2.1.0/lib/tinyusb/src/device/usbd.c.obj
 .bss._usbd_q   0x20000d2c        0x4 CMakeFiles/blink.dir/C_/Users/pete/.pico-sdk/sdk/2.1.0/lib/tinyusb/src/device/usbd.c.obj
 .bss._vendord_itf
                0x20000d30      0x14c CMakeFiles/blink.dir/C_/Users/pete/.pico-sdk/sdk/2.1.0/lib/tinyusb/src/class/vendor/vendor_device.c.obj
 .bss.burn_state
                0x20000e7c        0x4 CMakeFiles/blink.dir/blink.c.obj
                0x20000e7c                burn_state
 .bss.chars_available_callback
                0x20000e80        0x4 CMakeFiles/blink.dir/C_/Users/pete/.pico-sdk/sdk/2.1.0/src/rp2_common/pico_stdio_uart/stdio_uart.c.obj
 .bss.chars_available_param
                0x20000e84        0x4 CMakeFiles/blink.dir/C_/Users/pete/.pico-sdk/sdk/2.1.0/src/rp2_common/pico_stdio_uart/stdio_uart.c.obj
 .bss.claimed   0x20000e88        0x2 CMakeFiles/blink.dir/C_/Users/pete/.pico-sdk/sdk/2.1.0/src/rp2_common/hardware_timer/timer.c.obj
 *fill*         0x20000e8a        0x2 
 .bss.command_buffer
                0x20000e8c       0x3c CMakeFiles/blink.dir/blink.c.obj
                0x20000e8c                command_buffer
 .bss.configured_freq
                0x20000ec8       0x28 CMakeFiles/blink.dir/C_/Users/pete/.pico-sdk/sdk/2.1.0/src/rp2_common/hardware_clocks/clocks.c.obj
 .bss.drivers   0x20000ef0        0x4 CMakeFiles/blink.dir/C_/Users/pete/.pico-sdk/sdk/2.1.0/src/rp2_common/pico_stdio/stdio.c.obj
 .bss.e15_last_sof
                0x20000ef4        0x4 CMakeFiles/blink.dir/C_/Users/pete/.pico-sdk/sdk/2.1.0/lib/tinyusb/src/portable/raspberrypi/rp2040/rp2040_usb.c.obj
                0x20000ef4                e15_last_sof
 .bss.filter    0x20000ef8        0x4 CMakeFiles/blink.dir/C_/Users/pete/.pico-sdk/sdk/2.1.0/src/rp2_common/pico_stdio/stdio.c.obj
 .bss.hw_endpoints
                0x20000efc      0x400 CMakeFiles/blink.dir/C_/Users/pete/.pico-sdk/sdk/2.1.0/lib/tinyusb/src/portable/raspberrypi/rp2040/dcd_rp2040.c.obj
 .bss.lazy_vsnprintf
                0x200012fc        0x4 CMakeFiles/blink.dir/C_/Users/pete/.pico-sdk/sdk/2.1.0/src/rp2_common/pico_printf/printf.c.obj
 .bss.next_buffer_ptr
                0x20001300        0x4 CMakeFiles/blink.dir/C_/Users/pete/.pico-sdk/sdk/2.1.0/lib/tinyusb/src/portable/raspberrypi/rp2040/dcd_rp2040.c.obj
 .bss.object.0  0x20001304       0x18 C:/Users/pete/.pico-sdk/toolchain/13_3_Rel1/bin/../lib/gcc/arm-none-eabi/13.3.1/thumb/v8-m.main+fp/softfp/crtbegin.o
 .bss.p         0x2000131c        0x4 CMakeFiles/blink.dir/blink.c.obj
                0x2000131c                p
 .bss.pools     0x20001320       0x20 CMakeFiles/blink.dir/C_/Users/pete/.pico-sdk/sdk/2.1.0/src/common/pico_time/time.c.obj
 .bss.power_histogram
                0x20001340       0x50 CMakeFiles/blink.dir/blink.c.obj
                0x20001340                power_histogram
 .bss.radio_initialized
                0x20001390        0x4 CMakeFiles/blink.dir/blink.c.obj
                0x20001390                radio_initialized
 .bss.response_buffer
                0x20001394       0x3c CMakeFiles/blink.dir/blink.c.obj
                0x20001394                response_buffer
 .bss.retrieved_id
                0x200013d0        0x8 CMakeFiles/blink.dir/C_/Users/pete/.pico-sdk/sdk/2.1.0/src/rp2_common/pico_unique_id/unique_id.c.obj
 .bss.sleep_notifier
                0x200013d8        0x4 CMakeFiles/blink.dir/C_/Users/pete/.pico-sdk/sdk/2.1.0/src/common/pico_time/time.c.obj
 .bss.stdio_usb_mutex
                0x200013dc        0x8 CMakeFiles/blink.dir/C_/Users/pete/.pico-sdk/sdk/2.1.0/src/rp2_common/pico_stdio_usb/stdio_usb.c.obj
 .bss.uart_char_to_line_feed
                0x200013e4        0x4 CMakeFiles/blink.dir/C_/Users/pete/.pico-sdk/sdk/2.1.0/src/rp2_common/hardware_uart/uart.c.obj
                0x200013e4                uart_char_to_line_feed
 .bss.uart_instance
                0x200013e8        0x4 CMakeFiles/blink.dir/C_/Users/pete/.pico-sdk/sdk/2.1.0/src/rp2_common/pico_stdio_uart/stdio_uart.c.obj
 .bss._app_driver_count
                0x200013ec        0x1 CMakeFiles/blink.dir/C_/Users/pete/.pico-sdk/sdk/2.1.0/lib/tinyusb/src/device/usbd.c.obj
 .bss._sof_enable
                0x200013ed        0x1 CMakeFiles/blink.dir/C_/Users/pete/.pico-sdk/sdk/2.1.0/lib/tinyusb/src/portable/raspberrypi/rp2040/dcd_rp2040.c.obj
 .bss._usbd_queued_setup
                0x200013ee        0x1 CMakeFiles/blink.dir/C_/Users/pete/.pico-sdk/sdk/2.1.0/lib/tinyusb/src/device/usbd.c.obj
 .bss.irq_handler_chain_free_slot_head
                0x200013ef        0x1 CMakeFiles/blink.dir/C_/Users/pete/.pico-sdk/sdk/2.1.0/src/rp2_common/hardware_irq/irq.c.obj
 *(COMMON)
                [!provide]                        PROVIDE (__global_pointer$ = (. + 0x800))
 *(.sbss*)
                0x200013f0                        . = ALIGN (0x4)
                0x200013f0                        __bss_end__ = .

.heap           0x200013f0      0x800 load address 0x10007030
                0x200013f0                        __end__ = .
                0x200013f0                        end = __end__
 *(.heap*)
 .heap          0x200013f0      0x800 CMakeFiles/blink.dir/C_/Users/pete/.pico-sdk/sdk/2.1.0/src/rp2_common/pico_crt0/crt0.S.obj
                0x20080000                        __HeapLimit = (ORIGIN (RAM) + LENGTH (RAM))

.scratch_x      0x20080000        0x0 load address 0x10007030
                0x20080000                        __scratch_x_start__ = .
 *(.scratch_x.*)
                0x20080000                        . = ALIGN (0x4)
                0x20080000                        __scratch_x_end__ = .
                0x10007030                        __scratch_x_source__ = LOADADDR (.scratch_x)

.scratch_y      0x20081000        0x0 load address 0x10007030
                0x20081000                        __scratch_y_start__ = .
 *(.scratch_y.*)
                0x20081000                        . = ALIGN (0x4)
                0x20081000                        __scratch_y_end__ = .
                0x10007030                        __scratch_y_source__ = LOADADDR (.scratch_y)

.stack1_dummy
 *(.stack1*)

.stack_dummy    0x20081000      0x800
 *(.stack*)
 .stack         0x20081000      0x800 CMakeFiles/blink.dir/C_/Users/pete/.pico-sdk/sdk/2.1.0/src/rp2_common/pico_crt0/crt0.S.obj

.flash_end      0x10007030       0x14
 *(.embedded_end_block*)
 .embedded_end_block
                0x10007030       0x14 CMakeFiles/blink.dir/C_/Users/pete/.pico-sdk/sdk/2.1.0/src/rp2_common/pico_crt0/crt0.S.obj
                0x10007044                        PROVIDE (__flash_binary_end = .)
                0x20080000                        __StackLimit = (ORIGIN (RAM) + LENGTH (RAM))
                0x20081000                        __StackOneTop = (ORIGIN (SCRATCH_X) + LENGTH (SCRATCH_X))
                0x20082000                        __StackTop = (ORIGIN (SCRATCH_Y) + LENGTH (SCRATCH_Y))
                0x20081000                        __StackOneBottom = (__StackOneTop - SIZEOF (.stack1_dummy))
                0x20081800                        __StackBottom = (__StackTop - SIZEOF (.stack_dummy))
                0x20082000                        PROVIDE (__stack = __StackTop)
                [!provide]                        PROVIDE (__heap_start = __end__)
                [!provide]                        PROVIDE (__heap_end = __HeapLimit)
                [!provide]                        PROVIDE (__tls_align = MAX (ALIGNOF (.tdata), ALIGNOF (.tbss)))
                [!provide]                        PROVIDE (__tls_size_align = (((__tls_size + __tls_align) - 0x1) & ~ ((__tls_align - 0x1))))
                [!provide]                        PROVIDE (__arm32_tls_tcb_offset = MAX (0x8, __tls_align))
                [!provide]                        PROVIDE (_end = __end__)
                [!provide]                        PROVIDE (__llvm_libc_heap_limit = __HeapLimit)
                0x00000001                        ASSERT ((__StackLimit >= __HeapLimit), region RAM overflowed)
                0x00000001                        ASSERT (((__binary_info_header_end - __logical_binary_start) <= 0x400), Binary info must be in first 1024 bytes of the binary)
                0x00000001                        ASSERT (((__embedded_block_end - __logical_binary_start) <= 0x1000), Embedded block must be in first 4096 bytes of the binary)
LOAD CMakeFiles/blink.dir/blink.c.obj
LOAD CMakeFiles/blink.dir/src/rfm96.c.obj
LOAD CMakeFiles/blink.dir/C_/Users/pete/.pico-sdk/sdk/2.1.0/src/rp2_common/pico_stdlib/stdlib.c.obj
LOAD CMakeFiles/blink.dir/C_/Users/pete/.pico-sdk/sdk/2.1.0/src/rp2_common/hardware_gpio/gpio.c.obj
LOAD CMakeFiles/blink.dir/C_/Users/pete/.pico-sdk/sdk/2.1.0/src/rp2350/pico_platform/platform.c.obj
LOAD CMakeFiles/blink.dir/C_/Users/pete/.pico-sdk/sdk/2.1.0/src/rp2_common/pico_platform_panic/panic.c.obj
LOAD CMakeFiles/blink.dir/C_/Users/pete/.pico-sdk/sdk/2.1.0/src/common/hardware_claim/claim.c.obj
LOAD CMakeFiles/blink.dir/C_/Users/pete/.pico-sdk/sdk/2.1.0/src/rp2_common/hardware_sync/sync.c.obj
LOAD CMakeFiles/blink.dir/C_/Users/pete/.pico-sdk/sdk/2.1.0/src/rp2_common/hardware_sync_spin_lock/sync_spin_lock.c.obj
LOAD CMakeFiles/blink.dir/C_/Users/pete/.pico-sdk/sdk/2.1.0/src/rp2_common/hardware_irq/irq.c.obj
LOAD CMakeFiles/blink.dir/C_/Users/pete/.pico-sdk/sdk/2.1.0/src/rp2_common/hardware_irq/irq_handler_chain.S.obj
LOAD CMakeFiles/blink.dir/C_/Users/pete/.pico-sdk/sdk/2.1.0/src/common/pico_sync/sem.c.obj
LOAD CMakeFiles/blink.dir/C_/Users/pete/.pico-sdk/sdk/2.1.0/src/common/pico_sync/lock_core.c.obj
LOAD CMakeFiles/blink.dir/C_/Users/pete/.pico-sdk/sdk/2.1.0/src/common/pico_sync/mutex.c.obj
LOAD CMakeFiles/blink.dir/C_/Users/pete/.pico-sdk/sdk/2.1.0/src/common/pico_sync/critical_section.c.obj
LOAD CMakeFiles/blink.dir/C_/Users/pete/.pico-sdk/sdk/2.1.0/src/common/pico_time/time.c.obj
LOAD CMakeFiles/blink.dir/C_/Users/pete/.pico-sdk/sdk/2.1.0/src/common/pico_time/timeout_helper.c.obj
LOAD CMakeFiles/blink.dir/C_/Users/pete/.pico-sdk/sdk/2.1.0/src/rp2_common/hardware_timer/timer.c.obj
LOAD CMakeFiles/blink.dir/C_/Users/pete/.pico-sdk/sdk/2.1.0/src/common/pico_util/datetime.c.obj
LOAD CMakeFiles/blink.dir/C_/Users/pete/.pico-sdk/sdk/2.1.0/src/common/pico_util/pheap.c.obj
LOAD CMakeFiles/blink.dir/C_/Users/pete/.pico-sdk/sdk/2.1.0/src/common/pico_util/queue.c.obj
LOAD CMakeFiles/blink.dir/C_/Users/pete/.pico-sdk/sdk/2.1.0/src/rp2_common/hardware_uart/uart.c.obj
LOAD CMakeFiles/blink.dir/C_/Users/pete/.pico-sdk/sdk/2.1.0/src/rp2_common/hardware_clocks/clocks.c.obj
LOAD CMakeFiles/blink.dir/C_/Users/pete/.pico-sdk/sdk/2.1.0/src/rp2_common/hardware_pll/pll.c.obj
LOAD CMakeFiles/blink.dir/C_/Users/pete/.pico-sdk/sdk/2.1.0/src/rp2_common/hardware_vreg/vreg.c.obj
LOAD CMakeFiles/blink.dir/C_/Users/pete/.pico-sdk/sdk/2.1.0/src/rp2_common/hardware_watchdog/watchdog.c.obj
LOAD CMakeFiles/blink.dir/C_/Users/pete/.pico-sdk/sdk/2.1.0/src/rp2_common/hardware_ticks/ticks.c.obj
LOAD CMakeFiles/blink.dir/C_/Users/pete/.pico-sdk/sdk/2.1.0/src/rp2_common/pico_bootrom/bootrom.c.obj
LOAD CMakeFiles/blink.dir/C_/Users/pete/.pico-sdk/sdk/2.1.0/src/rp2_common/pico_bootrom/bootrom_lock.c.obj
LOAD CMakeFiles/blink.dir/C_/Users/pete/.pico-sdk/sdk/2.1.0/src/rp2_common/hardware_boot_lock/boot_lock.c.obj
LOAD CMakeFiles/blink.dir/C_/Users/pete/.pico-sdk/sdk/2.1.0/src/rp2_common/pico_flash/flash.c.obj
LOAD CMakeFiles/blink.dir/C_/Users/pete/.pico-sdk/sdk/2.1.0/src/rp2_common/hardware_xosc/xosc.c.obj
LOAD CMakeFiles/blink.dir/C_/Users/pete/.pico-sdk/sdk/2.1.0/src/rp2_common/hardware_divider/divider.c.obj
LOAD CMakeFiles/blink.dir/C_/Users/pete/.pico-sdk/sdk/2.1.0/src/rp2_common/pico_runtime/runtime.c.obj
LOAD CMakeFiles/blink.dir/C_/Users/pete/.pico-sdk/sdk/2.1.0/src/rp2_common/pico_runtime_init/runtime_init.c.obj
LOAD CMakeFiles/blink.dir/C_/Users/pete/.pico-sdk/sdk/2.1.0/src/rp2_common/pico_runtime_init/runtime_init_clocks.c.obj
LOAD CMakeFiles/blink.dir/C_/Users/pete/.pico-sdk/sdk/2.1.0/src/rp2_common/pico_runtime_init/runtime_init_stack_guard.c.obj
LOAD CMakeFiles/blink.dir/C_/Users/pete/.pico-sdk/sdk/2.1.0/src/rp2_common/pico_bit_ops/bit_ops_aeabi.S.obj
LOAD CMakeFiles/blink.dir/C_/Users/pete/.pico-sdk/sdk/2.1.0/src/rp2_common/pico_divider/divider_compiler.c.obj
LOAD CMakeFiles/blink.dir/C_/Users/pete/.pico-sdk/sdk/2.1.0/src/rp2_common/pico_double/double_math.c.obj
LOAD CMakeFiles/blink.dir/C_/Users/pete/.pico-sdk/sdk/2.1.0/src/rp2_common/pico_double/double_aeabi_dcp.S.obj
LOAD CMakeFiles/blink.dir/C_/Users/pete/.pico-sdk/sdk/2.1.0/src/rp2_common/pico_double/double_fma_dcp.S.obj
LOAD CMakeFiles/blink.dir/C_/Users/pete/.pico-sdk/sdk/2.1.0/src/rp2_common/pico_double/double_sci_m33.S.obj
LOAD CMakeFiles/blink.dir/C_/Users/pete/.pico-sdk/sdk/2.1.0/src/rp2_common/pico_double/double_conv_m33.S.obj
LOAD CMakeFiles/blink.dir/C_/Users/pete/.pico-sdk/sdk/2.1.0/src/rp2_common/pico_float/float_math.c.obj
LOAD CMakeFiles/blink.dir/C_/Users/pete/.pico-sdk/sdk/2.1.0/src/rp2_common/pico_float/float_sci_m33_vfp.S.obj
LOAD CMakeFiles/blink.dir/C_/Users/pete/.pico-sdk/sdk/2.1.0/src/rp2_common/pico_float/float_conv_m33.S.obj
LOAD CMakeFiles/blink.dir/C_/Users/pete/.pico-sdk/sdk/2.1.0/src/rp2_common/pico_malloc/malloc.c.obj
LOAD CMakeFiles/blink.dir/C_/Users/pete/.pico-sdk/sdk/2.1.0/src/rp2_common/pico_atomic/atomic.c.obj
LOAD CMakeFiles/blink.dir/C_/Users/pete/.pico-sdk/sdk/2.1.0/src/rp2_common/pico_cxx_options/new_delete.cpp.obj
LOAD CMakeFiles/blink.dir/C_/Users/pete/.pico-sdk/sdk/2.1.0/src/rp2_common/pico_standard_binary_info/standard_binary_info.c.obj
LOAD CMakeFiles/blink.dir/C_/Users/pete/.pico-sdk/sdk/2.1.0/src/rp2_common/pico_printf/printf.c.obj
LOAD CMakeFiles/blink.dir/C_/Users/pete/.pico-sdk/sdk/2.1.0/src/rp2_common/pico_crt0/crt0.S.obj
LOAD CMakeFiles/blink.dir/C_/Users/pete/.pico-sdk/sdk/2.1.0/src/rp2_common/pico_clib_interface/newlib_interface.c.obj
LOAD CMakeFiles/blink.dir/C_/Users/pete/.pico-sdk/sdk/2.1.0/src/rp2_common/pico_stdio/stdio.c.obj
LOAD CMakeFiles/blink.dir/C_/Users/pete/.pico-sdk/sdk/2.1.0/src/rp2_common/pico_stdio_uart/stdio_uart.c.obj
LOAD CMakeFiles/blink.dir/C_/Users/pete/.pico-sdk/sdk/2.1.0/src/rp2_common/pico_stdio_usb/reset_interface.c.obj
LOAD CMakeFiles/blink.dir/C_/Users/pete/.pico-sdk/sdk/2.1.0/src/rp2_common/pico_stdio_usb/stdio_usb.c.obj
LOAD CMakeFiles/blink.dir/C_/Users/pete/.pico-sdk/sdk/2.1.0/src/rp2_common/pico_stdio_usb/stdio_usb_descriptors.c.obj
LOAD CMakeFiles/blink.dir/C_/Users/pete/.pico-sdk/sdk/2.1.0/src/rp2_common/pico_unique_id/unique_id.c.obj
LOAD CMakeFiles/blink.dir/C_/Users/pete/.pico-sdk/sdk/2.1.0/src/rp2_common/hardware_flash/flash.c.obj
LOAD CMakeFiles/blink.dir/C_/Users/pete/.pico-sdk/sdk/2.1.0/src/rp2_common/hardware_xip_cache/xip_cache.c.obj
LOAD CMakeFiles/blink.dir/C_/Users/pete/.pico-sdk/sdk/2.1.0/lib/tinyusb/src/portable/raspberrypi/rp2040/dcd_rp2040.c.obj
LOAD CMakeFiles/blink.dir/C_/Users/pete/.pico-sdk/sdk/2.1.0/lib/tinyusb/src/portable/raspberrypi/rp2040/rp2040_usb.c.obj
LOAD CMakeFiles/blink.dir/C_/Users/pete/.pico-sdk/sdk/2.1.0/lib/tinyusb/src/device/usbd.c.obj
LOAD CMakeFiles/blink.dir/C_/Users/pete/.pico-sdk/sdk/2.1.0/lib/tinyusb/src/device/usbd_control.c.obj
LOAD CMakeFiles/blink.dir/C_/Users/pete/.pico-sdk/sdk/2.1.0/lib/tinyusb/src/class/audio/audio_device.c.obj
LOAD CMakeFiles/blink.dir/C_/Users/pete/.pico-sdk/sdk/2.1.0/lib/tinyusb/src/class/cdc/cdc_device.c.obj
LOAD CMakeFiles/blink.dir/C_/Users/pete/.pico-sdk/sdk/2.1.0/lib/tinyusb/src/class/dfu/dfu_device.c.obj
LOAD CMakeFiles/blink.dir/C_/Users/pete/.pico-sdk/sdk/2.1.0/lib/tinyusb/src/class/dfu/dfu_rt_device.c.obj
LOAD CMakeFiles/blink.dir/C_/Users/pete/.pico-sdk/sdk/2.1.0/lib/tinyusb/src/class/hid/hid_device.c.obj
LOAD CMakeFiles/blink.dir/C_/Users/pete/.pico-sdk/sdk/2.1.0/lib/tinyusb/src/class/midi/midi_device.c.obj
LOAD CMakeFiles/blink.dir/C_/Users/pete/.pico-sdk/sdk/2.1.0/lib/tinyusb/src/class/msc/msc_device.c.obj
LOAD CMakeFiles/blink.dir/C_/Users/pete/.pico-sdk/sdk/2.1.0/lib/tinyusb/src/class/net/ecm_rndis_device.c.obj
LOAD CMakeFiles/blink.dir/C_/Users/pete/.pico-sdk/sdk/2.1.0/lib/tinyusb/src/class/net/ncm_device.c.obj
LOAD CMakeFiles/blink.dir/C_/Users/pete/.pico-sdk/sdk/2.1.0/lib/tinyusb/src/class/usbtmc/usbtmc_device.c.obj
LOAD CMakeFiles/blink.dir/C_/Users/pete/.pico-sdk/sdk/2.1.0/lib/tinyusb/src/class/vendor/vendor_device.c.obj
LOAD CMakeFiles/blink.dir/C_/Users/pete/.pico-sdk/sdk/2.1.0/lib/tinyusb/src/class/video/video_device.c.obj
LOAD CMakeFiles/blink.dir/C_/Users/pete/.pico-sdk/sdk/2.1.0/lib/tinyusb/src/tusb.c.obj
LOAD CMakeFiles/blink.dir/C_/Users/pete/.pico-sdk/sdk/2.1.0/lib/tinyusb/src/common/tusb_fifo.c.obj
LOAD CMakeFiles/blink.dir/C_/Users/pete/.pico-sdk/sdk/2.1.0/src/rp2_common/pico_fix/rp2040_usb_device_enumeration/rp2040_usb_device_enumeration.c.obj
LOAD CMakeFiles/blink.dir/C_/Users/pete/.pico-sdk/sdk/2.1.0/src/rp2_common/hardware_i2c/i2c.c.obj
LOAD CMakeFiles/blink.dir/C_/Users/pete/.pico-sdk/sdk/2.1.0/src/rp2_common/hardware_spi/spi.c.obj
LOAD CMakeFiles/blink.dir/C_/Users/pete/.pico-sdk/sdk/2.1.0/lib/tinyusb/hw/bsp/rp2040/family.c.obj
LOAD pico-sdk/src/rp2350/boot_stage2/CMakeFiles/bs2_default_library.dir/./bs2_default_padded_checksummed.S.obj
LOAD C:/Users/pete/.pico-sdk/toolchain/13_3_Rel1/bin/../lib/gcc/arm-none-eabi/13.3.1/thumb/v8-m.main+fp/softfp\libstdc++.a
LOAD C:/Users/pete/.pico-sdk/toolchain/13_3_Rel1/bin/../lib/gcc/arm-none-eabi/13.3.1/thumb/v8-m.main+fp/softfp\libm.a
START GROUP
LOAD C:/Users/pete/.pico-sdk/toolchain/13_3_Rel1/bin/../lib/gcc/arm-none-eabi/13.3.1/thumb/v8-m.main+fp/softfp\libgcc.a
LOAD C:/Users/pete/.pico-sdk/toolchain/13_3_Rel1/bin/../lib/gcc/arm-none-eabi/13.3.1/thumb/v8-m.main+fp/softfp\libg.a
LOAD C:/Users/pete/.pico-sdk/toolchain/13_3_Rel1/bin/../lib/gcc/arm-none-eabi/13.3.1/thumb/v8-m.main+fp/softfp\libc.a
END GROUP
START GROUP
LOAD C:/Users/pete/.pico-sdk/toolchain/13_3_Rel1/bin/../lib/gcc/arm-none-eabi/13.3.1/thumb/v8-m.main+fp/softfp\libgcc.a
LOAD C:/Users/pete/.pico-sdk/toolchain/13_3_Rel1/bin/../lib/gcc/arm-none-eabi/13.3.1/thumb/v8-m.main+fp/softfp\libc.a
LOAD C:/Users/pete/.pico-sdk/toolchain/13_3_Rel1/bin/../lib/gcc/arm-none-eabi/13.3.1/thumb/v8-m.main+fp/softfp\libnosys.a
END GROUP
LOAD C:/Users/pete/.pico-sdk/toolchain/13_3_Rel1/bin/../lib/gcc/arm-none-eabi/13.3.1/thumb/v8-m.main+fp/softfp/crtend.o
LOAD C:/Users/pete/.pico-sdk/toolchain/13_3_Rel1/bin/../lib/gcc/arm-none-eabi/13.3.1/thumb/v8-m.main+fp/softfp/crtn.o
OUTPUT(blink.elf elf32-littlearm)
LOAD linker stubs

.rel.dyn        0x10007044        0x0
 .rel.iplt      0x10007044        0x0 C:/Users/pete/.pico-sdk/toolchain/13_3_Rel1/bin/../lib/gcc/arm-none-eabi/13.3.1/thumb/v8-m.main+fp/softfp/crtbegin.o

.ARM.attributes
                0x00000000       0x34
 .ARM.attributes
                0x00000000       0x26 C:/Users/pete/.pico-sdk/toolchain/13_3_Rel1/bin/../lib/gcc/arm-none-eabi/13.3.1/thumb/v8-m.main+fp/softfp/crti.o
 .ARM.attributes
                0x00000026       0x36 C:/Users/pete/.pico-sdk/toolchain/13_3_Rel1/bin/../lib/gcc/arm-none-eabi/13.3.1/thumb/v8-m.main+fp/softfp/crtbegin.o
 .ARM.attributes
                0x0000005c       0x38 CMakeFiles/blink.dir/blink.c.obj
 .ARM.attributes
                0x00000094       0x38 CMakeFiles/blink.dir/src/rfm96.c.obj
 .ARM.attributes
                0x000000cc       0x38 CMakeFiles/blink.dir/C_/Users/pete/.pico-sdk/sdk/2.1.0/src/rp2_common/hardware_gpio/gpio.c.obj
 .ARM.attributes
                0x00000104       0x38 CMakeFiles/blink.dir/C_/Users/pete/.pico-sdk/sdk/2.1.0/src/rp2_common/pico_platform_panic/panic.c.obj
 .ARM.attributes
                0x0000013c       0x38 CMakeFiles/blink.dir/C_/Users/pete/.pico-sdk/sdk/2.1.0/src/common/hardware_claim/claim.c.obj
 .ARM.attributes
                0x00000174       0x38 CMakeFiles/blink.dir/C_/Users/pete/.pico-sdk/sdk/2.1.0/src/rp2_common/hardware_sync/sync.c.obj
 .ARM.attributes
                0x000001ac       0x38 CMakeFiles/blink.dir/C_/Users/pete/.pico-sdk/sdk/2.1.0/src/rp2_common/hardware_sync_spin_lock/sync_spin_lock.c.obj
 .ARM.attributes
                0x000001e4       0x38 CMakeFiles/blink.dir/C_/Users/pete/.pico-sdk/sdk/2.1.0/src/rp2_common/hardware_irq/irq.c.obj
 .ARM.attributes
                0x0000021c       0x28 CMakeFiles/blink.dir/C_/Users/pete/.pico-sdk/sdk/2.1.0/src/rp2_common/hardware_irq/irq_handler_chain.S.obj
 .ARM.attributes
                0x00000244       0x38 CMakeFiles/blink.dir/C_/Users/pete/.pico-sdk/sdk/2.1.0/src/common/pico_sync/lock_core.c.obj
 .ARM.attributes
                0x0000027c       0x38 CMakeFiles/blink.dir/C_/Users/pete/.pico-sdk/sdk/2.1.0/src/common/pico_sync/mutex.c.obj
 .ARM.attributes
                0x000002b4       0x38 CMakeFiles/blink.dir/C_/Users/pete/.pico-sdk/sdk/2.1.0/src/common/pico_time/time.c.obj
 .ARM.attributes
                0x000002ec       0x38 CMakeFiles/blink.dir/C_/Users/pete/.pico-sdk/sdk/2.1.0/src/common/pico_time/timeout_helper.c.obj
 .ARM.attributes
                0x00000324       0x38 CMakeFiles/blink.dir/C_/Users/pete/.pico-sdk/sdk/2.1.0/src/rp2_common/hardware_timer/timer.c.obj
 .ARM.attributes
                0x0000035c       0x38 CMakeFiles/blink.dir/C_/Users/pete/.pico-sdk/sdk/2.1.0/src/rp2_common/hardware_uart/uart.c.obj
 .ARM.attributes
                0x00000394       0x38 CMakeFiles/blink.dir/C_/Users/pete/.pico-sdk/sdk/2.1.0/src/rp2_common/hardware_clocks/clocks.c.obj
 .ARM.attributes
                0x000003cc       0x38 CMakeFiles/blink.dir/C_/Users/pete/.pico-sdk/sdk/2.1.0/src/rp2_common/hardware_pll/pll.c.obj
 .ARM.attributes
                0x00000404       0x38 CMakeFiles/blink.dir/C_/Users/pete/.pico-sdk/sdk/2.1.0/src/rp2_common/hardware_ticks/ticks.c.obj
 .ARM.attributes
                0x0000043c       0x38 CMakeFiles/blink.dir/C_/Users/pete/.pico-sdk/sdk/2.1.0/src/rp2_common/pico_bootrom/bootrom.c.obj
 .ARM.attributes
                0x00000474       0x38 CMakeFiles/blink.dir/C_/Users/pete/.pico-sdk/sdk/2.1.0/src/rp2_common/pico_bootrom/bootrom_lock.c.obj
 .ARM.attributes
                0x000004ac       0x38 CMakeFiles/blink.dir/C_/Users/pete/.pico-sdk/sdk/2.1.0/src/rp2_common/hardware_boot_lock/boot_lock.c.obj
 .ARM.attributes
                0x000004e4       0x38 CMakeFiles/blink.dir/C_/Users/pete/.pico-sdk/sdk/2.1.0/src/rp2_common/hardware_xosc/xosc.c.obj
 .ARM.attributes
                0x0000051c       0x38 CMakeFiles/blink.dir/C_/Users/pete/.pico-sdk/sdk/2.1.0/src/rp2_common/pico_runtime/runtime.c.obj
 .ARM.attributes
                0x00000554       0x38 CMakeFiles/blink.dir/C_/Users/pete/.pico-sdk/sdk/2.1.0/src/rp2_common/pico_runtime_init/runtime_init.c.obj
 .ARM.attributes
                0x0000058c       0x38 CMakeFiles/blink.dir/C_/Users/pete/.pico-sdk/sdk/2.1.0/src/rp2_common/pico_runtime_init/runtime_init_clocks.c.obj
 .ARM.attributes
                0x000005c4       0x28 CMakeFiles/blink.dir/C_/Users/pete/.pico-sdk/sdk/2.1.0/src/rp2_common/pico_double/double_aeabi_dcp.S.obj
 .ARM.attributes
                0x000005ec       0x38 CMakeFiles/blink.dir/C_/Users/pete/.pico-sdk/sdk/2.1.0/src/rp2_common/pico_standard_binary_info/standard_binary_info.c.obj
 .ARM.attributes
                0x00000624       0x38 CMakeFiles/blink.dir/C_/Users/pete/.pico-sdk/sdk/2.1.0/src/rp2_common/pico_printf/printf.c.obj
 .ARM.attributes
                0x0000065c       0x28 CMakeFiles/blink.dir/C_/Users/pete/.pico-sdk/sdk/2.1.0/src/rp2_common/pico_crt0/crt0.S.obj
 .ARM.attributes
                0x00000684       0x38 CMakeFiles/blink.dir/C_/Users/pete/.pico-sdk/sdk/2.1.0/src/rp2_common/pico_clib_interface/newlib_interface.c.obj
 .ARM.attributes
                0x000006bc       0x38 CMakeFiles/blink.dir/C_/Users/pete/.pico-sdk/sdk/2.1.0/src/rp2_common/pico_stdio/stdio.c.obj
 .ARM.attributes
                0x000006f4       0x38 CMakeFiles/blink.dir/C_/Users/pete/.pico-sdk/sdk/2.1.0/src/rp2_common/pico_stdio_uart/stdio_uart.c.obj
 .ARM.attributes